E/Sensors ( 2441): Pressure old sensor_state 0, new sensor_state : 8 en : 1
D/SensorManager( 2797): registerListener :: 4, BMP182 Barometer Sensor, 0, 0,  
I/SensorManagerA( 2797): getReportingMode :: sensor.mType = 1
E/Sensors ( 2441): Acc old sensor_state 8, new sensor_state : 9 en : 1
D/SensorManager( 2797): registerListener :: 0, LSM330DLC Acceleration Sensor, 20000, 0,  
I/EventLogChimeraService( 4794): Aggregate from 1495740630170 (log), 1495740630170 (data)
E/Sensors ( 2441): Pressure old sensor_state 9, new sensor_state : 1 en : 0
D/SensorManager( 2797): unregisterListener ::   
E/Sensors ( 2441): Acc old sensor_state 1, new sensor_state : 0 en : 0
D/SensorManager( 2797): unregisterListener ::   
D/KeyguardUpdateMonitor( 2660): received broadcast android.intent.action.BATTERY_CHANGED
D/KeyguardUpdateMonitor( 2660): handleBatteryUpdate
D/KeyguardUpdateMonitor( 2660): received broadcast android.intent.action.TIME_TICK
D/KeyguardUpdateMonitor( 2660): handleTimeUpdate
I/SensorManagerA( 2797): getReportingMode :: sensor.mType = 6
E/Sensors ( 2441): Pressure old sensor_state 0, new sensor_state : 8 en : 1
D/KeyguardUpdateMonitor( 2660): received broadcast android.intent.action.TIME_TICK
D/KeyguardUpdateMonitor( 2660): handleTimeUpdate
D/SensorManager( 2797): registerListener :: 4, BMP182 Barometer Sensor, 0, 0,  
I/wpa_supplicant( 4038): wlan0: Setting scan request: 0 sec 0 usec
I/wpa_supplicant( 4038): Scan requested (ret=0) - scan timeout 30 seconds
E/Sensors ( 2441): Pressure old sensor_state 8, new sensor_state : 0 en : 0
D/SensorManager( 2797): unregisterListener ::   
W/PlatformStatsUtil( 4794): Could not retrieve Usage & Diagnostics setting. Giving up.
I/wpa_supplicant( 4038): nl80211: Received scan results (10 BSSes)
I/wpa_supplicant( 4038): wlan0: Setting scan request: 8 sec 0 usec
I/wpa_supplicant( 4038): wlan0: CTRL-EVENT-NO-CONNECTION
I/wpa_supplicant( 4038): wlan0: Setting scan request: 8 sec 0 usec
D/Tethering( 2441): interfaceLinkStateChanged wlan0, true
D/Tethering( 2441): interfaceStatusChanged wlan0, true
E/WifiStateMachine( 2441): Error! unhandled message{ when=-3ms what=135188 target=com.android.internal.util.StateMachine$SmHandler }
D/dalvikvm( 2441): GC_EXPLICIT freed 2009K, 37% free 34513K/54192K, paused 11ms+18ms, total 300ms
I/GCoreUlr( 2797): Successfully inserted 1 locations
D/dalvikvm( 2901): GC_CONCURRENT freed 749K, 25% free 10307K/13608K, paused 5ms+6ms, total 63ms
I/GoogleURLConnFactory( 2797): Using platform SSLCertificateSocketFactory
I/GoogleURLConnFactory( 2797): Using platform SSLCertificateSocketFactory
D/LocationManagerService( 2441): getLastLocation: Request[POWER_NONE passive fastest=0 num=1]
D/LocationManagerService( 2441): getLastLocation: Request[POWER_NONE passive fastest=0 num=1]
D/LocationManagerService( 2441): getLastLocation: Request[POWER_NONE passive fastest=0 num=1]
D/WifiController( 2441): SET_AP_BOOSTER_FLAG ignored due to state change
I/BootupListener( 2826): mPendingNetworkManualSelection : false
E/NetworkNotificationUI( 2826): onDataConnectionStateChanged-S:2
D/NetworkNotificationUI( 2826): mDataState = 2 mPrevDataState = 2
D/NetworkNotificationUI( 2826): mIsWifiConnected = false m3gwarningPopup = false
D/PhoneApp( 2826): mReceiver: ACTION_ANY_DATA_CONNECTION_STATE_CHANGED
D/FileWriteThread( 2826): FileWriteThread : threadType = 2
D/NotificationMgr( 2826): hideDataDisconnectedRoaming()...
D/StatusChecker( 7877): onReceive : android.intent.action.SERVICE_STATE
D/StatusChecker( 7877): Service state changed : 0
D/dalvikvm( 2826): GC_CONCURRENT freed 407K, 21% free 8742K/11056K, paused 9ms+5ms, total 167ms
D/ContextualPageReceiver( 2851): mContextualPageReceiver: ACTION_SERVICE_STATE_CHANGED isRoaming : false
D/LocationManagerService( 2441): getLastLocation: Request[POWER_NONE passive fastest=0 num=1]
D/LocationManagerService( 2441): getLastLocation: Request[POWER_NONE passive fastest=0 num=1]
D/LocationManagerService( 2441): getLastLocation: Request[POWER_NONE passive fastest=0 num=1]
D/LocationManagerService( 2441): getLastLocation: Request[POWER_NONE passive fastest=0 num=1]
I/wpa_supplicant( 4038): Scan requested (ret=0) - scan timeout 30 seconds
D/WifiController( 2441): SET_AP_BOOSTER_FLAG ignored due to state change
I/BootupListener( 2826): mPendingNetworkManualSelection : false
E/NetworkNotificationUI( 2826): onDataConnectionStateChanged-S:2
D/NetworkNotificationUI( 2826): mDataState = 2 mPrevDataState = 2
D/NetworkNotificationUI( 2826): mIsWifiConnected = false m3gwarningPopup = false
D/PhoneApp( 2826): mReceiver: ACTION_ANY_DATA_CONNECTION_STATE_CHANGED
D/FileWriteThread( 2826): FileWriteThread : threadType = 2
D/NotificationMgr( 2826): hideDataDisconnectedRoaming()...
D/ContextualPageReceiver( 2851): mContextualPageReceiver: ACTION_SERVICE_STATE_CHANGED isRoaming : false
D/StatusChecker( 7877): onReceive : android.intent.action.SERVICE_STATE
D/StatusChecker( 7877): Service state changed : 0
I/wpa_supplicant( 4038): nl80211: Received scan results (10 BSSes)
I/wpa_supplicant( 4038): wlan0: Setting scan request: 16 sec 0 usec
I/wpa_supplicant( 4038): wlan0: CTRL-EVENT-NO-CONNECTION
I/wpa_supplicant( 4038): wlan0: Setting scan request: 16 sec 0 usec
D/Tethering( 2441): interfaceLinkStateChanged wlan0, true
D/Tethering( 2441): interfaceStatusChanged wlan0, true
E/WifiStateMachine( 2441): Error! unhandled message{ when=-1ms what=135188 target=com.android.internal.util.StateMachine$SmHandler }
D/KeyguardUpdateMonitor( 2660): received broadcast android.intent.action.BATTERY_CHANGED
D/KeyguardUpdateMonitor( 2660): handleBatteryUpdate
I/PlayCommon( 4156): [1688] com.google.android.play.a.g.e(220): Preparing logs for uploading
I/PlayCommon( 4156): [1688] com.google.android.play.a.g.a(329): Connecting to server: https://play.googleapis.com/play/log?format=raw&proto_v2=true
D/WifiController( 2441): SET_AP_BOOSTER_FLAG ignored due to state change
I/BootupListener( 2826): mPendingNetworkManualSelection : false
E/NetworkNotificationUI( 2826): onDataConnectionStateChanged-S:2
D/NetworkNotificationUI( 2826): mDataState = 2 mPrevDataState = 2
D/NetworkNotificationUI( 2826): mIsWifiConnected = false m3gwarningPopup = false
D/PhoneApp( 2826): mReceiver: ACTION_ANY_DATA_CONNECTION_STATE_CHANGED
D/FileWriteThread( 2826): FileWriteThread : threadType = 2
D/NotificationMgr( 2826): hideDataDisconnectedRoaming()...
D/ContextualPageReceiver( 2851): mContextualPageReceiver: ACTION_SERVICE_STATE_CHANGED isRoaming : false
D/StatusChecker( 7877): onReceive : android.intent.action.SERVICE_STATE
D/StatusChecker( 7877): Service state changed : 0
I/PlayCommon( 4156): [1688] com.google.android.play.a.g.a(386): Successfully uploaded logs.
E/NetworkNotificationUI( 2826): onDataConnectionStateChanged-S:2
D/NetworkNotificationUI( 2826): mDataState = 2 mPrevDataState = 2
D/NetworkNotificationUI( 2826): mIsWifiConnected = false m3gwarningPopup = false
I/BootupListener( 2826): mPendingNetworkManualSelection : false
D/PhoneApp( 2826): mReceiver: ACTION_ANY_DATA_CONNECTION_STATE_CHANGED
D/FileWriteThread( 2826): FileWriteThread : threadType = 2
D/NotificationMgr( 2826): hideDataDisconnectedRoaming()...
D/ContextualPageReceiver( 2851): mContextualPageReceiver: ACTION_SERVICE_STATE_CHANGED isRoaming : false
D/StatusChecker( 7877): onReceive : android.intent.action.SERVICE_STATE
D/StatusChecker( 7877): Service state changed : 0
D/WifiController( 2441): SET_AP_BOOSTER_FLAG ignored due to state change
D/KeyguardUpdateMonitor( 2660): received broadcast android.intent.action.BATTERY_CHANGED
D/KeyguardUpdateMonitor( 2660): handleBatteryUpdate
D/KeyguardUpdateMonitor( 2660): received broadcast android.intent.action.TIME_TICK
D/KeyguardUpdateMonitor( 2660): handleTimeUpdate
D/KeyguardUpdateMonitor( 2660): received broadcast android.intent.action.BATTERY_CHANGED
D/KeyguardUpdateMonitor( 2660): handleBatteryUpdate
I/SensorManagerA( 2797): getReportingMode :: sensor.mType = 6
E/Sensors ( 2441): Pressure old sensor_state 0, new sensor_state : 8 en : 1
D/SensorManager( 2797): registerListener :: 4, BMP182 Barometer Sensor, 0, 0,  
I/SensorManagerA( 2797): getReportingMode :: sensor.mType = 1
E/Sensors ( 2441): Acc old sensor_state 8, new sensor_state : 9 en : 1
D/SensorManager( 2797): registerListener :: 0, LSM330DLC Acceleration Sensor, 20000, 0,  
V/BackupServiceBinder( 2441): doBackup() invoked
V/BackupServiceBinder( 2441): doBackup() invoked
D/BackupHelperDispatcher( 2441): handling existing helper 'wallpaper' android.app.backup.WallpaperBackupHelper@434c32e0
E/Sensors ( 2441): Pressure old sensor_state 9, new sensor_state : 1 en : 0
D/SensorManager( 2797): unregisterListener ::   
E/Sensors ( 2441): Acc old sensor_state 1, new sensor_state : 0 en : 0
D/SensorManager( 2797): unregisterListener ::   
D/WifiController( 2441): SET_AP_BOOSTER_FLAG ignored due to state change
I/BootupListener( 2826): mPendingNetworkManualSelection : false
E/NetworkNotificationUI( 2826): onDataConnectionStateChanged-S:2
D/NetworkNotificationUI( 2826): mDataState = 2 mPrevDataState = 2
D/NetworkNotificationUI( 2826): mIsWifiConnected = false m3gwarningPopup = false
D/PhoneApp( 2826): mReceiver: ACTION_ANY_DATA_CONNECTION_STATE_CHANGED
D/FileWriteThread( 2826): FileWriteThread : threadType = 2
D/NotificationMgr( 2826): hideDataDisconnectedRoaming()...
D/ContextualPageReceiver( 2851): mContextualPageReceiver: ACTION_SERVICE_STATE_CHANGED isRoaming : false
D/StatusChecker( 7877): onReceive : android.intent.action.SERVICE_STATE
D/StatusChecker( 7877): Service state changed : 0
I/wpa_supplicant( 4038): Scan requested (ret=0) - scan timeout 30 seconds
D/WifiController( 2441): SET_AP_BOOSTER_FLAG ignored due to state change
I/wpa_supplicant( 4038): nl80211: Received scan results (10 BSSes)
I/wpa_supplicant( 4038): wlan0: Setting scan request: 32 sec 0 usec
I/wpa_supplicant( 4038): wlan0: CTRL-EVENT-NO-CONNECTION
I/wpa_supplicant( 4038): wlan0: Setting scan request: 32 sec 0 usec
D/Tethering( 2441): interfaceLinkStateChanged wlan0, true
D/Tethering( 2441): interfaceStatusChanged wlan0, true
E/NetworkNotificationUI( 2826): onDataConnectionStateChanged-S:2
D/NetworkNotificationUI( 2826): mDataState = 2 mPrevDataState = 2
D/NetworkNotificationUI( 2826): mIsWifiConnected = false m3gwarningPopup = false
I/BootupListener( 2826): mPendingNetworkManualSelection : false
D/PhoneApp( 2826): mReceiver: ACTION_ANY_DATA_CONNECTION_STATE_CHANGED
D/FileWriteThread( 2826): FileWriteThread : threadType = 2
D/NotificationMgr( 2826): hideDataDisconnectedRoaming()...
E/WifiStateMachine( 2441): Error! unhandled message{ when=-1ms what=135188 target=com.android.internal.util.StateMachine$SmHandler }
D/ContextualPageReceiver( 2851): mContextualPageReceiver: ACTION_SERVICE_STATE_CHANGED isRoaming : false
D/StatusChecker( 7877): onReceive : android.intent.action.SERVICE_STATE
D/StatusChecker( 7877): Service state changed : 0
D/KeyguardUpdateMonitor( 2660): received broadcast android.intent.action.BATTERY_CHANGED
D/KeyguardUpdateMonitor( 2660): handleBatteryUpdate
I/SensorManagerA( 2797): getReportingMode :: sensor.mType = 6
E/Sensors ( 2441): Pressure old sensor_state 0, new sensor_state : 8 en : 1
D/KeyguardUpdateMonitor( 2660): received broadcast android.intent.action.TIME_TICK
D/KeyguardUpdateMonitor( 2660): handleTimeUpdate
D/SensorManager( 2797): registerListener :: 4, BMP182 Barometer Sensor, 0, 0,  
D/KeyguardUpdateMonitor( 2660): received broadcast android.intent.action.BATTERY_CHANGED
D/KeyguardUpdateMonitor( 2660): handleBatteryUpdate
D/WifiController( 2441): SET_AP_BOOSTER_FLAG ignored due to state change
E/NetworkNotificationUI( 2826): onDataConnectionStateChanged-S:2
D/NetworkNotificationUI( 2826): mDataState = 2 mPrevDataState = 2
D/NetworkNotificationUI( 2826): mIsWifiConnected = false m3gwarningPopup = false
I/BootupListener( 2826): mPendingNetworkManualSelection : false
D/PhoneApp( 2826): mReceiver: ACTION_ANY_DATA_CONNECTION_STATE_CHANGED
D/FileWriteThread( 2826): FileWriteThread : threadType = 2
D/NotificationMgr( 2826): hideDataDisconnectedRoaming()...
D/ContextualPageReceiver( 2851): mContextualPageReceiver: ACTION_SERVICE_STATE_CHANGED isRoaming : false
D/StatusChecker( 7877): onReceive : android.intent.action.SERVICE_STATE
D/StatusChecker( 7877): Service state changed : 0
E/Sensors ( 2441): Pressure old sensor_state 8, new sensor_state : 0 en : 0
D/SensorManager( 2797): unregisterListener ::   
I/wpa_supplicant( 4038): Scan requested (ret=0) - scan timeout 30 seconds
D/WifiController( 2441): SET_AP_BOOSTER_FLAG ignored due to state change
E/NetworkNotificationUI( 2826): onDataConnectionStateChanged-S:2
D/NetworkNotificationUI( 2826): mDataState = 2 mPrevDataState = 2
D/NetworkNotificationUI( 2826): mIsWifiConnected = false m3gwarningPopup = false
I/BootupListener( 2826): mPendingNetworkManualSelection : false
D/PhoneApp( 2826): mReceiver: ACTION_ANY_DATA_CONNECTION_STATE_CHANGED
D/FileWriteThread( 2826): FileWriteThread : threadType = 2
D/NotificationMgr( 2826): hideDataDisconnectedRoaming()...
D/ContextualPageReceiver( 2851): mContextualPageReceiver: ACTION_SERVICE_STATE_CHANGED isRoaming : false
D/StatusChecker( 7877): onReceive : android.intent.action.SERVICE_STATE
D/StatusChecker( 7877): Service state changed : 0
I/wpa_supplicant( 4038): nl80211: Received scan results (7 BSSes)
I/wpa_supplicant( 4038): wlan0: Setting scan request: 64 sec 0 usec
I/wpa_supplicant( 4038): wlan0: CTRL-EVENT-NO-CONNECTION
I/wpa_supplicant( 4038): wlan0: Setting scan request: 64 sec 0 usec
D/Tethering( 2441): interfaceLinkStateChanged wlan0, true
D/Tethering( 2441): interfaceStatusChanged wlan0, true
D/KeyguardUpdateMonitor( 2660): received broadcast android.intent.action.BATTERY_CHANGED
D/KeyguardUpdateMonitor( 2660): handleBatteryUpdate
E/WifiStateMachine( 2441): Error! unhandled message{ when=0 what=135188 target=com.android.internal.util.StateMachine$SmHandler }
D/WifiController( 2441): SET_AP_BOOSTER_FLAG ignored due to state change
I/BootupListener( 2826): mPendingNetworkManualSelection : false
E/NetworkNotificationUI( 2826): onDataConnectionStateChanged-S:2
D/NetworkNotificationUI( 2826): mDataState = 2 mPrevDataState = 2
D/NetworkNotificationUI( 2826): mIsWifiConnected = false m3gwarningPopup = false
D/PhoneApp( 2826): mReceiver: ACTION_ANY_DATA_CONNECTION_STATE_CHANGED
D/FileWriteThread( 2826): FileWriteThread : threadType = 2
D/NotificationMgr( 2826): hideDataDisconnectedRoaming()...
D/dalvikvm( 2826): GC_CONCURRENT freed 435K, 21% free 8742K/11056K, paused 32ms+5ms, total 178ms
D/ContextualPageReceiver( 2851): mContextualPageReceiver: ACTION_SERVICE_STATE_CHANGED isRoaming : false
D/StatusChecker( 7877): onReceive : android.intent.action.SERVICE_STATE
D/StatusChecker( 7877): Service state changed : 0
D/WifiController( 2441): SET_AP_BOOSTER_FLAG ignored due to state change
E/NetworkNotificationUI( 2826): onDataConnectionStateChanged-S:2
D/NetworkNotificationUI( 2826): mDataState = 2 mPrevDataState = 2
D/NetworkNotificationUI( 2826): mIsWifiConnected = false m3gwarningPopup = false
I/BootupListener( 2826): mPendingNetworkManualSelection : false
D/PhoneApp( 2826): mReceiver: ACTION_ANY_DATA_CONNECTION_STATE_CHANGED
D/FileWriteThread( 2826): FileWriteThread : threadType = 2
D/NotificationMgr( 2826): hideDataDisconnectedRoaming()...
D/StatusChecker( 7877): onReceive : android.intent.action.SERVICE_STATE
D/StatusChecker( 7877): Service state changed : 0
D/ContextualPageReceiver( 2851): mContextualPageReceiver: ACTION_SERVICE_STATE_CHANGED isRoaming : false
D/KeyguardUpdateMonitor( 2660): received broadcast android.intent.action.BATTERY_CHANGED
D/KeyguardUpdateMonitor( 2660): handleBatteryUpdate
D/KeyguardUpdateMonitor( 2660): received broadcast android.intent.action.BATTERY_CHANGED
D/KeyguardUpdateMonitor( 2660): handleBatteryUpdate
D/KeyguardUpdateMonitor( 2660): received broadcast android.intent.action.TIME_TICK
D/KeyguardUpdateMonitor( 2660): handleTimeUpdate
I/SensorManagerA( 2797): getReportingMode :: sensor.mType = 6
E/Sensors ( 2441): Pressure old sensor_state 0, new sensor_state : 8 en : 1
D/SensorManager( 2797): registerListener :: 4, BMP182 Barometer Sensor, 0, 0,  
D/EnterpriseDeviceManager( 2441): ContainerId: 0
I/SensorManagerA( 2797): getReportingMode :: sensor.mType = 1
E/Sensors ( 2441): Acc old sensor_state 8, new sensor_state : 9 en : 1
D/SensorManager( 2797): registerListener :: 0, LSM330DLC Acceleration Sensor, 20000, 0,  
I/wpa_supplicant( 4038): wlan0: Setting scan request: 0 sec 0 usec
I/wpa_supplicant( 4038): Scan requested (ret=0) - scan timeout 30 seconds
E/Sensors ( 2441): Pressure old sensor_state 9, new sensor_state : 1 en : 0
D/SensorManager( 2797): unregisterListener ::   
E/Sensors ( 2441): Acc old sensor_state 1, new sensor_state : 0 en : 0
D/SensorManager( 2797): unregisterListener ::   
D/dalvikvm( 2797): GC_CONCURRENT freed 2288K, 51% free 14593K/29316K, paused 21ms+23ms, total 349ms
I/wpa_supplicant( 4038): nl80211: Received scan results (6 BSSes)
I/wpa_supplicant( 4038): wlan0: Setting scan request: 8 sec 0 usec
I/wpa_supplicant( 4038): wlan0: CTRL-EVENT-NO-CONNECTION
I/wpa_supplicant( 4038): wlan0: Setting scan request: 8 sec 0 usec
D/Tethering( 2441): interfaceLinkStateChanged wlan0, true
D/Tethering( 2441): interfaceStatusChanged wlan0, true
E/WifiStateMachine( 2441): Error! unhandled message{ when=-1ms what=135188 target=com.android.internal.util.StateMachine$SmHandler }
I/GCoreUlr( 2797): Successfully inserted 1 locations
D/WifiController( 2441): SET_AP_BOOSTER_FLAG ignored due to state change
I/BootupListener( 2826): mPendingNetworkManualSelection : false
E/NetworkNotificationUI( 2826): onDataConnectionStateChanged-S:2
D/NetworkNotificationUI( 2826): mDataState = 2 mPrevDataState = 2
D/NetworkNotificationUI( 2826): mIsWifiConnected = false m3gwarningPopup = false
D/PhoneApp( 2826): mReceiver: ACTION_ANY_DATA_CONNECTION_STATE_CHANGED
D/FileWriteThread( 2826): FileWriteThread : threadType = 2
D/NotificationMgr( 2826): hideDataDisconnectedRoaming()...
D/ContextualPageReceiver( 2851): mContextualPageReceiver: ACTION_SERVICE_STATE_CHANGED isRoaming : false
D/StatusChecker( 7877): onReceive : android.intent.action.SERVICE_STATE
D/StatusChecker( 7877): Service state changed : 0
D/WifiController( 2441): SET_AP_BOOSTER_FLAG ignored due to state change
D/ContextualPageReceiver( 2851): mContextualPageReceiver: ACTION_SERVICE_STATE_CHANGED isRoaming : false
I/BootupListener( 2826): mPendingNetworkManualSelection : false
E/NetworkNotificationUI( 2826): onDataConnectionStateChanged-S:2
D/NetworkNotificationUI( 2826): mDataState = 2 mPrevDataState = 2
D/NetworkNotificationUI( 2826): mIsWifiConnected = false m3gwarningPopup = false
D/PhoneApp( 2826): mReceiver: ACTION_ANY_DATA_CONNECTION_STATE_CHANGED
D/FileWriteThread( 2826): FileWriteThread : threadType = 2
D/NotificationMgr( 2826): hideDataDisconnectedRoaming()...
D/StatusChecker( 7877): onReceive : android.intent.action.SERVICE_STATE
D/StatusChecker( 7877): Service state changed : 0
D/KeyguardUpdateMonitor( 2660): received broadcast android.intent.action.BATTERY_CHANGED
D/KeyguardUpdateMonitor( 2660): handleBatteryUpdate
I/wpa_supplicant( 4038): Scan requested (ret=0) - scan timeout 30 seconds
I/wpa_supplicant( 4038): nl80211: Received scan results (7 BSSes)
I/wpa_supplicant( 4038): wlan0: Setting scan request: 16 sec 0 usec
I/wpa_supplicant( 4038): wlan0: CTRL-EVENT-NO-CONNECTION
I/wpa_supplicant( 4038): wlan0: Setting scan request: 16 sec 0 usec
D/Tethering( 2441): interfaceLinkStateChanged wlan0, true
D/Tethering( 2441): interfaceStatusChanged wlan0, true
D/KeyguardUpdateMonitor( 2660): received broadcast android.intent.action.BATTERY_CHANGED
D/KeyguardUpdateMonitor( 2660): handleBatteryUpdate
E/WifiStateMachine( 2441): Error! unhandled message{ when=0 what=135188 target=com.android.internal.util.StateMachine$SmHandler }
I/SensorManagerA( 2797): getReportingMode :: sensor.mType = 6
E/Sensors ( 2441): Pressure old sensor_state 0, new sensor_state : 8 en : 1
D/SensorManager( 2797): registerListener :: 4, BMP182 Barometer Sensor, 0, 0,  
D/KeyguardUpdateMonitor( 2660): received broadcast android.intent.action.BATTERY_CHANGED
D/KeyguardUpdateMonitor( 2660): handleBatteryUpdate
D/KeyguardUpdateMonitor( 2660): received broadcast android.intent.action.TIME_TICK
D/KeyguardUpdateMonitor( 2660): handleTimeUpdate
I/SensorManagerA( 2797): getReportingMode :: sensor.mType = 1
E/Sensors ( 2441): Acc old sensor_state 8, new sensor_state : 9 en : 1
D/SensorManager( 2797): registerListener :: 0, LSM330DLC Acceleration Sensor, 20000, 0,  
E/Sensors ( 2441): Pressure old sensor_state 9, new sensor_state : 1 en : 0
D/SensorManager( 2797): unregisterListener ::   
E/Sensors ( 2441): Acc old sensor_state 1, new sensor_state : 0 en : 0
D/SensorManager( 2797): unregisterListener ::   
D/dalvikvm( 2441): GC_EXPLICIT freed 2589K, 37% free 34553K/54192K, paused 22ms+22ms, total 436ms
D/KeyguardUpdateMonitor( 2660): received broadcast android.intent.action.TIME_TICK
D/KeyguardUpdateMonitor( 2660): handleTimeUpdate
D/KeyguardUpdateMonitor( 2660): received broadcast android.intent.action.BATTERY_CHANGED
D/KeyguardUpdateMonitor( 2660): handleBatteryUpdate
I/SensorManagerA( 2797): getReportingMode :: sensor.mType = 6
E/Sensors ( 2441): Pressure old sensor_state 0, new sensor_state : 8 en : 1
D/SensorManager( 2797): registerListener :: 4, BMP182 Barometer Sensor, 0, 0,  
I/wpa_supplicant( 4038): wlan0: Setting scan request: 0 sec 0 usec
I/wpa_supplicant( 4038): Scan requested (ret=0) - scan timeout 30 seconds
E/Sensors ( 2441): Pressure old sensor_state 8, new sensor_state : 0 en : 0
D/SensorManager( 2797): unregisterListener ::   
I/wpa_supplicant( 4038): nl80211: Received scan results (7 BSSes)
I/wpa_supplicant( 4038): wlan0: Setting scan request: 8 sec 0 usec
I/wpa_supplicant( 4038): wlan0: CTRL-EVENT-NO-CONNECTION
I/wpa_supplicant( 4038): wlan0: Setting scan request: 8 sec 0 usec
D/Tethering( 2441): interfaceLinkStateChanged wlan0, true
D/Tethering( 2441): interfaceStatusChanged wlan0, true
E/WifiStateMachine( 2441): Error! unhandled message{ when=-2ms what=135188 target=com.android.internal.util.StateMachine$SmHandler }
I/GCoreUlr( 2797): Successfully inserted 1 locations
D/KeyguardUpdateMonitor( 2660): received broadcast android.intent.action.BATTERY_CHANGED
D/KeyguardUpdateMonitor( 2660): handleBatteryUpdate
D/KeyguardUpdateMonitor( 2660): received broadcast android.intent.action.TIME_TICK
D/KeyguardUpdateMonitor( 2660): handleTimeUpdate
D/KeyguardUpdateMonitor( 2660): received broadcast android.intent.action.BATTERY_CHANGED
D/KeyguardUpdateMonitor( 2660): handleBatteryUpdate
I/SensorManagerA( 2797): getReportingMode :: sensor.mType = 6
E/Sensors ( 2441): Pressure old sensor_state 0, new sensor_state : 8 en : 1
D/SensorManager( 2797): registerListener :: 4, BMP182 Barometer Sensor, 0, 0,  
I/SensorManagerA( 2797): getReportingMode :: sensor.mType = 1
E/Sensors ( 2441): Acc old sensor_state 8, new sensor_state : 9 en : 1
D/SensorManager( 2797): registerListener :: 0, LSM330DLC Acceleration Sensor, 20000, 0,  
E/Sensors ( 2441): Pressure old sensor_state 9, new sensor_state : 1 en : 0
D/SensorManager( 2797): unregisterListener ::   
E/Sensors ( 2441): Acc old sensor_state 1, new sensor_state : 0 en : 0
D/SensorManager( 2797): unregisterListener ::   
D/KeyguardUpdateMonitor( 2660): received broadcast android.intent.action.BATTERY_CHANGED
D/KeyguardUpdateMonitor( 2660): handleBatteryUpdate
I/SensorManagerA( 2797): getReportingMode :: sensor.mType = 6
E/Sensors ( 2441): Pressure old sensor_state 0, new sensor_state : 8 en : 1
D/SensorManager( 2797): registerListener :: 4, BMP182 Barometer Sensor, 0, 0,  
D/KeyguardUpdateMonitor( 2660): received broadcast android.intent.action.TIME_TICK
D/KeyguardUpdateMonitor( 2660): handleTimeUpdate
E/Sensors ( 2441): Pressure old sensor_state 8, new sensor_state : 0 en : 0
D/SensorManager( 2797): unregisterListener ::   
I/SensorManagerA( 2797): getReportingMode :: sensor.mType = 1
E/Sensors ( 2441): Acc old sensor_state 0, new sensor_state : 1 en : 1
D/SensorManager( 2797): registerListener :: 0, LSM330DLC Acceleration Sensor, 20000, 0,  
I/wpa_supplicant( 4038): wlan0: Setting scan request: 0 sec 0 usec
I/wpa_supplicant( 4038): Scan requested (ret=0) - scan timeout 30 seconds
E/Sensors ( 2441): Acc old sensor_state 1, new sensor_state : 0 en : 0
D/SensorManager( 2797): unregisterListener ::   
D/WifiController( 2441): SET_AP_BOOSTER_FLAG ignored due to state change
E/NetworkNotificationUI( 2826): onDataConnectionStateChanged-S:2
D/NetworkNotificationUI( 2826): mDataState = 2 mPrevDataState = 2
D/NetworkNotificationUI( 2826): mIsWifiConnected = false m3gwarningPopup = false
I/BootupListener( 2826): mPendingNetworkManualSelection : false
D/PhoneApp( 2826): mReceiver: ACTION_ANY_DATA_CONNECTION_STATE_CHANGED
D/FileWriteThread( 2826): FileWriteThread : threadType = 2
D/NotificationMgr( 2826): hideDataDisconnectedRoaming()...
D/ContextualPageReceiver( 2851): mContextualPageReceiver: ACTION_SERVICE_STATE_CHANGED isRoaming : false
D/StatusChecker( 7877): onReceive : android.intent.action.SERVICE_STATE
D/StatusChecker( 7877): Service state changed : 0
I/wpa_supplicant( 4038): nl80211: Received scan results (9 BSSes)
I/wpa_supplicant( 4038): wlan0: Setting scan request: 8 sec 0 usec
I/wpa_supplicant( 4038): wlan0: CTRL-EVENT-NO-CONNECTION
I/wpa_supplicant( 4038): wlan0: Setting scan request: 8 sec 0 usec
D/Tethering( 2441): interfaceLinkStateChanged wlan0, true
D/Tethering( 2441): interfaceStatusChanged wlan0, true
E/WifiStateMachine( 2441): Error! unhandled message{ when=0 what=135188 target=com.android.internal.util.StateMachine$SmHandler }
I/GCoreUlr( 2797): Successfully inserted 1 locations
D/WifiController( 2441): SET_AP_BOOSTER_FLAG ignored due to state change
I/BootupListener( 2826): mPendingNetworkManualSelection : false
E/NetworkNotificationUI( 2826): onDataConnectionStateChanged-S:2
D/NetworkNotificationUI( 2826): mDataState = 2 mPrevDataState = 2
D/NetworkNotificationUI( 2826): mIsWifiConnected = false m3gwarningPopup = false
D/PhoneApp( 2826): mReceiver: ACTION_ANY_DATA_CONNECTION_STATE_CHANGED
D/FileWriteThread( 2826): FileWriteThread : threadType = 2
D/NotificationMgr( 2826): hideDataDisconnectedRoaming()...
D/ContextualPageReceiver( 2851): mContextualPageReceiver: ACTION_SERVICE_STATE_CHANGED isRoaming : false
D/StatusChecker( 7877): onReceive : android.intent.action.SERVICE_STATE
D/StatusChecker( 7877): Service state changed : 0
D/KeyguardUpdateMonitor( 2660): received broadcast android.intent.action.BATTERY_CHANGED
D/KeyguardUpdateMonitor( 2660): handleBatteryUpdate
D/KeyguardUpdateMonitor( 2660): received broadcast android.intent.action.BATTERY_CHANGED
D/KeyguardUpdateMonitor( 2660): handleBatteryUpdate
I/SensorManagerA( 2797): getReportingMode :: sensor.mType = 6
E/Sensors ( 2441): Pressure old sensor_state 0, new sensor_state : 8 en : 1
D/SensorManager( 2797): registerListener :: 4, BMP182 Barometer Sensor, 0, 0,  
D/KeyguardUpdateMonitor( 2660): received broadcast android.intent.action.TIME_TICK
D/KeyguardUpdateMonitor( 2660): handleTimeUpdate
I/SensorManagerA( 2797): getReportingMode :: sensor.mType = 1
E/Sensors ( 2441): Acc old sensor_state 8, new sensor_state : 9 en : 1
D/SensorManager( 2797): registerListener :: 0, LSM330DLC Acceleration Sensor, 20000, 0,  
I/wpa_supplicant( 4038): Scan requested (ret=0) - scan timeout 30 seconds
E/Sensors ( 2441): Pressure old sensor_state 9, new sensor_state : 1 en : 0
D/SensorManager( 2797): unregisterListener ::   
E/Sensors ( 2441): Acc old sensor_state 1, new sensor_state : 0 en : 0
D/SensorManager( 2797): unregisterListener ::   
I/wpa_supplicant( 4038): nl80211: Received scan results (11 BSSes)
I/wpa_supplicant( 4038): wlan0: Setting scan request: 16 sec 0 usec
I/wpa_supplicant( 4038): wlan0: CTRL-EVENT-NO-CONNECTION
I/wpa_supplicant( 4038): wlan0: Setting scan request: 16 sec 0 usec
D/Tethering( 2441): interfaceLinkStateChanged wlan0, true
D/Tethering( 2441): interfaceStatusChanged wlan0, true
D/KeyguardUpdateMonitor( 2660): received broadcast android.intent.action.BATTERY_CHANGED
D/KeyguardUpdateMonitor( 2660): handleBatteryUpdate
E/WifiStateMachine( 2441): Error! unhandled message{ when=0 what=135188 target=com.android.internal.util.StateMachine$SmHandler }
D/KeyguardUpdateMonitor( 2660): received broadcast android.intent.action.BATTERY_CHANGED
D/KeyguardUpdateMonitor( 2660): handleBatteryUpdate
D/WifiController( 2441): SET_AP_BOOSTER_FLAG ignored due to state change
E/NetworkNotificationUI( 2826): onDataConnectionStateChanged-S:2
D/NetworkNotificationUI( 2826): mDataState = 2 mPrevDataState = 2
D/NetworkNotificationUI( 2826): mIsWifiConnected = false m3gwarningPopup = false
I/BootupListener( 2826): mPendingNetworkManualSelection : false
D/PhoneApp( 2826): mReceiver: ACTION_ANY_DATA_CONNECTION_STATE_CHANGED
D/FileWriteThread( 2826): FileWriteThread : threadType = 2
D/NotificationMgr( 2826): hideDataDisconnectedRoaming()...
D/ContextualPageReceiver( 2851): mContextualPageReceiver: ACTION_SERVICE_STATE_CHANGED isRoaming : false
D/StatusChecker( 7877): onReceive : android.intent.action.SERVICE_STATE
D/StatusChecker( 7877): Service state changed : 0
D/WifiController( 2441): SET_AP_BOOSTER_FLAG ignored due to state change
E/NetworkNotificationUI( 2826): onDataConnectionStateChanged-S:2
D/NetworkNotificationUI( 2826): mDataState = 2 mPrevDataState = 2
D/NetworkNotificationUI( 2826): mIsWifiConnected = false m3gwarningPopup = false
I/BootupListener( 2826): mPendingNetworkManualSelection : false
D/PhoneApp( 2826): mReceiver: ACTION_ANY_DATA_CONNECTION_STATE_CHANGED
D/FileWriteThread( 2826): FileWriteThread : threadType = 2
D/NotificationMgr( 2826): hideDataDisconnectedRoaming()...
D/dalvikvm( 2826): GC_CONCURRENT freed 424K, 21% free 8742K/11056K, paused 18ms+4ms, total 231ms
D/ContextualPageReceiver( 2851): mContextualPageReceiver: ACTION_SERVICE_STATE_CHANGED isRoaming : false
D/StatusChecker( 7877): onReceive : android.intent.action.SERVICE_STATE
D/StatusChecker( 7877): Service state changed : 0
D/KeyguardUpdateMonitor( 2660): received broadcast android.intent.action.BATTERY_CHANGED
D/KeyguardUpdateMonitor( 2660): handleBatteryUpdate
D/KeyguardUpdateMonitor( 2660): received broadcast android.intent.action.TIME_TICK
D/KeyguardUpdateMonitor( 2660): handleTimeUpdate
D/KeyguardUpdateMonitor( 2660): received broadcast android.intent.action.BATTERY_CHANGED
D/KeyguardUpdateMonitor( 2660): handleBatteryUpdate
I/SensorManagerA( 2797): getReportingMode :: sensor.mType = 6
E/Sensors ( 2441): Pressure old sensor_state 0, new sensor_state : 8 en : 1
D/SensorManager( 2797): registerListener :: 4, BMP182 Barometer Sensor, 0, 0,  
I/wpa_supplicant( 4038): Scan requested (ret=0) - scan timeout 30 seconds
E/Sensors ( 2441): Pressure old sensor_state 8, new sensor_state : 0 en : 0
D/SensorManager( 2797): unregisterListener ::   
I/wpa_supplicant( 4038): nl80211: Received scan results (7 BSSes)
I/wpa_supplicant( 4038): wlan0: Setting scan request: 32 sec 0 usec
I/wpa_supplicant( 4038): wlan0: CTRL-EVENT-NO-CONNECTION
I/wpa_supplicant( 4038): wlan0: Setting scan request: 32 sec 0 usec
D/Tethering( 2441): interfaceLinkStateChanged wlan0, true
D/Tethering( 2441): interfaceStatusChanged wlan0, true
E/WifiStateMachine( 2441): Error! unhandled message{ when=-1ms what=135188 target=com.android.internal.util.StateMachine$SmHandler }
D/dalvikvm( 2441): GC_EXPLICIT freed 1589K, 37% free 34498K/54192K, paused 11ms+18ms, total 317ms
I/GCoreUlr( 2797): Successfully inserted 1 locations
D/KeyguardUpdateMonitor( 2660): received broadcast android.intent.action.BATTERY_CHANGED
D/KeyguardUpdateMonitor( 2660): handleBatteryUpdate
D/KeyguardUpdateMonitor( 2660): received broadcast android.intent.action.TIME_TICK
D/KeyguardUpdateMonitor( 2660): handleTimeUpdate
D/KeyguardUpdateMonitor( 2660): received broadcast android.intent.action.BATTERY_CHANGED
D/KeyguardUpdateMonitor( 2660): handleBatteryUpdate
D/KeyguardUpdateMonitor( 2660): received broadcast android.intent.action.BATTERY_CHANGED
D/KeyguardUpdateMonitor( 2660): handleBatteryUpdate
I/SensorManagerA( 2797): getReportingMode :: sensor.mType = 6
E/Sensors ( 2441): Pressure old sensor_state 0, new sensor_state : 8 en : 1
D/KeyguardUpdateMonitor( 2660): received broadcast android.intent.action.TIME_TICK
D/KeyguardUpdateMonitor( 2660): handleTimeUpdate
D/SensorManager( 2797): registerListener :: 4, BMP182 Barometer Sensor, 0, 0,  
I/SensorManagerA( 2797): getReportingMode :: sensor.mType = 1
E/Sensors ( 2441): Acc old sensor_state 8, new sensor_state : 9 en : 1
D/SensorManager( 2797): registerListener :: 0, LSM330DLC Acceleration Sensor, 20000, 0,  
E/Sensors ( 2441): Pressure old sensor_state 9, new sensor_state : 1 en : 0
D/SensorManager( 2797): unregisterListener ::   
E/Sensors ( 2441): Acc old sensor_state 1, new sensor_state : 0 en : 0
D/SensorManager( 2797): unregisterListener ::   
D/KeyguardUpdateMonitor( 2660): received broadcast android.intent.action.TIME_TICK
D/KeyguardUpdateMonitor( 2660): handleTimeUpdate
D/KeyguardUpdateMonitor( 2660): received broadcast android.intent.action.BATTERY_CHANGED
D/KeyguardUpdateMonitor( 2660): handleBatteryUpdate
I/SensorManagerA( 2797): getReportingMode :: sensor.mType = 6
E/Sensors ( 2441): Pressure old sensor_state 0, new sensor_state : 8 en : 1
D/SensorManager( 2797): registerListener :: 4, BMP182 Barometer Sensor, 0, 0,  
I/EventLogChimeraService( 4794): Aggregate from 1495742520322 (log), 1495742520322 (data)
E/Sensors ( 2441): Pressure old sensor_state 8, new sensor_state : 0 en : 0
D/SensorManager( 2797): unregisterListener ::   
D/ContextualPageReceiver( 2851): mContextualPageReceiver: ACTION_SERVICE_STATE_CHANGED isRoaming : false
D/WifiController( 2441): SET_AP_BOOSTER_FLAG ignored due to state change
I/BootupListener( 2826): mPendingNetworkManualSelection : false
E/NetworkNotificationUI( 2826): onDataConnectionStateChanged-S:2
D/NetworkNotificationUI( 2826): mDataState = 2 mPrevDataState = 2
D/NetworkNotificationUI( 2826): mIsWifiConnected = false m3gwarningPopup = false
D/PhoneApp( 2826): mReceiver: ACTION_ANY_DATA_CONNECTION_STATE_CHANGED
D/FileWriteThread( 2826): FileWriteThread : threadType = 2
D/NotificationMgr( 2826): hideDataDisconnectedRoaming()...
D/StatusChecker( 7877): onReceive : android.intent.action.SERVICE_STATE
D/StatusChecker( 7877): Service state changed : 0
I/wpa_supplicant( 4038): Scan requested (ret=0) - scan timeout 30 seconds
W/PlatformStatsUtil( 4794): Could not retrieve Usage & Diagnostics setting. Giving up.
I/wpa_supplicant( 4038): nl80211: Received scan results (9 BSSes)
I/wpa_supplicant( 4038): wlan0: Setting scan request: 64 sec 0 usec
I/wpa_supplicant( 4038): wlan0: CTRL-EVENT-NO-CONNECTION
I/wpa_supplicant( 4038): wlan0: Setting scan request: 64 sec 0 usec
D/Tethering( 2441): interfaceLinkStateChanged wlan0, true
D/Tethering( 2441): interfaceStatusChanged wlan0, true
E/WifiStateMachine( 2441): Error! unhandled message{ when=-2ms what=135188 target=com.android.internal.util.StateMachine$SmHandler }
D/WifiController( 2441): SET_AP_BOOSTER_FLAG ignored due to state change
E/NetworkNotificationUI( 2826): onDataConnectionStateChanged-S:2
D/NetworkNotificationUI( 2826): mDataState = 2 mPrevDataState = 2
D/NetworkNotificationUI( 2826): mIsWifiConnected = false m3gwarningPopup = false
I/BootupListener( 2826): mPendingNetworkManualSelection : false
D/PhoneApp( 2826): mReceiver: ACTION_ANY_DATA_CONNECTION_STATE_CHANGED
D/FileWriteThread( 2826): FileWriteThread : threadType = 2
D/NotificationMgr( 2826): hideDataDisconnectedRoaming()...
D/ContextualPageReceiver( 2851): mContextualPageReceiver: ACTION_SERVICE_STATE_CHANGED isRoaming : false
D/StatusChecker( 7877): onReceive : android.intent.action.SERVICE_STATE
D/StatusChecker( 7877): Service state changed : 0
D/KeyguardUpdateMonitor( 2660): received broadcast android.intent.action.BATTERY_CHANGED
D/KeyguardUpdateMonitor( 2660): handleBatteryUpdate
D/KeyguardUpdateMonitor( 2660): received broadcast android.intent.action.TIME_TICK
D/KeyguardUpdateMonitor( 2660): handleTimeUpdate
D/KeyguardUpdateMonitor( 2660): received broadcast android.intent.action.BATTERY_CHANGED
D/KeyguardUpdateMonitor( 2660): handleBatteryUpdate
I/SensorManagerA( 2797): getReportingMode :: sensor.mType = 6
E/Sensors ( 2441): Pressure old sensor_state 0, new sensor_state : 8 en : 1
D/SensorManager( 2797): registerListener :: 4, BMP182 Barometer Sensor, 0, 0,  
I/SensorManagerA( 2797): getReportingMode :: sensor.mType = 1
E/Sensors ( 2441): Acc old sensor_state 8, new sensor_state : 9 en : 1
D/SensorManager( 2797): registerListener :: 0, LSM330DLC Acceleration Sensor, 20000, 0,  
I/wpa_supplicant( 4038): wlan0: Setting scan request: 0 sec 0 usec
I/wpa_supplicant( 4038): Scan requested (ret=0) - scan timeout 30 seconds
E/Sensors ( 2441): Pressure old sensor_state 9, new sensor_state : 1 en : 0
D/SensorManager( 2797): unregisterListener ::   
E/Sensors ( 2441): Acc old sensor_state 1, new sensor_state : 0 en : 0
D/SensorManager( 2797): unregisterListener ::   
I/wpa_supplicant( 4038): nl80211: Received scan results (7 BSSes)
I/wpa_supplicant( 4038): wlan0: Setting scan request: 8 sec 0 usec
I/wpa_supplicant( 4038): wlan0: CTRL-EVENT-NO-CONNECTION
I/wpa_supplicant( 4038): wlan0: Setting scan request: 8 sec 0 usec
D/Tethering( 2441): interfaceLinkStateChanged wlan0, true
D/Tethering( 2441): interfaceStatusChanged wlan0, true
E/WifiStateMachine( 2441): Error! unhandled message{ when=-1ms what=135188 target=com.android.internal.util.StateMachine$SmHandler }
D/dalvikvm( 2797): GC_CONCURRENT freed 2255K, 50% free 14680K/29316K, paused 7ms+10ms, total 131ms
D/dalvikvm( 2797): WAIT_FOR_CONCURRENT_GC blocked 53ms
I/GCoreUlr( 2797): Successfully inserted 1 locations
D/dalvikvm( 2797): WAIT_FOR_CONCURRENT_GC blocked 47ms
D/KeyguardUpdateMonitor( 2660): received broadcast android.intent.action.BATTERY_CHANGED
D/KeyguardUpdateMonitor( 2660): handleBatteryUpdate
D/KeyguardUpdateMonitor( 2660): received broadcast android.intent.action.BATTERY_CHANGED
D/KeyguardUpdateMonitor( 2660): handleBatteryUpdate
D/KeyguardUpdateMonitor( 2660): received broadcast android.intent.action.TIME_TICK
D/KeyguardUpdateMonitor( 2660): handleTimeUpdate
I/SensorManagerA( 2797): getReportingMode :: sensor.mType = 6
E/Sensors ( 2441): Pressure old sensor_state 0, new sensor_state : 8 en : 1
D/SensorManager( 2797): registerListener :: 4, BMP182 Barometer Sensor, 0, 0,  
E/Sensors ( 2441): Pressure old sensor_state 8, new sensor_state : 0 en : 0
D/SensorManager( 2797): unregisterListener ::   
D/KeyguardUpdateMonitor( 2660): received broadcast android.intent.action.TIME_TICK
D/KeyguardUpdateMonitor( 2660): handleTimeUpdate
D/KeyguardUpdateMonitor( 2660): received broadcast android.intent.action.BATTERY_CHANGED
D/KeyguardUpdateMonitor( 2660): handleBatteryUpdate
I/SensorManagerA( 2797): getReportingMode :: sensor.mType = 6
E/Sensors ( 2441): Pressure old sensor_state 0, new sensor_state : 8 en : 1
D/SensorManager( 2797): registerListener :: 4, BMP182 Barometer Sensor, 0, 0,  
I/SensorManagerA( 2797): getReportingMode :: sensor.mType = 1
E/Sensors ( 2441): Acc old sensor_state 8, new sensor_state : 9 en : 1
D/SensorManager( 2797): registerListener :: 0, LSM330DLC Acceleration Sensor, 20000, 0,  
D/EnterpriseDeviceManager( 2441): ContainerId: 0
D/KeyguardUpdateMonitor( 2660): received broadcast android.intent.action.TIME_TICK
D/KeyguardUpdateMonitor( 2660): handleTimeUpdate
E/Sensors ( 2441): Pressure old sensor_state 9, new sensor_state : 1 en : 0
D/SensorManager( 2797): unregisterListener ::   
E/Sensors ( 2441): Acc old sensor_state 1, new sensor_state : 0 en : 0
D/SensorManager( 2797): unregisterListener ::   
D/KeyguardUpdateMonitor( 2660): received broadcast android.intent.action.TIME_TICK
D/KeyguardUpdateMonitor( 2660): handleTimeUpdate
D/KeyguardUpdateMonitor( 2660): received broadcast android.intent.action.BATTERY_CHANGED
D/KeyguardUpdateMonitor( 2660): handleBatteryUpdate
D/dalvikvm( 7852): GC_EXPLICIT freed 221K, 17% free 7865K/9396K, paused 3ms+8ms, total 47ms
I/SensorManagerA( 2797): getReportingMode :: sensor.mType = 6
E/Sensors ( 2441): Pressure old sensor_state 0, new sensor_state : 8 en : 1
D/SensorManager( 2797): registerListener :: 4, BMP182 Barometer Sensor, 0, 0,  
I/wpa_supplicant( 4038): wlan0: Setting scan request: 0 sec 0 usec
I/wpa_supplicant( 4038): Scan requested (ret=0) - scan timeout 30 seconds
E/Sensors ( 2441): Pressure old sensor_state 8, new sensor_state : 0 en : 0
D/SensorManager( 2797): unregisterListener ::   
I/wpa_supplicant( 4038): nl80211: Received scan results (8 BSSes)
I/wpa_supplicant( 4038): wlan0: Setting scan request: 8 sec 0 usec
I/wpa_supplicant( 4038): wlan0: CTRL-EVENT-NO-CONNECTION
I/wpa_supplicant( 4038): wlan0: Setting scan request: 8 sec 0 usec
D/Tethering( 2441): interfaceLinkStateChanged wlan0, true
D/Tethering( 2441): interfaceStatusChanged wlan0, true
E/WifiStateMachine( 2441): Error! unhandled message{ when=-2ms what=135188 target=com.android.internal.util.StateMachine$SmHandler }
D/dalvikvm( 2441): GC_EXPLICIT freed 1532K, 37% free 34496K/54192K, paused 15ms+17ms, total 305ms
I/GCoreUlr( 2797): Successfully inserted 1 locations
D/KeyguardUpdateMonitor( 2660): received broadcast android.intent.action.BATTERY_CHANGED
D/KeyguardUpdateMonitor( 2660): handleBatteryUpdate
D/KeyguardUpdateMonitor( 2660): received broadcast android.intent.action.BATTERY_CHANGED
D/KeyguardUpdateMonitor( 2660): handleBatteryUpdate
I/SensorManagerA( 2797): getReportingMode :: sensor.mType = 6
E/Sensors ( 2441): Pressure old sensor_state 0, new sensor_state : 8 en : 1
D/SensorManager( 2797): registerListener :: 4, BMP182 Barometer Sensor, 0, 0,  
D/KeyguardUpdateMonitor( 2660): received broadcast android.intent.action.TIME_TICK
D/KeyguardUpdateMonitor( 2660): handleTimeUpdate
E/Sensors ( 2441): Pressure old sensor_state 8, new sensor_state : 0 en : 0
D/SensorManager( 2797): unregisterListener ::   
D/KeyguardUpdateMonitor( 2660): received broadcast android.intent.action.BATTERY_CHANGED
D/KeyguardUpdateMonitor( 2660): handleBatteryUpdate
D/KeyguardUpdateMonitor( 2660): received broadcast android.intent.action.TIME_TICK
D/KeyguardUpdateMonitor( 2660): handleTimeUpdate
I/SensorManagerA( 2797): getReportingMode :: sensor.mType = 6
E/Sensors ( 2441): Pressure old sensor_state 0, new sensor_state : 8 en : 1
D/SensorManager( 2797): registerListener :: 4, BMP182 Barometer Sensor, 0, 0,  
I/SensorManagerA( 2797): getReportingMode :: sensor.mType = 1
E/Sensors ( 2441): Acc old sensor_state 8, new sensor_state : 9 en : 1
D/SensorManager( 2797): registerListener :: 0, LSM330DLC Acceleration Sensor, 20000, 0,  
E/Sensors ( 2441): Pressure old sensor_state 9, new sensor_state : 1 en : 0
D/SensorManager( 2797): unregisterListener ::   
E/Sensors ( 2441): Acc old sensor_state 1, new sensor_state : 0 en : 0
D/SensorManager( 2797): unregisterListener ::   
D/KeyguardUpdateMonitor( 2660): received broadcast android.intent.action.TIME_TICK
D/KeyguardUpdateMonitor( 2660): handleTimeUpdate
D/KeyguardUpdateMonitor( 2660): received broadcast android.intent.action.BATTERY_CHANGED
D/KeyguardUpdateMonitor( 2660): handleBatteryUpdate
I/SensorManagerA( 2797): getReportingMode :: sensor.mType = 6
E/Sensors ( 2441): Pressure old sensor_state 0, new sensor_state : 8 en : 1
D/SensorManager( 2797): registerListener :: 4, BMP182 Barometer Sensor, 0, 0,  
I/wpa_supplicant( 4038): wlan0: Setting scan request: 0 sec 0 usec
I/wpa_supplicant( 4038): Scan requested (ret=0) - scan timeout 30 seconds
E/Sensors ( 2441): Pressure old sensor_state 8, new sensor_state : 0 en : 0
D/SensorManager( 2797): unregisterListener ::   
I/wpa_supplicant( 4038): nl80211: Received scan results (10 BSSes)
I/wpa_supplicant( 4038): wlan0: Setting scan request: 8 sec 0 usec
I/wpa_supplicant( 4038): wlan0: CTRL-EVENT-NO-CONNECTION
I/wpa_supplicant( 4038): wlan0: Setting scan request: 8 sec 0 usec
D/Tethering( 2441): interfaceLinkStateChanged wlan0, true
D/Tethering( 2441): interfaceStatusChanged wlan0, true
E/WifiStateMachine( 2441): Error! unhandled message{ when=-3ms what=135188 target=com.android.internal.util.StateMachine$SmHandler }
I/GCoreUlr( 2797): Successfully inserted 1 locations
D/KeyguardUpdateMonitor( 2660): received broadcast android.intent.action.BATTERY_CHANGED
D/KeyguardUpdateMonitor( 2660): handleBatteryUpdate
D/KeyguardUpdateMonitor( 2660): received broadcast android.intent.action.BATTERY_CHANGED
D/KeyguardUpdateMonitor( 2660): handleBatteryUpdate
D/KeyguardUpdateMonitor( 2660): received broadcast android.intent.action.TIME_TICK
D/KeyguardUpdateMonitor( 2660): handleTimeUpdate
D/KeyguardUpdateMonitor( 2660): received broadcast android.intent.action.TIME_TICK
D/KeyguardUpdateMonitor( 2660): handleTimeUpdate
I/SensorManagerA( 2797): getReportingMode :: sensor.mType = 6
E/Sensors ( 2441): Pressure old sensor_state 0, new sensor_state : 8 en : 1
D/SensorManager( 2797): registerListener :: 4, BMP182 Barometer Sensor, 0, 0,  
D/dalvikvm( 3789): GC_CONCURRENT freed 389K, 22% free 7780K/9964K, paused 2ms+4ms, total 78ms
I/SensorManagerA( 2797): getReportingMode :: sensor.mType = 1
E/Sensors ( 2441): Acc old sensor_state 8, new sensor_state : 9 en : 1
D/SensorManager( 2797): registerListener :: 0, LSM330DLC Acceleration Sensor, 20000, 0,  
E/Sensors ( 2441): Pressure old sensor_state 9, new sensor_state : 1 en : 0
D/SensorManager( 2797): unregisterListener ::   
E/Sensors ( 2441): Acc old sensor_state 1, new sensor_state : 0 en : 0
D/SensorManager( 2797): unregisterListener ::   
I/SensorManagerA( 2797): getReportingMode :: sensor.mType = 6
E/Sensors ( 2441): Pressure old sensor_state 0, new sensor_state : 8 en : 1
D/SensorManager( 2797): registerListener :: 4, BMP182 Barometer Sensor, 0, 0,  
D/KeyguardUpdateMonitor( 2660): received broadcast android.intent.action.BATTERY_CHANGED
D/KeyguardUpdateMonitor( 2660): handleBatteryUpdate
D/KeyguardUpdateMonitor( 2660): received broadcast android.intent.action.TIME_TICK
D/KeyguardUpdateMonitor( 2660): handleTimeUpdate
E/Sensors ( 2441): Pressure old sensor_state 8, new sensor_state : 0 en : 0
D/SensorManager( 2797): unregisterListener ::   
I/SensorManagerA( 2797): getReportingMode :: sensor.mType = 1
E/Sensors ( 2441): Acc old sensor_state 0, new sensor_state : 1 en : 1
D/SensorManager( 2797): registerListener :: 0, LSM330DLC Acceleration Sensor, 20000, 0,  
I/wpa_supplicant( 4038): wlan0: Setting scan request: 0 sec 0 usec
I/wpa_supplicant( 4038): Scan requested (ret=0) - scan timeout 30 seconds
E/Sensors ( 2441): Acc old sensor_state 1, new sensor_state : 0 en : 0
D/SensorManager( 2797): unregisterListener ::   
I/wpa_supplicant( 4038): nl80211: Received scan results (9 BSSes)
I/wpa_supplicant( 4038): wlan0: Setting scan request: 8 sec 0 usec
I/wpa_supplicant( 4038): wlan0: CTRL-EVENT-NO-CONNECTION
I/wpa_supplicant( 4038): wlan0: Setting scan request: 8 sec 0 usec
D/Tethering( 2441): interfaceLinkStateChanged wlan0, true
D/Tethering( 2441): interfaceStatusChanged wlan0, true
E/WifiStateMachine( 2441): Error! unhandled message{ when=-3ms what=135188 target=com.android.internal.util.StateMachine$SmHandler }
I/GCoreUlr( 2797): Successfully inserted 1 locations
D/KeyguardUpdateMonitor( 2660): received broadcast android.intent.action.BATTERY_CHANGED
D/KeyguardUpdateMonitor( 2660): handleBatteryUpdate
D/KeyguardUpdateMonitor( 2660): received broadcast android.intent.action.BATTERY_CHANGED
D/KeyguardUpdateMonitor( 2660): handleBatteryUpdate
I/SensorManagerA( 2797): getReportingMode :: sensor.mType = 6
E/Sensors ( 2441): Pressure old sensor_state 0, new sensor_state : 8 en : 1
D/SensorManager( 2797): registerListener :: 4, BMP182 Barometer Sensor, 0, 0,  
D/KeyguardUpdateMonitor( 2660): received broadcast android.intent.action.TIME_TICK
D/KeyguardUpdateMonitor( 2660): handleTimeUpdate
I/GCoreUlr( 2797): WorldUpdater received intent Intent { act=com.google.android.location.reporting.ACTION_UPDATE_WORLD flg=0x4 cmp=com.google.android.gms/com.google.android.location.reporting.service.DispatchingService (has extras) } with receiverAction NO_RECEIVER_ACTION
I/SensorManagerA( 2797): getReportingMode :: sensor.mType = 1
E/Sensors ( 2441): Acc old sensor_state 8, new sensor_state : 9 en : 1
D/SensorManager( 2797): registerListener :: 0, LSM330DLC Acceleration Sensor, 20000, 0,  
E/EnterpriseContainerManager( 2441): ContainerPolicy Service is not yet ready!!!
D/EnterpriseDeviceManager( 2441): ContainerId: 0
I/GCoreUlr( 2797): WorldUpdater:NO_RECEIVER_ACTION: Ensuring that reporting is active for [account#1#]
I/GCoreUlr( 2797): Place inference reporting - stop
E/Sensors ( 2441): Pressure old sensor_state 9, new sensor_state : 1 en : 0
D/SensorManager( 2797): unregisterListener ::   
E/Sensors ( 2441): Acc old sensor_state 1, new sensor_state : 0 en : 0
D/SensorManager( 2797): unregisterListener ::   
D/KeyguardUpdateMonitor( 2660): received broadcast android.intent.action.TIME_TICK
D/KeyguardUpdateMonitor( 2660): handleTimeUpdate
D/KeyguardUpdateMonitor( 2660): received broadcast android.intent.action.BATTERY_CHANGED
D/KeyguardUpdateMonitor( 2660): handleBatteryUpdate
D/dalvikvm( 2441): GC_EXPLICIT freed 1278K, 37% free 34472K/54192K, paused 8ms+18ms, total 245ms
