I/GCoreUlr( 2797): Successfully inserted 1 locations
D/KeyguardUpdateMonitor( 2660): received broadcast android.intent.action.BATTERY_CHANGED
D/KeyguardUpdateMonitor( 2660): handleBatteryUpdate
D/KeyguardUpdateMonitor( 2660): received broadcast android.intent.action.BATTERY_CHANGED
D/KeyguardUpdateMonitor( 2660): handleBatteryUpdate
D/KeyguardUpdateMonitor( 2660): received broadcast android.intent.action.TIME_TICK
D/KeyguardUpdateMonitor( 2660): handleTimeUpdate
I/SensorManagerA( 2797): getReportingMode :: sensor.mType = 6
E/Sensors ( 2441): Pressure old sensor_state 0, new sensor_state : 8 en : 1
D/SensorManager( 2797): registerListener :: 4, BMP182 Barometer Sensor, 0, 0,  
I/SensorManagerA( 2797): getReportingMode :: sensor.mType = 1
E/Sensors ( 2441): Acc old sensor_state 8, new sensor_state : 9 en : 1
D/SensorManager( 2797): registerListener :: 0, LSM330DLC Acceleration Sensor, 20000, 0,  
E/Sensors ( 2441): Pressure old sensor_state 9, new sensor_state : 1 en : 0
D/SensorManager( 2797): unregisterListener ::   
E/Sensors ( 2441): Acc old sensor_state 1, new sensor_state : 0 en : 0
D/SensorManager( 2797): unregisterListener ::   
D/dalvikvm( 2441): GC_EXPLICIT freed 1871K, 37% free 34534K/54192K, paused 33ms+17ms, total 303ms
D/KeyguardUpdateMonitor( 2660): received broadcast android.intent.action.BATTERY_CHANGED
D/KeyguardUpdateMonitor( 2660): handleBatteryUpdate
I/SensorManagerA( 2797): getReportingMode :: sensor.mType = 6
E/Sensors ( 2441): Pressure old sensor_state 0, new sensor_state : 8 en : 1
D/KeyguardUpdateMonitor( 2660): received broadcast android.intent.action.TIME_TICK
D/KeyguardUpdateMonitor( 2660): handleTimeUpdate
D/SensorManager( 2797): registerListener :: 4, BMP182 Barometer Sensor, 0, 0,  
E/Sensors ( 2441): Pressure old sensor_state 8, new sensor_state : 0 en : 0
D/SensorManager( 2797): unregisterListener ::   
D/dalvikvm( 2901): GC_CONCURRENT freed 857K, 25% free 10294K/13608K, paused 7ms+13ms, total 85ms
I/GoogleURLConnFactory( 2797): Using platform SSLCertificateSocketFactory
I/GoogleURLConnFactory( 2797): Using platform SSLCertificateSocketFactory
D/LocationManagerService( 2441): getLastLocation: Request[POWER_NONE passive fastest=0 num=1]
D/LocationManagerService( 2441): getLastLocation: Request[POWER_NONE passive fastest=0 num=1]
D/WifiController( 2441): SET_AP_BOOSTER_FLAG ignored due to state change
I/BootupListener( 2826): mPendingNetworkManualSelection : false
E/NetworkNotificationUI( 2826): onDataConnectionStateChanged-S:2
D/NetworkNotificationUI( 2826): mDataState = 2 mPrevDataState = 2
D/NetworkNotificationUI( 2826): mIsWifiConnected = false m3gwarningPopup = false
D/PhoneApp( 2826): mReceiver: ACTION_ANY_DATA_CONNECTION_STATE_CHANGED
D/FileWriteThread( 2826): FileWriteThread : threadType = 2
D/NotificationMgr( 2826): hideDataDisconnectedRoaming()...
D/ContextualPageReceiver( 2851): mContextualPageReceiver: ACTION_SERVICE_STATE_CHANGED isRoaming : false
D/StatusChecker( 7877): onReceive : android.intent.action.SERVICE_STATE
D/StatusChecker( 7877): Service state changed : 0
D/dalvikvm( 2797): GC_CONCURRENT freed 2179K, 51% free 14612K/29316K, paused 10ms+19ms, total 200ms
D/LocationManagerService( 2441): getLastLocation: Request[POWER_NONE passive fastest=0 num=1]
I/wpa_supplicant( 4038): Scan requested (ret=0) - scan timeout 30 seconds
D/LocationManagerService( 2441): getLastLocation: Request[POWER_NONE passive fastest=0 num=1]
D/LocationManagerService( 2441): getLastLocation: Request[POWER_NONE passive fastest=0 num=1]
D/LocationManagerService( 2441): getLastLocation: Request[POWER_NONE passive fastest=0 num=1]
I/wpa_supplicant( 4038): nl80211: Received scan results (8 BSSes)
I/wpa_supplicant( 4038): wlan0: Setting scan request: 16 sec 0 usec
I/wpa_supplicant( 4038): wlan0: CTRL-EVENT-NO-CONNECTION
I/wpa_supplicant( 4038): wlan0: Setting scan request: 16 sec 0 usec
D/Tethering( 2441): interfaceLinkStateChanged wlan0, true
D/Tethering( 2441): interfaceStatusChanged wlan0, true
E/WifiStateMachine( 2441): Error! unhandled message{ when=-2ms what=135188 target=com.android.internal.util.StateMachine$SmHandler }
D/WifiController( 2441): SET_AP_BOOSTER_FLAG ignored due to state change
D/ContextualPageReceiver( 2851): mContextualPageReceiver: ACTION_SERVICE_STATE_CHANGED isRoaming : false
E/NetworkNotificationUI( 2826): onDataConnectionStateChanged-S:2
D/NetworkNotificationUI( 2826): mDataState = 2 mPrevDataState = 2
D/NetworkNotificationUI( 2826): mIsWifiConnected = false m3gwarningPopup = false
D/KeyguardUpdateMonitor( 2660): received broadcast android.intent.action.TIME_TICK
D/KeyguardUpdateMonitor( 2660): handleTimeUpdate
I/BootupListener( 2826): mPendingNetworkManualSelection : false
D/PhoneApp( 2826): mReceiver: ACTION_ANY_DATA_CONNECTION_STATE_CHANGED
D/FileWriteThread( 2826): FileWriteThread : threadType = 2
D/NotificationMgr( 2826): hideDataDisconnectedRoaming()...
D/StatusChecker( 7877): onReceive : android.intent.action.SERVICE_STATE
D/StatusChecker( 7877): Service state changed : 0
D/KeyguardUpdateMonitor( 2660): received broadcast android.intent.action.BATTERY_CHANGED
D/KeyguardUpdateMonitor( 2660): handleBatteryUpdate
D/KeyguardUpdateMonitor( 2660): received broadcast android.intent.action.TIME_TICK
D/KeyguardUpdateMonitor( 2660): handleTimeUpdate
D/KeyguardUpdateMonitor( 2660): received broadcast android.intent.action.BATTERY_CHANGED
D/KeyguardUpdateMonitor( 2660): handleBatteryUpdate
D/dalvikvm( 7852): GC_EXPLICIT freed 221K, 17% free 7868K/9396K, paused 3ms+8ms, total 47ms
I/SensorManagerA( 2797): getReportingMode :: sensor.mType = 6
E/Sensors ( 2441): Pressure old sensor_state 0, new sensor_state : 8 en : 1
D/SensorManager( 2797): registerListener :: 4, BMP182 Barometer Sensor, 0, 0,  
I/SensorManagerA( 2797): getReportingMode :: sensor.mType = 1
E/Sensors ( 2441): Acc old sensor_state 8, new sensor_state : 9 en : 1
D/SensorManager( 2797): registerListener :: 0, LSM330DLC Acceleration Sensor, 20000, 0,  
I/wpa_supplicant( 4038): wlan0: Setting scan request: 0 sec 0 usec
I/wpa_supplicant( 4038): Scan requested (ret=0) - scan timeout 30 seconds
E/Sensors ( 2441): Pressure old sensor_state 9, new sensor_state : 1 en : 0
D/SensorManager( 2797): unregisterListener ::   
E/Sensors ( 2441): Acc old sensor_state 1, new sensor_state : 0 en : 0
D/SensorManager( 2797): unregisterListener ::   
I/wpa_supplicant( 4038): nl80211: Received scan results (10 BSSes)
I/wpa_supplicant( 4038): wlan0: Setting scan request: 8 sec 0 usec
I/wpa_supplicant( 4038): wlan0: CTRL-EVENT-NO-CONNECTION
I/wpa_supplicant( 4038): wlan0: Setting scan request: 8 sec 0 usec
D/Tethering( 2441): interfaceLinkStateChanged wlan0, true
D/Tethering( 2441): interfaceStatusChanged wlan0, true
E/WifiStateMachine( 2441): Error! unhandled message{ when=-2ms what=135188 target=com.android.internal.util.StateMachine$SmHandler }
I/GCoreUlr( 2797): Successfully inserted 1 locations
D/KeyguardUpdateMonitor( 2660): received broadcast android.intent.action.BATTERY_CHANGED
D/KeyguardUpdateMonitor( 2660): handleBatteryUpdate
D/KeyguardUpdateMonitor( 2660): received broadcast android.intent.action.BATTERY_CHANGED
D/KeyguardUpdateMonitor( 2660): handleBatteryUpdate
I/SensorManagerA( 2797): getReportingMode :: sensor.mType = 6
E/Sensors ( 2441): Pressure old sensor_state 0, new sensor_state : 8 en : 1
D/SensorManager( 2797): registerListener :: 4, BMP182 Barometer Sensor, 0, 0,  
D/KeyguardUpdateMonitor( 2660): received broadcast android.intent.action.TIME_TICK
D/KeyguardUpdateMonitor( 2660): handleTimeUpdate
D/WifiController( 2441): SET_AP_BOOSTER_FLAG ignored due to state change
I/BootupListener( 2826): mPendingNetworkManualSelection : false
E/NetworkNotificationUI( 2826): onDataConnectionStateChanged-S:2
D/NetworkNotificationUI( 2826): mDataState = 2 mPrevDataState = 2
D/NetworkNotificationUI( 2826): mIsWifiConnected = false m3gwarningPopup = false
D/PhoneApp( 2826): mReceiver: ACTION_ANY_DATA_CONNECTION_STATE_CHANGED
D/FileWriteThread( 2826): FileWriteThread : threadType = 2
D/NotificationMgr( 2826): hideDataDisconnectedRoaming()...
D/ContextualPageReceiver( 2851): mContextualPageReceiver: ACTION_SERVICE_STATE_CHANGED isRoaming : false
D/dalvikvm( 2826): GC_CONCURRENT freed 408K, 21% free 8742K/11056K, paused 53ms+4ms, total 129ms
D/StatusChecker( 7877): onReceive : android.intent.action.SERVICE_STATE
D/StatusChecker( 7877): Service state changed : 0
E/Sensors ( 2441): Pressure old sensor_state 8, new sensor_state : 0 en : 0
D/SensorManager( 2797): unregisterListener ::   
I/SensorManagerA( 2797): getReportingMode :: sensor.mType = 6
E/Sensors ( 2441): Pressure old sensor_state 0, new sensor_state : 8 en : 1
D/SensorManager( 2797): registerListener :: 4, BMP182 Barometer Sensor, 0, 0,  
D/KeyguardUpdateMonitor( 2660): received broadcast android.intent.action.TIME_TICK
D/KeyguardUpdateMonitor( 2660): handleTimeUpdate
E/Sensors ( 2441): Pressure old sensor_state 8, new sensor_state : 0 en : 0
D/SensorManager( 2797): unregisterListener ::   
I/wpa_supplicant( 4038): Scan requested (ret=0) - scan timeout 30 seconds
D/WifiController( 2441): SET_AP_BOOSTER_FLAG ignored due to state change
I/BootupListener( 2826): mPendingNetworkManualSelection : false
E/NetworkNotificationUI( 2826): onDataConnectionStateChanged-S:2
D/NetworkNotificationUI( 2826): mDataState = 2 mPrevDataState = 2
D/NetworkNotificationUI( 2826): mIsWifiConnected = false m3gwarningPopup = false
D/PhoneApp( 2826): mReceiver: ACTION_ANY_DATA_CONNECTION_STATE_CHANGED
D/FileWriteThread( 2826): FileWriteThread : threadType = 2
D/NotificationMgr( 2826): hideDataDisconnectedRoaming()...
D/ContextualPageReceiver( 2851): mContextualPageReceiver: ACTION_SERVICE_STATE_CHANGED isRoaming : false
D/StatusChecker( 7877): onReceive : android.intent.action.SERVICE_STATE
D/StatusChecker( 7877): Service state changed : 0
D/KeyguardUpdateMonitor( 2660): received broadcast android.intent.action.BATTERY_CHANGED
D/KeyguardUpdateMonitor( 2660): handleBatteryUpdate
I/wpa_supplicant( 4038): nl80211: Received scan results (10 BSSes)
I/wpa_supplicant( 4038): wlan0: Setting scan request: 16 sec 0 usec
I/wpa_supplicant( 4038): wlan0: CTRL-EVENT-NO-CONNECTION
I/wpa_supplicant( 4038): wlan0: Setting scan request: 16 sec 0 usec
D/Tethering( 2441): interfaceLinkStateChanged wlan0, true
D/Tethering( 2441): interfaceStatusChanged wlan0, true
E/WifiStateMachine( 2441): Error! unhandled message{ when=0 what=135188 target=com.android.internal.util.StateMachine$SmHandler }
D/KeyguardUpdateMonitor( 2660): received broadcast android.intent.action.TIME_TICK
D/KeyguardUpdateMonitor( 2660): handleTimeUpdate
D/KeyguardUpdateMonitor( 2660): received broadcast android.intent.action.BATTERY_CHANGED
D/KeyguardUpdateMonitor( 2660): handleBatteryUpdate
I/SensorManagerA( 2797): getReportingMode :: sensor.mType = 6
E/Sensors ( 2441): Pressure old sensor_state 0, new sensor_state : 8 en : 1
D/SensorManager( 2797): registerListener :: 4, BMP182 Barometer Sensor, 0, 0,  
I/SensorManagerA( 2797): getReportingMode :: sensor.mType = 1
E/Sensors ( 2441): Acc old sensor_state 8, new sensor_state : 9 en : 1
D/SensorManager( 2797): registerListener :: 0, LSM330DLC Acceleration Sensor, 20000, 0,  
E/Sensors ( 2441): Pressure old sensor_state 9, new sensor_state : 1 en : 0
D/SensorManager( 2797): unregisterListener ::   
E/Sensors ( 2441): Acc old sensor_state 1, new sensor_state : 0 en : 0
D/SensorManager( 2797): unregisterListener ::   
D/KeyguardUpdateMonitor( 2660): received broadcast android.intent.action.TIME_TICK
D/KeyguardUpdateMonitor( 2660): handleTimeUpdate
D/KeyguardUpdateMonitor( 2660): received broadcast android.intent.action.BATTERY_CHANGED
D/KeyguardUpdateMonitor( 2660): handleBatteryUpdate
I/wpa_supplicant( 4038): wlan0: Setting scan request: 0 sec 0 usec
I/wpa_supplicant( 4038): Scan requested (ret=0) - scan timeout 30 seconds
I/wpa_supplicant( 4038): nl80211: Received scan results (10 BSSes)
I/wpa_supplicant( 4038): wlan0: Setting scan request: 8 sec 0 usec
I/wpa_supplicant( 4038): wlan0: CTRL-EVENT-NO-CONNECTION
I/wpa_supplicant( 4038): wlan0: Setting scan request: 8 sec 0 usec
D/Tethering( 2441): interfaceLinkStateChanged wlan0, true
D/Tethering( 2441): interfaceStatusChanged wlan0, true
E/WifiStateMachine( 2441): Error! unhandled message{ when=-2ms what=135188 target=com.android.internal.util.StateMachine$SmHandler }
I/GCoreUlr( 2797): Successfully inserted 1 locations
D/KeyguardUpdateMonitor( 2660): received broadcast android.intent.action.BATTERY_CHANGED
D/KeyguardUpdateMonitor( 2660): handleBatteryUpdate
D/KeyguardUpdateMonitor( 2660): received broadcast android.intent.action.BATTERY_CHANGED
D/KeyguardUpdateMonitor( 2660): handleBatteryUpdate
I/SensorManagerA( 2797): getReportingMode :: sensor.mType = 6
E/Sensors ( 2441): Pressure old sensor_state 0, new sensor_state : 8 en : 1
D/SensorManager( 2797): registerListener :: 4, BMP182 Barometer Sensor, 0, 0,  
D/KeyguardUpdateMonitor( 2660): received broadcast android.intent.action.TIME_TICK
D/KeyguardUpdateMonitor( 2660): handleTimeUpdate
I/SensorManagerA( 2797): getReportingMode :: sensor.mType = 1
E/Sensors ( 2441): Acc old sensor_state 8, new sensor_state : 9 en : 1
D/SensorManager( 2797): registerListener :: 0, LSM330DLC Acceleration Sensor, 20000, 0,  
E/Sensors ( 2441): Pressure old sensor_state 9, new sensor_state : 1 en : 0
D/SensorManager( 2797): unregisterListener ::   
E/Sensors ( 2441): Acc old sensor_state 1, new sensor_state : 0 en : 0
D/SensorManager( 2797): unregisterListener ::   
D/dalvikvm( 2441): GC_EXPLICIT freed 1915K, 37% free 34481K/54192K, paused 7ms+19ms, total 275ms
D/KeyguardUpdateMonitor( 2660): received broadcast android.intent.action.BATTERY_CHANGED
D/KeyguardUpdateMonitor( 2660): handleBatteryUpdate
D/KeyguardUpdateMonitor( 2660): received broadcast android.intent.action.TIME_TICK
D/KeyguardUpdateMonitor( 2660): handleTimeUpdate
I/SensorManagerA( 2797): getReportingMode :: sensor.mType = 6
E/Sensors ( 2441): Pressure old sensor_state 0, new sensor_state : 8 en : 1
D/SensorManager( 2797): registerListener :: 4, BMP182 Barometer Sensor, 0, 0,  
E/Sensors ( 2441): Pressure old sensor_state 8, new sensor_state : 0 en : 0
D/SensorManager( 2797): unregisterListener ::   
D/KeyguardUpdateMonitor( 2660): received broadcast android.intent.action.BATTERY_CHANGED
D/KeyguardUpdateMonitor( 2660): handleBatteryUpdate
I/wpa_supplicant( 4038): wlan0: Setting scan request: 0 sec 0 usec
I/wpa_supplicant( 4038): Scan requested (ret=0) - scan timeout 30 seconds
D/WifiController( 2441): SET_AP_BOOSTER_FLAG ignored due to state change
I/BootupListener( 2826): mPendingNetworkManualSelection : false
E/NetworkNotificationUI( 2826): onDataConnectionStateChanged-S:2
D/NetworkNotificationUI( 2826): mDataState = 2 mPrevDataState = 2
D/NetworkNotificationUI( 2826): mIsWifiConnected = false m3gwarningPopup = false
D/PhoneApp( 2826): mReceiver: ACTION_ANY_DATA_CONNECTION_STATE_CHANGED
D/FileWriteThread( 2826): FileWriteThread : threadType = 2
D/NotificationMgr( 2826): hideDataDisconnectedRoaming()...
D/ContextualPageReceiver( 2851): mContextualPageReceiver: ACTION_SERVICE_STATE_CHANGED isRoaming : false
D/StatusChecker( 7877): onReceive : android.intent.action.SERVICE_STATE
D/StatusChecker( 7877): Service state changed : 0
I/wpa_supplicant( 4038): nl80211: Received scan results (10 BSSes)
I/wpa_supplicant( 4038): wlan0: Setting scan request: 8 sec 0 usec
I/wpa_supplicant( 4038): wlan0: CTRL-EVENT-NO-CONNECTION
I/wpa_supplicant( 4038): wlan0: Setting scan request: 8 sec 0 usec
D/Tethering( 2441): interfaceLinkStateChanged wlan0, true
D/Tethering( 2441): interfaceStatusChanged wlan0, true
E/WifiStateMachine( 2441): Error! unhandled message{ when=0 what=135188 target=com.android.internal.util.StateMachine$SmHandler }
D/dalvikvm( 2797): GC_FOR_ALLOC freed 2261K, 51% free 14480K/29316K, paused 147ms, total 150ms
I/GCoreUlr( 2797): Successfully inserted 1 locations
D/WifiController( 2441): SET_AP_BOOSTER_FLAG ignored due to state change
E/NetworkNotificationUI( 2826): onDataConnectionStateChanged-S:2
D/NetworkNotificationUI( 2826): mDataState = 2 mPrevDataState = 2
D/NetworkNotificationUI( 2826): mIsWifiConnected = false m3gwarningPopup = false
I/BootupListener( 2826): mPendingNetworkManualSelection : false
D/PhoneApp( 2826): mReceiver: ACTION_ANY_DATA_CONNECTION_STATE_CHANGED
D/FileWriteThread( 2826): FileWriteThread : threadType = 2
D/NotificationMgr( 2826): hideDataDisconnectedRoaming()...
D/ContextualPageReceiver( 2851): mContextualPageReceiver: ACTION_SERVICE_STATE_CHANGED isRoaming : false
D/StatusChecker( 7877): onReceive : android.intent.action.SERVICE_STATE
D/StatusChecker( 7877): Service state changed : 0
D/KeyguardUpdateMonitor( 2660): received broadcast android.intent.action.BATTERY_CHANGED
D/KeyguardUpdateMonitor( 2660): handleBatteryUpdate
I/wpa_supplicant( 4038): Scan requested (ret=0) - scan timeout 30 seconds
I/wpa_supplicant( 4038): nl80211: Received scan results (12 BSSes)
I/wpa_supplicant( 4038): wlan0: Setting scan request: 16 sec 0 usec
I/wpa_supplicant( 4038): wlan0: CTRL-EVENT-NO-CONNECTION
I/wpa_supplicant( 4038): wlan0: Setting scan request: 16 sec 0 usec
D/Tethering( 2441): interfaceLinkStateChanged wlan0, true
D/Tethering( 2441): interfaceStatusChanged wlan0, true
D/KeyguardUpdateMonitor( 2660): received broadcast android.intent.action.BATTERY_CHANGED
D/KeyguardUpdateMonitor( 2660): handleBatteryUpdate
E/WifiStateMachine( 2441): Error! unhandled message{ when=0 what=135188 target=com.android.internal.util.StateMachine$SmHandler }
D/KeyguardUpdateMonitor( 2660): received broadcast android.intent.action.BATTERY_CHANGED
D/KeyguardUpdateMonitor( 2660): handleBatteryUpdate
D/KeyguardUpdateMonitor( 2660): received broadcast android.intent.action.TIME_TICK
D/KeyguardUpdateMonitor( 2660): handleTimeUpdate
I/SensorManagerA( 2797): getReportingMode :: sensor.mType = 6
E/Sensors ( 2441): Pressure old sensor_state 0, new sensor_state : 8 en : 1
D/SensorManager( 2797): registerListener :: 4, BMP182 Barometer Sensor, 0, 0,  
I/SensorManagerA( 2797): getReportingMode :: sensor.mType = 1
E/Sensors ( 2441): Acc old sensor_state 8, new sensor_state : 9 en : 1
D/SensorManager( 2797): registerListener :: 0, LSM330DLC Acceleration Sensor, 20000, 0,  
I/EventLogChimeraService( 4794): Aggregate from 1495731626724 (log), 1495731626724 (data)
E/Sensors ( 2441): Pressure old sensor_state 9, new sensor_state : 1 en : 0
D/SensorManager( 2797): unregisterListener ::   
E/Sensors ( 2441): Acc old sensor_state 1, new sensor_state : 0 en : 0
D/SensorManager( 2797): unregisterListener ::   
I/SensorManagerA( 2797): getReportingMode :: sensor.mType = 6
D/KeyguardUpdateMonitor( 2660): received broadcast android.intent.action.TIME_TICK
D/KeyguardUpdateMonitor( 2660): handleTimeUpdate
E/Sensors ( 2441): Pressure old sensor_state 0, new sensor_state : 8 en : 1
D/SensorManager( 2797): registerListener :: 4, BMP182 Barometer Sensor, 0, 0,  
D/KeyguardUpdateMonitor( 2660): received broadcast android.intent.action.BATTERY_CHANGED
D/KeyguardUpdateMonitor( 2660): handleBatteryUpdate
E/Sensors ( 2441): Pressure old sensor_state 8, new sensor_state : 0 en : 0
D/WifiController( 2441): SET_AP_BOOSTER_FLAG ignored due to state change
I/BootupListener( 2826): mPendingNetworkManualSelection : false
E/NetworkNotificationUI( 2826): onDataConnectionStateChanged-S:2
D/NetworkNotificationUI( 2826): mDataState = 2 mPrevDataState = 2
D/NetworkNotificationUI( 2826): mIsWifiConnected = false m3gwarningPopup = false
D/PhoneApp( 2826): mReceiver: ACTION_ANY_DATA_CONNECTION_STATE_CHANGED
D/FileWriteThread( 2826): FileWriteThread : threadType = 2
D/ContextualPageReceiver( 2851): mContextualPageReceiver: ACTION_SERVICE_STATE_CHANGED isRoaming : false
D/NotificationMgr( 2826): hideDataDisconnectedRoaming()...
D/StatusChecker( 7877): onReceive : android.intent.action.SERVICE_STATE
D/StatusChecker( 7877): Service state changed : 0
D/SensorManager( 2797): unregisterListener ::   
W/PlatformStatsUtil( 4794): Could not retrieve Usage & Diagnostics setting. Giving up.
I/wpa_supplicant( 4038): Scan requested (ret=0) - scan timeout 30 seconds
D/WifiController( 2441): SET_AP_BOOSTER_FLAG ignored due to state change
I/BootupListener( 2826): mPendingNetworkManualSelection : false
E/NetworkNotificationUI( 2826): onDataConnectionStateChanged-S:2
D/NetworkNotificationUI( 2826): mDataState = 2 mPrevDataState = 2
D/NetworkNotificationUI( 2826): mIsWifiConnected = false m3gwarningPopup = false
D/PhoneApp( 2826): mReceiver: ACTION_ANY_DATA_CONNECTION_STATE_CHANGED
D/FileWriteThread( 2826): FileWriteThread : threadType = 2
D/NotificationMgr( 2826): hideDataDisconnectedRoaming()...
D/StatusChecker( 7877): onReceive : android.intent.action.SERVICE_STATE
D/StatusChecker( 7877): Service state changed : 0
D/ContextualPageReceiver( 2851): mContextualPageReceiver: ACTION_SERVICE_STATE_CHANGED isRoaming : false
I/wpa_supplicant( 4038): nl80211: Received scan results (13 BSSes)
I/wpa_supplicant( 4038): wlan0: Setting scan request: 32 sec 0 usec
I/wpa_supplicant( 4038): wlan0: CTRL-EVENT-NO-CONNECTION
I/wpa_supplicant( 4038): wlan0: Setting scan request: 32 sec 0 usec
D/Tethering( 2441): interfaceLinkStateChanged wlan0, true
D/Tethering( 2441): interfaceStatusChanged wlan0, true
E/WifiStateMachine( 2441): Error! unhandled message{ when=-2ms what=135188 target=com.android.internal.util.StateMachine$SmHandler }
D/KeyguardUpdateMonitor( 2660): received broadcast android.intent.action.BATTERY_CHANGED
D/KeyguardUpdateMonitor( 2660): handleBatteryUpdate
D/KeyguardUpdateMonitor( 2660): received broadcast android.intent.action.BATTERY_CHANGED
D/KeyguardUpdateMonitor( 2660): handleBatteryUpdate
D/KeyguardUpdateMonitor( 2660): received broadcast android.intent.action.TIME_TICK
D/KeyguardUpdateMonitor( 2660): handleTimeUpdate
I/SensorManagerA( 2797): getReportingMode :: sensor.mType = 6
E/Sensors ( 2441): Pressure old sensor_state 0, new sensor_state : 8 en : 1
D/SensorManager( 2797): registerListener :: 4, BMP182 Barometer Sensor, 0, 0,  
I/SensorManagerA( 2797): getReportingMode :: sensor.mType = 1
E/Sensors ( 2441): Acc old sensor_state 8, new sensor_state : 9 en : 1
D/SensorManager( 2797): registerListener :: 0, LSM330DLC Acceleration Sensor, 20000, 0,  
W/ctxmgr  ( 2797): [AclManager]null policy map (3) -1, clientInfo=(accnt=account#1641239501#, com.google.android.gms(10036):AccountManager, vrsn=10298036, 0, 3pPkg = null ,  3pMdlId = null)
W/ctxmgr  ( 2797): [AccountManager]Can't read store: account#1641239501#, 7503
W/ctxmgr  ( 2797): [AclManager]null policy map (3) -1, clientInfo=(accnt=account#-517948760#, com.google.android.gms(10036):AccountManager, vrsn=10298036, 0, 3pPkg = null ,  3pMdlId = null)
W/ctxmgr  ( 2797): [AccountManager]Can't read store: account#-517948760#, 7503
E/Sensors ( 2441): Pressure old sensor_state 9, new sensor_state : 1 en : 0
D/SensorManager( 2797): unregisterListener ::   
E/Sensors ( 2441): Acc old sensor_state 1, new sensor_state : 0 en : 0
D/SensorManager( 2797): unregisterListener ::   
D/KeyguardUpdateMonitor( 2660): received broadcast android.intent.action.BATTERY_CHANGED
D/KeyguardUpdateMonitor( 2660): handleBatteryUpdate
D/KeyguardUpdateMonitor( 2660): received broadcast android.intent.action.TIME_TICK
D/KeyguardUpdateMonitor( 2660): handleTimeUpdate
I/SensorManagerA( 2797): getReportingMode :: sensor.mType = 6
E/Sensors ( 2441): Pressure old sensor_state 0, new sensor_state : 8 en : 1
D/SensorManager( 2797): registerListener :: 4, BMP182 Barometer Sensor, 0, 0,  
I/wpa_supplicant( 4038): wlan0: Setting scan request: 0 sec 0 usec
I/wpa_supplicant( 4038): Scan requested (ret=0) - scan timeout 30 seconds
E/Sensors ( 2441): Pressure old sensor_state 8, new sensor_state : 0 en : 0
D/SensorManager( 2797): unregisterListener ::   
I/wpa_supplicant( 4038): nl80211: Received scan results (11 BSSes)
I/wpa_supplicant( 4038): wlan0: Setting scan request: 8 sec 0 usec
I/wpa_supplicant( 4038): wlan0: CTRL-EVENT-NO-CONNECTION
I/wpa_supplicant( 4038): wlan0: Setting scan request: 8 sec 0 usec
D/Tethering( 2441): interfaceLinkStateChanged wlan0, true
D/Tethering( 2441): interfaceStatusChanged wlan0, true
E/WifiStateMachine( 2441): Error! unhandled message{ when=0 what=135188 target=com.android.internal.util.StateMachine$SmHandler }
I/GCoreUlr( 2797): Successfully inserted 1 locations
D/KeyguardUpdateMonitor( 2660): received broadcast android.intent.action.BATTERY_CHANGED
D/KeyguardUpdateMonitor( 2660): handleBatteryUpdate
D/KeyguardUpdateMonitor( 2660): received broadcast android.intent.action.BATTERY_CHANGED
D/KeyguardUpdateMonitor( 2660): handleBatteryUpdate
D/KeyguardUpdateMonitor( 2660): received broadcast android.intent.action.TIME_TICK
D/KeyguardUpdateMonitor( 2660): handleTimeUpdate
I/SensorManagerA( 2797): getReportingMode :: sensor.mType = 6
E/Sensors ( 2441): Pressure old sensor_state 0, new sensor_state : 8 en : 1
D/SensorManager( 2797): registerListener :: 4, BMP182 Barometer Sensor, 0, 0,  
D/EnterpriseDeviceManager( 2441): ContainerId: 0
W/CallerInfoCache( 2826): Previous cache task is remaining.
D/dalvikvm( 2441): GC_EXPLICIT freed 1968K, 37% free 34486K/54192K, paused 14ms+15ms, total 247ms
I/SensorManagerA( 2797): getReportingMode :: sensor.mType = 1
E/Sensors ( 2441): Acc old sensor_state 8, new sensor_state : 9 en : 1
D/SensorManager( 2797): registerListener :: 0, LSM330DLC Acceleration Sensor, 20000, 0,  
E/Sensors ( 2441): Pressure old sensor_state 9, new sensor_state : 1 en : 0
D/SensorManager( 2797): unregisterListener ::   
E/Sensors ( 2441): Acc old sensor_state 1, new sensor_state : 0 en : 0
D/SensorManager( 2797): unregisterListener ::   
D/KeyguardUpdateMonitor( 2660): received broadcast android.intent.action.BATTERY_CHANGED
D/KeyguardUpdateMonitor( 2660): handleBatteryUpdate
I/SensorManagerA( 2797): getReportingMode :: sensor.mType = 6
E/Sensors ( 2441): Pressure old sensor_state 0, new sensor_state : 8 en : 1
D/SensorManager( 2797): registerListener :: 4, BMP182 Barometer Sensor, 0, 0,  
D/KeyguardUpdateMonitor( 2660): received broadcast android.intent.action.TIME_TICK
D/KeyguardUpdateMonitor( 2660): handleTimeUpdate
I/wpa_supplicant( 4038): wlan0: Setting scan request: 0 sec 0 usec
I/wpa_supplicant( 4038): Scan requested (ret=0) - scan timeout 30 seconds
E/Sensors ( 2441): Pressure old sensor_state 8, new sensor_state : 0 en : 0
D/SensorManager( 2797): unregisterListener ::   
I/wpa_supplicant( 4038): nl80211: Received scan results (11 BSSes)
I/wpa_supplicant( 4038): wlan0: Setting scan request: 8 sec 0 usec
I/wpa_supplicant( 4038): wlan0: CTRL-EVENT-NO-CONNECTION
I/wpa_supplicant( 4038): wlan0: Setting scan request: 8 sec 0 usec
D/Tethering( 2441): interfaceLinkStateChanged wlan0, true
D/Tethering( 2441): interfaceStatusChanged wlan0, true
E/WifiStateMachine( 2441): Error! unhandled message{ when=-1ms what=135188 target=com.android.internal.util.StateMachine$SmHandler }
I/GCoreUlr( 2797): Successfully inserted 1 locations
D/KeyguardUpdateMonitor( 2660): received broadcast android.intent.action.BATTERY_CHANGED
D/KeyguardUpdateMonitor( 2660): handleBatteryUpdate
D/KeyguardUpdateMonitor( 2660): received broadcast android.intent.action.TIME_TICK
D/KeyguardUpdateMonitor( 2660): handleTimeUpdate
D/KeyguardUpdateMonitor( 2660): received broadcast android.intent.action.BATTERY_CHANGED
D/KeyguardUpdateMonitor( 2660): handleBatteryUpdate
I/SensorManagerA( 2797): getReportingMode :: sensor.mType = 1
E/Sensors ( 2441): Acc old sensor_state 0, new sensor_state : 1 en : 1
D/SensorManager( 2797): registerListener :: 0, LSM330DLC Acceleration Sensor, 20000, 0,  
D/dalvikvm( 4794): GC_EXPLICIT freed 750K, 39% free 13393K/21728K, paused 17ms+24ms, total 166ms
E/cutils  ( 1949): Failed to mkdirat(/storage/extSdCard/Android): Read-only file system
W/ContextImpl( 2959): Failed to ensure directory: /storage/extSdCard/Android/data/com.google.android.apps.maps/files
E/cutils  ( 1949): Failed to mkdirat(/storage/extSdCard/Android): Read-only file system
W/ContextImpl( 2959): Failed to ensure directory: /storage/extSdCard/Android/data/com.google.android.apps.maps/files
E/Sensors ( 2441): Acc old sensor_state 1, new sensor_state : 0 en : 0
D/SensorManager( 2797): unregisterListener ::   
D/WifiController( 2441): SET_AP_BOOSTER_FLAG ignored due to state change
I/BootupListener( 2826): mPendingNetworkManualSelection : false
E/NetworkNotificationUI( 2826): onDataConnectionStateChanged-S:2
D/NetworkNotificationUI( 2826): mDataState = 2 mPrevDataState = 2
D/NetworkNotificationUI( 2826): mIsWifiConnected = false m3gwarningPopup = false
D/PhoneApp( 2826): mReceiver: ACTION_ANY_DATA_CONNECTION_STATE_CHANGED
D/FileWriteThread( 2826): FileWriteThread : threadType = 2
D/ContextualPageReceiver( 2851): mContextualPageReceiver: ACTION_SERVICE_STATE_CHANGED isRoaming : false
D/NotificationMgr( 2826): hideDataDisconnectedRoaming()...
D/StatusChecker( 7877): onReceive : android.intent.action.SERVICE_STATE
D/StatusChecker( 7877): Service state changed : 0
I/wpa_supplicant( 4038): Scan requested (ret=0) - scan timeout 30 seconds
D/KeyguardUpdateMonitor( 2660): received broadcast android.intent.action.TIME_TICK
D/KeyguardUpdateMonitor( 2660): handleTimeUpdate
I/wpa_supplicant( 4038): nl80211: Received scan results (8 BSSes)
I/wpa_supplicant( 4038): wlan0: Setting scan request: 16 sec 0 usec
I/wpa_supplicant( 4038): wlan0: CTRL-EVENT-NO-CONNECTION
I/wpa_supplicant( 4038): wlan0: Setting scan request: 16 sec 0 usec
D/Tethering( 2441): interfaceLinkStateChanged wlan0, true
D/Tethering( 2441): interfaceStatusChanged wlan0, true
E/WifiStateMachine( 2441): Error! unhandled message{ when=-1ms what=135188 target=com.android.internal.util.StateMachine$SmHandler }
D/WifiController( 2441): SET_AP_BOOSTER_FLAG ignored due to state change
I/BootupListener( 2826): mPendingNetworkManualSelection : false
E/NetworkNotificationUI( 2826): onDataConnectionStateChanged-S:2
D/NetworkNotificationUI( 2826): mDataState = 2 mPrevDataState = 2
D/NetworkNotificationUI( 2826): mIsWifiConnected = false m3gwarningPopup = false
D/PhoneApp( 2826): mReceiver: ACTION_ANY_DATA_CONNECTION_STATE_CHANGED
D/FileWriteThread( 2826): FileWriteThread : threadType = 2
D/NotificationMgr( 2826): hideDataDisconnectedRoaming()...
D/ContextualPageReceiver( 2851): mContextualPageReceiver: ACTION_SERVICE_STATE_CHANGED isRoaming : false
D/dalvikvm( 2826): GC_CONCURRENT freed 425K, 21% free 8744K/11056K, paused 92ms+3ms, total 355ms
D/StatusChecker( 7877): onReceive : android.intent.action.SERVICE_STATE
D/StatusChecker( 7877): Service state changed : 0
D/KeyguardUpdateMonitor( 2660): received broadcast android.intent.action.BATTERY_CHANGED
D/KeyguardUpdateMonitor( 2660): handleBatteryUpdate
I/SensorManagerA( 2797): getReportingMode :: sensor.mType = 6
E/Sensors ( 2441): Pressure old sensor_state 0, new sensor_state : 8 en : 1
D/SensorManager( 2797): registerListener :: 4, BMP182 Barometer Sensor, 0, 0,  
D/KeyguardUpdateMonitor( 2660): received broadcast android.intent.action.BATTERY_CHANGED
D/KeyguardUpdateMonitor( 2660): handleBatteryUpdate
D/KeyguardUpdateMonitor( 2660): received broadcast android.intent.action.TIME_TICK
D/KeyguardUpdateMonitor( 2660): handleTimeUpdate
I/SensorManagerA( 2797): getReportingMode :: sensor.mType = 1
E/Sensors ( 2441): Acc old sensor_state 8, new sensor_state : 9 en : 1
D/SensorManager( 2797): registerListener :: 0, LSM330DLC Acceleration Sensor, 20000, 0,  
I/wpa_supplicant( 4038): wlan0: Setting scan request: 0 sec 0 usec
I/wpa_supplicant( 4038): Scan requested (ret=0) - scan timeout 30 seconds
E/Sensors ( 2441): Pressure old sensor_state 9, new sensor_state : 1 en : 0
D/SensorManager( 2797): unregisterListener ::   
E/Sensors ( 2441): Acc old sensor_state 1, new sensor_state : 0 en : 0
D/SensorManager( 2797): unregisterListener ::   
I/wpa_supplicant( 4038): nl80211: Received scan results (8 BSSes)
I/wpa_supplicant( 4038): wlan0: Setting scan request: 8 sec 0 usec
I/wpa_supplicant( 4038): wlan0: CTRL-EVENT-NO-CONNECTION
I/wpa_supplicant( 4038): wlan0: Setting scan request: 8 sec 0 usec
D/Tethering( 2441): interfaceLinkStateChanged wlan0, true
D/Tethering( 2441): interfaceStatusChanged wlan0, true
E/WifiStateMachine( 2441): Error! unhandled message{ when=-2ms what=135188 target=com.android.internal.util.StateMachine$SmHandler }
D/dalvikvm( 2797): GC_CONCURRENT freed 2197K, 51% free 14540K/29316K, paused 36ms+10ms, total 325ms
I/GCoreUlr( 2797): Successfully inserted 1 locations
D/KeyguardUpdateMonitor( 2660): received broadcast android.intent.action.BATTERY_CHANGED
D/KeyguardUpdateMonitor( 2660): handleBatteryUpdate
D/KeyguardUpdateMonitor( 2660): received broadcast android.intent.action.BATTERY_CHANGED
D/KeyguardUpdateMonitor( 2660): handleBatteryUpdate
I/SensorManagerA( 2797): getReportingMode :: sensor.mType = 6
E/Sensors ( 2441): Pressure old sensor_state 0, new sensor_state : 8 en : 1
D/SensorManager( 2797): registerListener :: 4, BMP182 Barometer Sensor, 0, 0,  
D/KeyguardUpdateMonitor( 2660): received broadcast android.intent.action.TIME_TICK
D/KeyguardUpdateMonitor( 2660): handleTimeUpdate
D/KeyguardUpdateMonitor( 2660): received broadcast android.intent.action.TIME_TICK
D/KeyguardUpdateMonitor( 2660): handleTimeUpdate
E/Sensors ( 2441): Pressure old sensor_state 8, new sensor_state : 0 en : 0
D/SensorManager( 2797): unregisterListener ::   
D/dalvikvm( 2441): GC_EXPLICIT freed 1482K, 37% free 34465K/54192K, paused 19ms+19ms, total 342ms
I/SensorManagerA( 2797): getReportingMode :: sensor.mType = 1
E/Sensors ( 2441): Acc old sensor_state 0, new sensor_state : 1 en : 1
D/SensorManager( 2797): registerListener :: 0, LSM330DLC Acceleration Sensor, 20000, 0,  
E/Sensors ( 2441): Acc old sensor_state 1, new sensor_state : 0 en : 0
D/SensorManager( 2797): unregisterListener ::   
D/KeyguardUpdateMonitor( 2660): received broadcast android.intent.action.TIME_TICK
D/KeyguardUpdateMonitor( 2660): handleTimeUpdate
D/KeyguardUpdateMonitor( 2660): received broadcast android.intent.action.BATTERY_CHANGED
D/KeyguardUpdateMonitor( 2660): handleBatteryUpdate
D/dalvikvm( 3789): GC_CONCURRENT freed 385K, 22% free 7779K/9964K, paused 3ms+8ms, total 109ms
I/SensorManagerA( 2797): getReportingMode :: sensor.mType = 6
E/Sensors ( 2441): Pressure old sensor_state 0, new sensor_state : 8 en : 1
D/SensorManager( 2797): registerListener :: 4, BMP182 Barometer Sensor, 0, 0,  
I/wpa_supplicant( 4038): wlan0: Setting scan request: 0 sec 0 usec
I/wpa_supplicant( 4038): Scan requested (ret=0) - scan timeout 30 seconds
E/Sensors ( 2441): Pressure old sensor_state 8, new sensor_state : 0 en : 0
D/SensorManager( 2797): unregisterListener ::   
I/wpa_supplicant( 4038): nl80211: Received scan results (10 BSSes)
I/wpa_supplicant( 4038): wlan0: Setting scan request: 8 sec 0 usec
I/wpa_supplicant( 4038): wlan0: CTRL-EVENT-NO-CONNECTION
I/wpa_supplicant( 4038): wlan0: Setting scan request: 8 sec 0 usec
D/Tethering( 2441): interfaceLinkStateChanged wlan0, true
D/Tethering( 2441): interfaceStatusChanged wlan0, true
E/WifiStateMachine( 2441): Error! unhandled message{ when=-1ms what=135188 target=com.android.internal.util.StateMachine$SmHandler }
I/GCoreUlr( 2797): Successfully inserted 1 locations
I/GCoreUlr( 2797): Starting service, intent=Intent { act=com.google.android.location.reporting.UPLOAD cmp=com.google.android.gms/com.google.android.location.reporting.service.DispatchingService }, extras=null
I/GCoreUlr( 2797): LocationReporter sending 13 locations, 14 activities, and 6 metadata for account account#1# request #0; requests: []
D/dalvikvm( 2901): GC_CONCURRENT freed 902K, 25% free 10207K/13608K, paused 5ms+6ms, total 101ms
D/WifiController( 2441): SET_AP_BOOSTER_FLAG ignored due to state change
E/NetworkNotificationUI( 2826): onDataConnectionStateChanged-S:2
D/NetworkNotificationUI( 2826): mDataState = 2 mPrevDataState = 2
D/NetworkNotificationUI( 2826): mIsWifiConnected = false m3gwarningPopup = false
I/BootupListener( 2826): mPendingNetworkManualSelection : false
D/PhoneApp( 2826): mReceiver: ACTION_ANY_DATA_CONNECTION_STATE_CHANGED
D/FileWriteThread( 2826): FileWriteThread : threadType = 2
D/NotificationMgr( 2826): hideDataDisconnectedRoaming()...
D/ContextualPageReceiver( 2851): mContextualPageReceiver: ACTION_SERVICE_STATE_CHANGED isRoaming : false
D/StatusChecker( 7877): onReceive : android.intent.action.SERVICE_STATE
D/StatusChecker( 7877): Service state changed : 0
I/GCoreUlr( 2797): Batch Location Update succeeded for account account#1#
I/wpa_supplicant( 4038): Scan requested (ret=0) - scan timeout 30 seconds
D/WifiController( 2441): SET_AP_BOOSTER_FLAG ignored due to state change
E/NetworkNotificationUI( 2826): onDataConnectionStateChanged-S:2
D/NetworkNotificationUI( 2826): mDataState = 2 mPrevDataState = 2
D/NetworkNotificationUI( 2826): mIsWifiConnected = false m3gwarningPopup = false
I/BootupListener( 2826): mPendingNetworkManualSelection : false
D/PhoneApp( 2826): mReceiver: ACTION_ANY_DATA_CONNECTION_STATE_CHANGED
D/FileWriteThread( 2826): FileWriteThread : threadType = 2
D/NotificationMgr( 2826): hideDataDisconnectedRoaming()...
D/ContextualPageReceiver( 2851): mContextualPageReceiver: ACTION_SERVICE_STATE_CHANGED isRoaming : false
D/StatusChecker( 7877): onReceive : android.intent.action.SERVICE_STATE
D/StatusChecker( 7877): Service state changed : 0
I/wpa_supplicant( 4038): nl80211: Received scan results (7 BSSes)
I/wpa_supplicant( 4038): wlan0: Setting scan request: 16 sec 0 usec
I/wpa_supplicant( 4038): wlan0: CTRL-EVENT-NO-CONNECTION
I/wpa_supplicant( 4038): wlan0: Setting scan request: 16 sec 0 usec
D/Tethering( 2441): interfaceLinkStateChanged wlan0, true
D/Tethering( 2441): interfaceStatusChanged wlan0, true
D/KeyguardUpdateMonitor( 2660): received broadcast android.intent.action.BATTERY_CHANGED
D/KeyguardUpdateMonitor( 2660): handleBatteryUpdate
E/WifiStateMachine( 2441): Error! unhandled message{ when=-1ms what=135188 target=com.android.internal.util.StateMachine$SmHandler }
D/KeyguardUpdateMonitor( 2660): received broadcast android.intent.action.BATTERY_CHANGED
D/KeyguardUpdateMonitor( 2660): handleBatteryUpdate
D/KeyguardUpdateMonitor( 2660): received broadcast android.intent.action.TIME_TICK
D/KeyguardUpdateMonitor( 2660): handleTimeUpdate
I/SensorManagerA( 2797): getReportingMode :: sensor.mType = 6
E/Sensors ( 2441): Pressure old sensor_state 0, new sensor_state : 8 en : 1
D/SensorManager( 2797): registerListener :: 4, BMP182 Barometer Sensor, 0, 0,  
I/GCoreUlr( 2797): WorldUpdater received intent Intent { act=com.google.android.location.reporting.ACTION_UPDATE_WORLD flg=0x4 cmp=com.google.android.gms/com.google.android.location.reporting.service.DispatchingService (has extras) } with receiverAction NO_RECEIVER_ACTION
I/SensorManagerA( 2797): getReportingMode :: sensor.mType = 1
E/Sensors ( 2441): Acc old sensor_state 8, new sensor_state : 9 en : 1
D/SensorManager( 2797): registerListener :: 0, LSM330DLC Acceleration Sensor, 20000, 0,  
E/EnterpriseContainerManager( 2441): ContainerPolicy Service is not yet ready!!!
D/EnterpriseDeviceManager( 2441): ContainerId: 0
I/GCoreUlr( 2797): WorldUpdater:NO_RECEIVER_ACTION: Ensuring that reporting is active for [account#1#]
I/GCoreUlr( 2797): Place inference reporting - stop
E/Sensors ( 2441): Pressure old sensor_state 9, new sensor_state : 1 en : 0
D/SensorManager( 2797): unregisterListener ::   
E/Sensors ( 2441): Acc old sensor_state 1, new sensor_state : 0 en : 0
D/SensorManager( 2797): unregisterListener ::   
I/SensorManagerA( 2797): getReportingMode :: sensor.mType = 6
E/Sensors ( 2441): Pressure old sensor_state 0, new sensor_state : 8 en : 1
D/SensorManager( 2797): registerListener :: 4, BMP182 Barometer Sensor, 0, 0,  
D/KeyguardUpdateMonitor( 2660): received broadcast android.intent.action.BATTERY_CHANGED
D/KeyguardUpdateMonitor( 2660): handleBatteryUpdate
D/KeyguardUpdateMonitor( 2660): received broadcast android.intent.action.TIME_TICK
D/KeyguardUpdateMonitor( 2660): handleTimeUpdate
D/WifiController( 2441): SET_AP_BOOSTER_FLAG ignored due to state change
I/BootupListener( 2826): mPendingNetworkManualSelection : false
E/NetworkNotificationUI( 2826): onDataConnectionStateChanged-S:2
D/NetworkNotificationUI( 2826): mDataState = 2 mPrevDataState = 2
D/NetworkNotificationUI( 2826): mIsWifiConnected = false m3gwarningPopup = false
D/PhoneApp( 2826): mReceiver: ACTION_ANY_DATA_CONNECTION_STATE_CHANGED
D/FileWriteThread( 2826): FileWriteThread : threadType = 2
D/NotificationMgr( 2826): hideDataDisconnectedRoaming()...
D/ContextualPageReceiver( 2851): mContextualPageReceiver: ACTION_SERVICE_STATE_CHANGED isRoaming : false
D/StatusChecker( 7877): onReceive : android.intent.action.SERVICE_STATE
D/StatusChecker( 7877): Service state changed : 0
E/Sensors ( 2441): Pressure old sensor_state 8, new sensor_state : 0 en : 0
D/SensorManager( 2797): unregisterListener ::   
I/wpa_supplicant( 4038): Scan requested (ret=0) - scan timeout 30 seconds
I/wpa_supplicant( 4038): nl80211: Received scan results (10 BSSes)
I/wpa_supplicant( 4038): wlan0: Setting scan request: 32 sec 0 usec
I/wpa_supplicant( 4038): wlan0: CTRL-EVENT-NO-CONNECTION
I/wpa_supplicant( 4038): wlan0: Setting scan request: 32 sec 0 usec
D/Tethering( 2441): interfaceLinkStateChanged wlan0, true
D/Tethering( 2441): interfaceStatusChanged wlan0, true
E/WifiStateMachine( 2441): Error! unhandled message{ when=-2ms what=135188 target=com.android.internal.util.StateMachine$SmHandler }
D/WifiController( 2441): SET_AP_BOOSTER_FLAG ignored due to state change
E/NetworkNotificationUI( 2826): onDataConnectionStateChanged-S:2
D/NetworkNotificationUI( 2826): mDataState = 2 mPrevDataState = 2
D/NetworkNotificationUI( 2826): mIsWifiConnected = false m3gwarningPopup = false
I/BootupListener( 2826): mPendingNetworkManualSelection : false
D/PhoneApp( 2826): mReceiver: ACTION_ANY_DATA_CONNECTION_STATE_CHANGED
D/FileWriteThread( 2826): FileWriteThread : threadType = 2
D/NotificationMgr( 2826): hideDataDisconnectedRoaming()...
D/ContextualPageReceiver( 2851): mContextualPageReceiver: ACTION_SERVICE_STATE_CHANGED isRoaming : false
D/StatusChecker( 7877): onReceive : android.intent.action.SERVICE_STATE
D/StatusChecker( 7877): Service state changed : 0
D/KeyguardUpdateMonitor( 2660): received broadcast android.intent.action.BATTERY_CHANGED
D/KeyguardUpdateMonitor( 2660): handleBatteryUpdate
D/KeyguardUpdateMonitor( 2660): received broadcast android.intent.action.BATTERY_CHANGED
D/KeyguardUpdateMonitor( 2660): handleBatteryUpdate
W/Finsky  ( 4156): [1] com.google.android.finsky.d.u.a(42): No LoggingContext in the bundle, which breaks event chain!. Creating a new logging context.
I/Finsky  ( 4156): [1] com.google.android.finsky.autoupdate.ReschedulerUsingAlarmManager$CheckWifiAndAutoUpdate.onStartCommand(7): Checking wifi: disabled, will check wifi again later.
I/SensorManagerA( 2797): getReportingMode :: sensor.mType = 6
E/Sensors ( 2441): Pressure old sensor_state 0, new sensor_state : 8 en : 1
D/SensorManager( 2797): registerListener :: 4, BMP182 Barometer Sensor, 0, 0,  
D/KeyguardUpdateMonitor( 2660): received broadcast android.intent.action.TIME_TICK
D/KeyguardUpdateMonitor( 2660): handleTimeUpdate
I/Finsky  ( 4156): [1] com.google.android.finsky.autoupdate.ReschedulerUsingAlarmManager.b(24): Scheduling recheck in 3600000 MS
I/SensorManagerA( 2797): getReportingMode :: sensor.mType = 1
E/Sensors ( 2441): Acc old sensor_state 8, new sensor_state : 9 en : 1
D/SensorManager( 2797): registerListener :: 0, LSM330DLC Acceleration Sensor, 20000, 0,  
I/wpa_supplicant( 4038): wlan0: Setting scan request: 0 sec 0 usec
I/wpa_supplicant( 4038): Scan requested (ret=0) - scan timeout 30 seconds
I/EventLogChimeraService( 4794): Aggregate from 1495733426942 (log), 1495733426942 (data)
E/Sensors ( 2441): Pressure old sensor_state 9, new sensor_state : 1 en : 0
D/SensorManager( 2797): unregisterListener ::   
E/Sensors ( 2441): Acc old sensor_state 1, new sensor_state : 0 en : 0
D/SensorManager( 2797): unregisterListener ::   
I/wpa_supplicant( 4038): nl80211: Received scan results (9 BSSes)
I/wpa_supplicant( 4038): wlan0: Setting scan request: 8 sec 0 usec
I/wpa_supplicant( 4038): wlan0: CTRL-EVENT-NO-CONNECTION
I/wpa_supplicant( 4038): wlan0: Setting scan request: 8 sec 0 usec
D/Tethering( 2441): interfaceLinkStateChanged wlan0, true
D/Tethering( 2441): interfaceStatusChanged wlan0, true
E/WifiStateMachine( 2441): Error! unhandled message{ when=-1ms what=135188 target=com.android.internal.util.StateMachine$SmHandler }
D/dalvikvm( 2441): GC_EXPLICIT freed 1556K, 37% free 34468K/54192K, paused 11ms+25ms, total 358ms
I/GCoreUlr( 2797): Successfully inserted 1 locations
D/KeyguardUpdateMonitor( 2660): received broadcast android.intent.action.BATTERY_CHANGED
D/KeyguardUpdateMonitor( 2660): handleBatteryUpdate
W/PlatformStatsUtil( 4794): Could not retrieve Usage & Diagnostics setting. Giving up.
D/KeyguardUpdateMonitor( 2660): received broadcast android.intent.action.BATTERY_CHANGED
D/KeyguardUpdateMonitor( 2660): handleBatteryUpdate
I/SensorManagerA( 2797): getReportingMode :: sensor.mType = 6
E/Sensors ( 2441): Pressure old sensor_state 0, new sensor_state : 8 en : 1
D/SensorManager( 2797): registerListener :: 4, BMP182 Barometer Sensor, 0, 0,  
D/KeyguardUpdateMonitor( 2660): received broadcast android.intent.action.TIME_TICK
D/KeyguardUpdateMonitor( 2660): handleTimeUpdate
I/SensorManagerA( 2797): getReportingMode :: sensor.mType = 1
E/Sensors ( 2441): Acc old sensor_state 8, new sensor_state : 9 en : 1
D/SensorManager( 2797): registerListener :: 0, LSM330DLC Acceleration Sensor, 20000, 0,  
E/Sensors ( 2441): Pressure old sensor_state 9, new sensor_state : 1 en : 0
D/SensorManager( 2797): unregisterListener ::   
E/Sensors ( 2441): Acc old sensor_state 1, new sensor_state : 0 en : 0
D/SensorManager( 2797): unregisterListener ::   
D/WifiController( 2441): SET_AP_BOOSTER_FLAG ignored due to state change
E/NetworkNotificationUI( 2826): onDataConnectionStateChanged-S:2
D/NetworkNotificationUI( 2826): mDataState = 2 mPrevDataState = 2
D/NetworkNotificationUI( 2826): mIsWifiConnected = false m3gwarningPopup = false
I/BootupListener( 2826): mPendingNetworkManualSelection : false
D/PhoneApp( 2826): mReceiver: ACTION_ANY_DATA_CONNECTION_STATE_CHANGED
D/FileWriteThread( 2826): FileWriteThread : threadType = 2
D/NotificationMgr( 2826): hideDataDisconnectedRoaming()...
D/ContextualPageReceiver( 2851): mContextualPageReceiver: ACTION_SERVICE_STATE_CHANGED isRoaming : false
D/StatusChecker( 7877): onReceive : android.intent.action.SERVICE_STATE
D/StatusChecker( 7877): Service state changed : 0
D/dalvikvm( 2797): GC_CONCURRENT freed 2235K, 51% free 14511K/29316K, paused 19ms+18ms, total 203ms
I/wpa_supplicant( 4038): Scan requested (ret=0) - scan timeout 30 seconds
I/wpa_supplicant( 4038): nl80211: Received scan results (8 BSSes)
I/wpa_supplicant( 4038): wlan0: Setting scan request: 16 sec 0 usec
I/wpa_supplicant( 4038): wlan0: CTRL-EVENT-NO-CONNECTION
I/wpa_supplicant( 4038): wlan0: Setting scan request: 16 sec 0 usec
D/Tethering( 2441): interfaceLinkStateChanged wlan0, true
D/Tethering( 2441): interfaceStatusChanged wlan0, true
E/WifiStateMachine( 2441): Error! unhandled message{ when=-1ms what=135188 target=com.android.internal.util.StateMachine$SmHandler }
D/WifiController( 2441): SET_AP_BOOSTER_FLAG ignored due to state change
E/NetworkNotificationUI( 2826): onDataConnectionStateChanged-S:2
D/NetworkNotificationUI( 2826): mDataState = 2 mPrevDataState = 2
D/NetworkNotificationUI( 2826): mIsWifiConnected = false m3gwarningPopup = false
I/BootupListener( 2826): mPendingNetworkManualSelection : false
D/PhoneApp( 2826): mReceiver: ACTION_ANY_DATA_CONNECTION_STATE_CHANGED
D/FileWriteThread( 2826): FileWriteThread : threadType = 2
D/NotificationMgr( 2826): hideDataDisconnectedRoaming()...
D/ContextualPageReceiver( 2851): mContextualPageReceiver: ACTION_SERVICE_STATE_CHANGED isRoaming : false
D/StatusChecker( 7877): onReceive : android.intent.action.SERVICE_STATE
D/StatusChecker( 7877): Service state changed : 0
D/KeyguardUpdateMonitor( 2660): received broadcast android.intent.action.BATTERY_CHANGED
D/KeyguardUpdateMonitor( 2660): handleBatteryUpdate
D/KeyguardUpdateMonitor( 2660): received broadcast android.intent.action.TIME_TICK
D/KeyguardUpdateMonitor( 2660): handleTimeUpdate
D/KeyguardUpdateMonitor( 2660): received broadcast android.intent.action.BATTERY_CHANGED
D/KeyguardUpdateMonitor( 2660): handleBatteryUpdate
I/SensorManagerA( 2797): getReportingMode :: sensor.mType = 6
E/Sensors ( 2441): Pressure old sensor_state 0, new sensor_state : 8 en : 1
D/SensorManager( 2797): registerListener :: 4, BMP182 Barometer Sensor, 0, 0,  
I/wpa_supplicant( 4038): wlan0: Setting scan request: 0 sec 0 usec
I/wpa_supplicant( 4038): Scan requested (ret=0) - scan timeout 30 seconds
E/Sensors ( 2441): Pressure old sensor_state 8, new sensor_state : 0 en : 0
D/SensorManager( 2797): unregisterListener ::   
I/wpa_supplicant( 4038): nl80211: Received scan results (12 BSSes)
I/wpa_supplicant( 4038): wlan0: Setting scan request: 8 sec 0 usec
I/wpa_supplicant( 4038): wlan0: CTRL-EVENT-NO-CONNECTION
I/wpa_supplicant( 4038): wlan0: Setting scan request: 8 sec 0 usec
D/Tethering( 2441): interfaceLinkStateChanged wlan0, true
