D/Tethering( 2441): interfaceStatusChanged wlan0, true
E/WifiStateMachine( 2441): Error! unhandled message{ when=0 what=135188 target=com.android.internal.util.StateMachine$SmHandler }
I/GCoreUlr( 2797): Successfully inserted 1 locations
D/KeyguardUpdateMonitor( 2660): received broadcast android.intent.action.BATTERY_CHANGED
D/KeyguardUpdateMonitor( 2660): handleBatteryUpdate
D/KeyguardUpdateMonitor( 2660): received broadcast android.intent.action.BATTERY_CHANGED
D/KeyguardUpdateMonitor( 2660): handleBatteryUpdate
D/KeyguardUpdateMonitor( 2660): received broadcast android.intent.action.TIME_TICK
D/KeyguardUpdateMonitor( 2660): handleTimeUpdate
I/SensorManagerA( 2797): getReportingMode :: sensor.mType = 6
E/Sensors ( 2441): Pressure old sensor_state 0, new sensor_state : 8 en : 1
D/SensorManager( 2797): registerListener :: 4, BMP182 Barometer Sensor, 0, 0,  
D/EnterpriseDeviceManager( 2441): ContainerId: 0
I/SensorManagerA( 2797): getReportingMode :: sensor.mType = 1
E/Sensors ( 2441): Acc old sensor_state 8, new sensor_state : 9 en : 1
D/SensorManager( 2797): registerListener :: 0, LSM330DLC Acceleration Sensor, 20000, 0,  
E/Sensors ( 2441): Pressure old sensor_state 9, new sensor_state : 1 en : 0
D/SensorManager( 2797): unregisterListener ::   
E/Sensors ( 2441): Acc old sensor_state 1, new sensor_state : 0 en : 0
D/SensorManager( 2797): unregisterListener ::   
D/KeyguardUpdateMonitor( 2660): received broadcast android.intent.action.BATTERY_CHANGED
D/KeyguardUpdateMonitor( 2660): handleBatteryUpdate
D/WifiController( 2441): SET_AP_BOOSTER_FLAG ignored due to state change
I/BootupListener( 2826): mPendingNetworkManualSelection : false
E/NetworkNotificationUI( 2826): onDataConnectionStateChanged-S:2
D/NetworkNotificationUI( 2826): mDataState = 2 mPrevDataState = 2
D/NetworkNotificationUI( 2826): mIsWifiConnected = false m3gwarningPopup = false
D/PhoneApp( 2826): mReceiver: ACTION_ANY_DATA_CONNECTION_STATE_CHANGED
D/FileWriteThread( 2826): FileWriteThread : threadType = 2
D/NotificationMgr( 2826): hideDataDisconnectedRoaming()...
D/ContextualPageReceiver( 2851): mContextualPageReceiver: ACTION_SERVICE_STATE_CHANGED isRoaming : false
D/dalvikvm( 2826): GC_CONCURRENT freed 436K, 21% free 8742K/11056K, paused 9ms+4ms, total 139ms
D/StatusChecker( 7877): onReceive : android.intent.action.SERVICE_STATE
D/StatusChecker( 7877): Service state changed : 0
I/wpa_supplicant( 4038): Scan requested (ret=0) - scan timeout 30 seconds
D/WifiController( 2441): SET_AP_BOOSTER_FLAG ignored due to state change
E/NetworkNotificationUI( 2826): onDataConnectionStateChanged-S:2
D/NetworkNotificationUI( 2826): mDataState = 2 mPrevDataState = 2
D/NetworkNotificationUI( 2826): mIsWifiConnected = false m3gwarningPopup = false
I/BootupListener( 2826): mPendingNetworkManualSelection : false
D/PhoneApp( 2826): mReceiver: ACTION_ANY_DATA_CONNECTION_STATE_CHANGED
D/FileWriteThread( 2826): FileWriteThread : threadType = 2
D/NotificationMgr( 2826): hideDataDisconnectedRoaming()...
D/ContextualPageReceiver( 2851): mContextualPageReceiver: ACTION_SERVICE_STATE_CHANGED isRoaming : false
D/StatusChecker( 7877): onReceive : android.intent.action.SERVICE_STATE
D/StatusChecker( 7877): Service state changed : 0
I/wpa_supplicant( 4038): nl80211: Received scan results (8 BSSes)
I/wpa_supplicant( 4038): wlan0: Setting scan request: 16 sec 0 usec
I/wpa_supplicant( 4038): wlan0: CTRL-EVENT-NO-CONNECTION
I/wpa_supplicant( 4038): wlan0: Setting scan request: 16 sec 0 usec
D/Tethering( 2441): interfaceLinkStateChanged wlan0, true
D/Tethering( 2441): interfaceStatusChanged wlan0, true
E/WifiStateMachine( 2441): Error! unhandled message{ when=-1ms what=135188 target=com.android.internal.util.StateMachine$SmHandler }
D/KeyguardUpdateMonitor( 2660): received broadcast android.intent.action.BATTERY_CHANGED
D/KeyguardUpdateMonitor( 2660): handleBatteryUpdate
I/SensorManagerA( 2797): getReportingMode :: sensor.mType = 6
E/Sensors ( 2441): Pressure old sensor_state 0, new sensor_state : 8 en : 1
D/KeyguardUpdateMonitor( 2660): received broadcast android.intent.action.BATTERY_CHANGED
D/KeyguardUpdateMonitor( 2660): handleBatteryUpdate
D/SensorManager( 2797): registerListener :: 4, BMP182 Barometer Sensor, 0, 0,  
D/KeyguardUpdateMonitor( 2660): received broadcast android.intent.action.TIME_TICK
D/KeyguardUpdateMonitor( 2660): handleTimeUpdate
I/GoogleURLConnFactory( 2797): Using platform SSLCertificateSocketFactory
I/GoogleURLConnFactory( 2797): Using platform SSLCertificateSocketFactory
D/LocationManagerService( 2441): getLastLocation: Request[POWER_NONE passive fastest=0 num=1]
D/LocationManagerService( 2441): getLastLocation: Request[POWER_NONE passive fastest=0 num=1]
E/Sensors ( 2441): Pressure old sensor_state 8, new sensor_state : 0 en : 0
D/SensorManager( 2797): unregisterListener ::   
D/WifiController( 2441): SET_AP_BOOSTER_FLAG ignored due to state change
E/NetworkNotificationUI( 2826): onDataConnectionStateChanged-S:2
D/NetworkNotificationUI( 2826): mDataState = 2 mPrevDataState = 2
D/NetworkNotificationUI( 2826): mIsWifiConnected = false m3gwarningPopup = false
I/BootupListener( 2826): mPendingNetworkManualSelection : false
D/PhoneApp( 2826): mReceiver: ACTION_ANY_DATA_CONNECTION_STATE_CHANGED
D/FileWriteThread( 2826): FileWriteThread : threadType = 2
D/NotificationMgr( 2826): hideDataDisconnectedRoaming()...
D/ContextualPageReceiver( 2851): mContextualPageReceiver: ACTION_SERVICE_STATE_CHANGED isRoaming : false
D/StatusChecker( 7877): onReceive : android.intent.action.SERVICE_STATE
D/StatusChecker( 7877): Service state changed : 0
D/LocationManagerService( 2441): getLastLocation: Request[POWER_NONE passive fastest=0 num=1]
D/LocationManagerService( 2441): getLastLocation: Request[POWER_NONE passive fastest=0 num=1]
D/LocationManagerService( 2441): getLastLocation: Request[POWER_NONE passive fastest=0 num=1]
D/KeyguardUpdateMonitor( 2660): received broadcast android.intent.action.TIME_TICK
D/KeyguardUpdateMonitor( 2660): handleTimeUpdate
I/wpa_supplicant( 4038): Scan requested (ret=0) - scan timeout 30 seconds
I/wpa_supplicant( 4038): nl80211: Received scan results (8 BSSes)
I/wpa_supplicant( 4038): wlan0: Setting scan request: 32 sec 0 usec
I/wpa_supplicant( 4038): wlan0: CTRL-EVENT-NO-CONNECTION
I/wpa_supplicant( 4038): wlan0: Setting scan request: 32 sec 0 usec
D/Tethering( 2441): interfaceLinkStateChanged wlan0, true
D/Tethering( 2441): interfaceStatusChanged wlan0, true
D/WifiController( 2441): SET_AP_BOOSTER_FLAG ignored due to state change
E/NetworkNotificationUI( 2826): onDataConnectionStateChanged-S:2
D/NetworkNotificationUI( 2826): mDataState = 2 mPrevDataState = 2
D/NetworkNotificationUI( 2826): mIsWifiConnected = false m3gwarningPopup = false
E/WifiStateMachine( 2441): Error! unhandled message{ when=-10ms what=135188 target=com.android.internal.util.StateMachine$SmHandler }
I/BootupListener( 2826): mPendingNetworkManualSelection : false
D/PhoneApp( 2826): mReceiver: ACTION_ANY_DATA_CONNECTION_STATE_CHANGED
D/FileWriteThread( 2826): FileWriteThread : threadType = 2
D/NotificationMgr( 2826): hideDataDisconnectedRoaming()...
D/ContextualPageReceiver( 2851): mContextualPageReceiver: ACTION_SERVICE_STATE_CHANGED isRoaming : false
D/StatusChecker( 7877): onReceive : android.intent.action.SERVICE_STATE
D/StatusChecker( 7877): Service state changed : 0
D/KeyguardUpdateMonitor( 2660): received broadcast android.intent.action.BATTERY_CHANGED
D/KeyguardUpdateMonitor( 2660): handleBatteryUpdate
D/KeyguardUpdateMonitor( 2660): received broadcast android.intent.action.BATTERY_CHANGED
D/KeyguardUpdateMonitor( 2660): handleBatteryUpdate
I/SensorManagerA( 2797): getReportingMode :: sensor.mType = 6
E/Sensors ( 2441): Pressure old sensor_state 0, new sensor_state : 8 en : 1
D/SensorManager( 2797): registerListener :: 4, BMP182 Barometer Sensor, 0, 0,  
I/wpa_supplicant( 4038): wlan0: Setting scan request: 0 sec 0 usec
I/wpa_supplicant( 4038): Scan requested (ret=0) - scan timeout 30 seconds
E/Sensors ( 2441): Pressure old sensor_state 8, new sensor_state : 0 en : 0
D/SensorManager( 2797): unregisterListener ::   
I/wpa_supplicant( 4038): nl80211: Received scan results (9 BSSes)
I/wpa_supplicant( 4038): wlan0: Setting scan request: 8 sec 0 usec
I/wpa_supplicant( 4038): wlan0: CTRL-EVENT-NO-CONNECTION
I/wpa_supplicant( 4038): wlan0: Setting scan request: 8 sec 0 usec
D/Tethering( 2441): interfaceLinkStateChanged wlan0, true
D/Tethering( 2441): interfaceStatusChanged wlan0, true
E/WifiStateMachine( 2441): Error! unhandled message{ when=-1ms what=135188 target=com.android.internal.util.StateMachine$SmHandler }
I/GCoreUlr( 2797): Successfully inserted 1 locations
D/KeyguardUpdateMonitor( 2660): received broadcast android.intent.action.BATTERY_CHANGED
D/KeyguardUpdateMonitor( 2660): handleBatteryUpdate
D/KeyguardUpdateMonitor( 2660): received broadcast android.intent.action.TIME_TICK
D/KeyguardUpdateMonitor( 2660): handleTimeUpdate
D/KeyguardUpdateMonitor( 2660): received broadcast android.intent.action.BATTERY_CHANGED
D/KeyguardUpdateMonitor( 2660): handleBatteryUpdate
D/dalvikvm( 2441): GC_EXPLICIT freed 2128K, 37% free 34501K/54192K, paused 13ms+18ms, total 303ms
I/SensorManagerA( 2797): getReportingMode :: sensor.mType = 1
E/Sensors ( 2441): Acc old sensor_state 0, new sensor_state : 1 en : 1
D/SensorManager( 2797): registerListener :: 0, LSM330DLC Acceleration Sensor, 20000, 0,  
E/Sensors ( 2441): Acc old sensor_state 1, new sensor_state : 0 en : 0
D/SensorManager( 2797): unregisterListener ::   
D/KeyguardUpdateMonitor( 2660): received broadcast android.intent.action.BATTERY_CHANGED
D/KeyguardUpdateMonitor( 2660): handleBatteryUpdate
I/SensorManagerA( 2797): getReportingMode :: sensor.mType = 6
E/Sensors ( 2441): Pressure old sensor_state 0, new sensor_state : 8 en : 1
D/SensorManager( 2797): registerListener :: 4, BMP182 Barometer Sensor, 0, 0,  
D/KeyguardUpdateMonitor( 2660): received broadcast android.intent.action.TIME_TICK
D/KeyguardUpdateMonitor( 2660): handleTimeUpdate
D/WifiController( 2441): SET_AP_BOOSTER_FLAG ignored due to state change
I/BootupListener( 2826): mPendingNetworkManualSelection : false
E/NetworkNotificationUI( 2826): onDataConnectionStateChanged-S:2
D/NetworkNotificationUI( 2826): mDataState = 2 mPrevDataState = 2
D/NetworkNotificationUI( 2826): mIsWifiConnected = false m3gwarningPopup = false
D/PhoneApp( 2826): mReceiver: ACTION_ANY_DATA_CONNECTION_STATE_CHANGED
D/FileWriteThread( 2826): FileWriteThread : threadType = 2
D/NotificationMgr( 2826): hideDataDisconnectedRoaming()...
D/ContextualPageReceiver( 2851): mContextualPageReceiver: ACTION_SERVICE_STATE_CHANGED isRoaming : false
D/StatusChecker( 7877): onReceive : android.intent.action.SERVICE_STATE
D/StatusChecker( 7877): Service state changed : 0
E/Sensors ( 2441): Pressure old sensor_state 8, new sensor_state : 0 en : 0
D/SensorManager( 2797): unregisterListener ::   
I/wpa_supplicant( 4038): Scan requested (ret=0) - scan timeout 30 seconds
D/WifiController( 2441): SET_AP_BOOSTER_FLAG ignored due to state change
E/NetworkNotificationUI( 2826): onDataConnectionStateChanged-S:2
D/NetworkNotificationUI( 2826): mDataState = 2 mPrevDataState = 2
D/NetworkNotificationUI( 2826): mIsWifiConnected = false m3gwarningPopup = false
I/BootupListener( 2826): mPendingNetworkManualSelection : false
D/PhoneApp( 2826): mReceiver: ACTION_ANY_DATA_CONNECTION_STATE_CHANGED
D/FileWriteThread( 2826): FileWriteThread : threadType = 2
D/NotificationMgr( 2826): hideDataDisconnectedRoaming()...
D/ContextualPageReceiver( 2851): mContextualPageReceiver: ACTION_SERVICE_STATE_CHANGED isRoaming : false
D/StatusChecker( 7877): onReceive : android.intent.action.SERVICE_STATE
D/StatusChecker( 7877): Service state changed : 0
I/wpa_supplicant( 4038): nl80211: Received scan results (10 BSSes)
I/wpa_supplicant( 4038): wlan0: Setting scan request: 16 sec 0 usec
I/wpa_supplicant( 4038): wlan0: CTRL-EVENT-NO-CONNECTION
I/wpa_supplicant( 4038): wlan0: Setting scan request: 16 sec 0 usec
D/Tethering( 2441): interfaceLinkStateChanged wlan0, true
D/Tethering( 2441): interfaceStatusChanged wlan0, true
E/WifiStateMachine( 2441): Error! unhandled message{ when=-2ms what=135188 target=com.android.internal.util.StateMachine$SmHandler }
D/KeyguardUpdateMonitor( 2660): received broadcast android.intent.action.BATTERY_CHANGED
D/KeyguardUpdateMonitor( 2660): handleBatteryUpdate
D/KeyguardUpdateMonitor( 2660): received broadcast android.intent.action.BATTERY_CHANGED
D/KeyguardUpdateMonitor( 2660): handleBatteryUpdate
D/KeyguardUpdateMonitor( 2660): received broadcast android.intent.action.TIME_TICK
D/KeyguardUpdateMonitor( 2660): handleTimeUpdate
I/SensorManagerA( 2797): getReportingMode :: sensor.mType = 6
E/Sensors ( 2441): Pressure old sensor_state 0, new sensor_state : 8 en : 1
D/SensorManager( 2797): registerListener :: 4, BMP182 Barometer Sensor, 0, 0,  
I/SensorManagerA( 2797): getReportingMode :: sensor.mType = 1
E/Sensors ( 2441): Acc old sensor_state 8, new sensor_state : 9 en : 1
D/SensorManager( 2797): registerListener :: 0, LSM330DLC Acceleration Sensor, 20000, 0,  
I/wpa_supplicant( 4038): wlan0: Setting scan request: 0 sec 0 usec
I/wpa_supplicant( 4038): Scan requested (ret=0) - scan timeout 30 seconds
E/Sensors ( 2441): Pressure old sensor_state 9, new sensor_state : 1 en : 0
D/SensorManager( 2797): unregisterListener ::   
E/Sensors ( 2441): Acc old sensor_state 1, new sensor_state : 0 en : 0
D/SensorManager( 2797): unregisterListener ::   
I/wpa_supplicant( 4038): nl80211: Received scan results (11 BSSes)
I/wpa_supplicant( 4038): wlan0: Setting scan request: 8 sec 0 usec
I/wpa_supplicant( 4038): wlan0: CTRL-EVENT-NO-CONNECTION
I/wpa_supplicant( 4038): wlan0: Setting scan request: 8 sec 0 usec
D/Tethering( 2441): interfaceLinkStateChanged wlan0, true
D/Tethering( 2441): interfaceStatusChanged wlan0, true
E/WifiStateMachine( 2441): Error! unhandled message{ when=-2ms what=135188 target=com.android.internal.util.StateMachine$SmHandler }
D/dalvikvm( 2797): GC_CONCURRENT freed 2210K, 51% free 14581K/29316K, paused 25ms+19ms, total 196ms
I/GCoreUlr( 2797): Successfully inserted 1 locations
D/KeyguardUpdateMonitor( 2660): received broadcast android.intent.action.BATTERY_CHANGED
D/KeyguardUpdateMonitor( 2660): handleBatteryUpdate
D/KeyguardUpdateMonitor( 2660): received broadcast android.intent.action.BATTERY_CHANGED
D/KeyguardUpdateMonitor( 2660): handleBatteryUpdate
I/SensorManagerA( 2797): getReportingMode :: sensor.mType = 6
E/Sensors ( 2441): Pressure old sensor_state 0, new sensor_state : 8 en : 1
D/SensorManager( 2797): registerListener :: 4, BMP182 Barometer Sensor, 0, 0,  
D/KeyguardUpdateMonitor( 2660): received broadcast android.intent.action.TIME_TICK
D/KeyguardUpdateMonitor( 2660): handleTimeUpdate
I/SensorManagerA( 2797): getReportingMode :: sensor.mType = 1
E/Sensors ( 2441): Acc old sensor_state 8, new sensor_state : 9 en : 1
D/SensorManager( 2797): registerListener :: 0, LSM330DLC Acceleration Sensor, 20000, 0,  
E/Sensors ( 2441): Pressure old sensor_state 9, new sensor_state : 1 en : 0
D/SensorManager( 2797): unregisterListener ::   
E/Sensors ( 2441): Acc old sensor_state 1, new sensor_state : 0 en : 0
D/SensorManager( 2797): unregisterListener ::   
D/KeyguardUpdateMonitor( 2660): received broadcast android.intent.action.TIME_TICK
D/KeyguardUpdateMonitor( 2660): handleTimeUpdate
D/KeyguardUpdateMonitor( 2660): received broadcast android.intent.action.BATTERY_CHANGED
D/KeyguardUpdateMonitor( 2660): handleBatteryUpdate
I/SensorManagerA( 2797): getReportingMode :: sensor.mType = 6
E/Sensors ( 2441): Pressure old sensor_state 0, new sensor_state : 8 en : 1
D/SensorManager( 2797): registerListener :: 4, BMP182 Barometer Sensor, 0, 0,  
I/wpa_supplicant( 4038): wlan0: Setting scan request: 0 sec 0 usec
I/wpa_supplicant( 4038): Scan requested (ret=0) - scan timeout 30 seconds
E/Sensors ( 2441): Pressure old sensor_state 8, new sensor_state : 0 en : 0
D/SensorManager( 2797): unregisterListener ::   
I/wpa_supplicant( 4038): nl80211: Received scan results (11 BSSes)
I/wpa_supplicant( 4038): wlan0: Setting scan request: 8 sec 0 usec
I/wpa_supplicant( 4038): wlan0: CTRL-EVENT-NO-CONNECTION
I/wpa_supplicant( 4038): wlan0: Setting scan request: 8 sec 0 usec
D/Tethering( 2441): interfaceLinkStateChanged wlan0, true
D/Tethering( 2441): interfaceStatusChanged wlan0, true
E/WifiStateMachine( 2441): Error! unhandled message{ when=-2ms what=135188 target=com.android.internal.util.StateMachine$SmHandler }
I/GCoreUlr( 2797): Successfully inserted 1 locations
D/KeyguardUpdateMonitor( 2660): received broadcast android.intent.action.BATTERY_CHANGED
D/KeyguardUpdateMonitor( 2660): handleBatteryUpdate
I/SensorManagerA( 2797): getReportingMode :: sensor.mType = 6
E/Sensors ( 2441): Pressure old sensor_state 0, new sensor_state : 8 en : 1
D/SensorManager( 2797): registerListener :: 4, BMP182 Barometer Sensor, 0, 0,  
D/KeyguardUpdateMonitor( 2660): received broadcast android.intent.action.BATTERY_CHANGED
D/KeyguardUpdateMonitor( 2660): handleBatteryUpdate
D/KeyguardUpdateMonitor( 2660): received broadcast android.intent.action.TIME_TICK
D/KeyguardUpdateMonitor( 2660): handleTimeUpdate
I/SensorManagerA( 2797): getReportingMode :: sensor.mType = 1
E/Sensors ( 2441): Acc old sensor_state 8, new sensor_state : 9 en : 1
D/SensorManager( 2797): registerListener :: 0, LSM330DLC Acceleration Sensor, 20000, 0,  
E/Sensors ( 2441): Pressure old sensor_state 9, new sensor_state : 1 en : 0
D/SensorManager( 2797): unregisterListener ::   
E/Sensors ( 2441): Acc old sensor_state 1, new sensor_state : 0 en : 0
D/SensorManager( 2797): unregisterListener ::   
D/KeyguardUpdateMonitor( 2660): received broadcast android.intent.action.BATTERY_CHANGED
D/KeyguardUpdateMonitor( 2660): handleBatteryUpdate
D/KeyguardUpdateMonitor( 2660): received broadcast android.intent.action.TIME_TICK
D/KeyguardUpdateMonitor( 2660): handleTimeUpdate
I/SensorManagerA( 2797): getReportingMode :: sensor.mType = 6
E/Sensors ( 2441): Pressure old sensor_state 0, new sensor_state : 8 en : 1
D/SensorManager( 2797): registerListener :: 4, BMP182 Barometer Sensor, 0, 0,  
E/Sensors ( 2441): Pressure old sensor_state 8, new sensor_state : 0 en : 0
D/SensorManager( 2797): unregisterListener ::   
D/KeyguardUpdateMonitor( 2660): received broadcast android.intent.action.TIME_TICK
D/KeyguardUpdateMonitor( 2660): handleTimeUpdate
D/KeyguardUpdateMonitor( 2660): received broadcast android.intent.action.BATTERY_CHANGED
D/KeyguardUpdateMonitor( 2660): handleBatteryUpdate
D/dalvikvm( 2441): GC_EXPLICIT freed 1373K, 37% free 34473K/54192K, paused 9ms+17ms, total 346ms
I/SensorManagerA( 2797): getReportingMode :: sensor.mType = 6
E/Sensors ( 2441): Pressure old sensor_state 0, new sensor_state : 8 en : 1
D/SensorManager( 2797): registerListener :: 4, BMP182 Barometer Sensor, 0, 0,  
I/SensorManagerA( 2797): getReportingMode :: sensor.mType = 1
E/Sensors ( 2441): Acc old sensor_state 8, new sensor_state : 9 en : 1
D/SensorManager( 2797): registerListener :: 0, LSM330DLC Acceleration Sensor, 20000, 0,  
I/wpa_supplicant( 4038): wlan0: Setting scan request: 0 sec 0 usec
I/wpa_supplicant( 4038): Scan requested (ret=0) - scan timeout 30 seconds
I/EventLogChimeraService( 4794): Aggregate from 1495735227803 (log), 1495735227803 (data)
E/Sensors ( 2441): Pressure old sensor_state 9, new sensor_state : 1 en : 0
D/SensorManager( 2797): unregisterListener ::   
E/Sensors ( 2441): Acc old sensor_state 1, new sensor_state : 0 en : 0
D/SensorManager( 2797): unregisterListener ::   
I/wpa_supplicant( 4038): nl80211: Received scan results (10 BSSes)
I/wpa_supplicant( 4038): wlan0: Setting scan request: 8 sec 0 usec
I/wpa_supplicant( 4038): wlan0: CTRL-EVENT-NO-CONNECTION
I/wpa_supplicant( 4038): wlan0: Setting scan request: 8 sec 0 usec
D/Tethering( 2441): interfaceLinkStateChanged wlan0, true
D/Tethering( 2441): interfaceStatusChanged wlan0, true
E/WifiStateMachine( 2441): Error! unhandled message{ when=0 what=135188 target=com.android.internal.util.StateMachine$SmHandler }
I/Scheduler( 2797): Cleaning up unwanted schedulers, if there are any.
I/GCoreUlr( 2797): Successfully inserted 1 locations
D/KeyguardUpdateMonitor( 2660): received broadcast android.intent.action.BATTERY_CHANGED
D/KeyguardUpdateMonitor( 2660): handleBatteryUpdate
W/PlatformStatsUtil( 4794): Could not retrieve Usage & Diagnostics setting. Giving up.
D/KeyguardUpdateMonitor( 2660): received broadcast android.intent.action.BATTERY_CHANGED
D/KeyguardUpdateMonitor( 2660): handleBatteryUpdate
I/SensorManagerA( 2797): getReportingMode :: sensor.mType = 6
E/Sensors ( 2441): Pressure old sensor_state 0, new sensor_state : 8 en : 1
D/KeyguardUpdateMonitor( 2660): received broadcast android.intent.action.TIME_TICK
D/KeyguardUpdateMonitor( 2660): handleTimeUpdate
D/SensorManager( 2797): registerListener :: 4, BMP182 Barometer Sensor, 0, 0,  
I/SensorManagerA( 2797): getReportingMode :: sensor.mType = 1
E/Sensors ( 2441): Acc old sensor_state 8, new sensor_state : 9 en : 1
D/SensorManager( 2797): registerListener :: 0, LSM330DLC Acceleration Sensor, 20000, 0,  
E/Sensors ( 2441): Pressure old sensor_state 9, new sensor_state : 1 en : 0
D/SensorManager( 2797): unregisterListener ::   
E/Sensors ( 2441): Acc old sensor_state 1, new sensor_state : 0 en : 0
D/SensorManager( 2797): unregisterListener ::   
D/KeyguardUpdateMonitor( 2660): received broadcast android.intent.action.TIME_TICK
D/KeyguardUpdateMonitor( 2660): handleTimeUpdate
D/KeyguardUpdateMonitor( 2660): received broadcast android.intent.action.BATTERY_CHANGED
D/KeyguardUpdateMonitor( 2660): handleBatteryUpdate
D/KeyguardUpdateMonitor( 2660): received broadcast android.intent.action.BATTERY_CHANGED
D/KeyguardUpdateMonitor( 2660): handleBatteryUpdate
I/SensorManagerA( 2797): getReportingMode :: sensor.mType = 6
E/Sensors ( 2441): Pressure old sensor_state 0, new sensor_state : 8 en : 1
D/SensorManager( 2797): registerListener :: 4, BMP182 Barometer Sensor, 0, 0,  
I/wpa_supplicant( 4038): wlan0: Setting scan request: 0 sec 0 usec
I/wpa_supplicant( 4038): Scan requested (ret=0) - scan timeout 30 seconds
E/Sensors ( 2441): Pressure old sensor_state 8, new sensor_state : 0 en : 0
D/SensorManager( 2797): unregisterListener ::   
D/WifiController( 2441): SET_AP_BOOSTER_FLAG ignored due to state change
I/BootupListener( 2826): mPendingNetworkManualSelection : false
E/NetworkNotificationUI( 2826): onDataConnectionStateChanged-S:2
D/NetworkNotificationUI( 2826): mDataState = 2 mPrevDataState = 2
D/NetworkNotificationUI( 2826): mIsWifiConnected = false m3gwarningPopup = false
D/PhoneApp( 2826): mReceiver: ACTION_ANY_DATA_CONNECTION_STATE_CHANGED
D/FileWriteThread( 2826): FileWriteThread : threadType = 2
D/NotificationMgr( 2826): hideDataDisconnectedRoaming()...
D/ContextualPageReceiver( 2851): mContextualPageReceiver: ACTION_SERVICE_STATE_CHANGED isRoaming : false
D/StatusChecker( 7877): onReceive : android.intent.action.SERVICE_STATE
D/StatusChecker( 7877): Service state changed : 0
I/wpa_supplicant( 4038): nl80211: Received scan results (10 BSSes)
I/wpa_supplicant( 4038): wlan0: Setting scan request: 8 sec 0 usec
I/wpa_supplicant( 4038): wlan0: CTRL-EVENT-NO-CONNECTION
I/wpa_supplicant( 4038): wlan0: Setting scan request: 8 sec 0 usec
D/Tethering( 2441): interfaceLinkStateChanged wlan0, true
D/Tethering( 2441): interfaceStatusChanged wlan0, true
E/WifiStateMachine( 2441): Error! unhandled message{ when=-1ms what=135188 target=com.android.internal.util.StateMachine$SmHandler }
I/GCoreUlr( 2797): Successfully inserted 1 locations
D/WifiController( 2441): SET_AP_BOOSTER_FLAG ignored due to state change
E/NetworkNotificationUI( 2826): onDataConnectionStateChanged-S:2
D/NetworkNotificationUI( 2826): mDataState = 2 mPrevDataState = 2
D/NetworkNotificationUI( 2826): mIsWifiConnected = false m3gwarningPopup = false
I/BootupListener( 2826): mPendingNetworkManualSelection : false
D/PhoneApp( 2826): mReceiver: ACTION_ANY_DATA_CONNECTION_STATE_CHANGED
D/FileWriteThread( 2826): FileWriteThread : threadType = 2
D/NotificationMgr( 2826): hideDataDisconnectedRoaming()...
D/ContextualPageReceiver( 2851): mContextualPageReceiver: ACTION_SERVICE_STATE_CHANGED isRoaming : false
D/dalvikvm( 2826): GC_CONCURRENT freed 423K, 21% free 8743K/11056K, paused 17ms+4ms, total 228ms
D/StatusChecker( 7877): onReceive : android.intent.action.SERVICE_STATE
D/StatusChecker( 7877): Service state changed : 0
D/KeyguardUpdateMonitor( 2660): received broadcast android.intent.action.BATTERY_CHANGED
D/KeyguardUpdateMonitor( 2660): handleBatteryUpdate
I/wpa_supplicant( 4038): Scan requested (ret=0) - scan timeout 30 seconds
I/wpa_supplicant( 4038): nl80211: Received scan results (10 BSSes)
I/wpa_supplicant( 4038): wlan0: Setting scan request: 16 sec 0 usec
I/wpa_supplicant( 4038): wlan0: CTRL-EVENT-NO-CONNECTION
I/wpa_supplicant( 4038): wlan0: Setting scan request: 16 sec 0 usec
D/Tethering( 2441): interfaceLinkStateChanged wlan0, true
D/Tethering( 2441): interfaceStatusChanged wlan0, true
D/KeyguardUpdateMonitor( 2660): received broadcast android.intent.action.BATTERY_CHANGED
D/KeyguardUpdateMonitor( 2660): handleBatteryUpdate
E/WifiStateMachine( 2441): Error! unhandled message{ when=-1ms what=135188 target=com.android.internal.util.StateMachine$SmHandler }
D/KeyguardUpdateMonitor( 2660): received broadcast android.intent.action.TIME_TICK
D/KeyguardUpdateMonitor( 2660): handleTimeUpdate
D/KeyguardUpdateMonitor( 2660): received broadcast android.intent.action.BATTERY_CHANGED
D/KeyguardUpdateMonitor( 2660): handleBatteryUpdate
I/SensorManagerA( 2797): getReportingMode :: sensor.mType = 6
E/Sensors ( 2441): Pressure old sensor_state 0, new sensor_state : 8 en : 1
D/SensorManager( 2797): registerListener :: 4, BMP182 Barometer Sensor, 0, 0,  
I/SensorManagerA( 2797): getReportingMode :: sensor.mType = 1
E/Sensors ( 2441): Acc old sensor_state 8, new sensor_state : 9 en : 1
D/SensorManager( 2797): registerListener :: 0, LSM330DLC Acceleration Sensor, 20000, 0,  
D/EnterpriseDeviceManager( 2441): ContainerId: 0
D/KeyguardUpdateMonitor( 2660): received broadcast android.intent.action.TIME_TICK
D/KeyguardUpdateMonitor( 2660): handleTimeUpdate
E/Sensors ( 2441): Pressure old sensor_state 9, new sensor_state : 1 en : 0
D/SensorManager( 2797): unregisterListener ::   
E/Sensors ( 2441): Acc old sensor_state 1, new sensor_state : 0 en : 0
D/SensorManager( 2797): unregisterListener ::   
D/KeyguardUpdateMonitor( 2660): received broadcast android.intent.action.BATTERY_CHANGED
D/KeyguardUpdateMonitor( 2660): handleBatteryUpdate
D/WifiController( 2441): SET_AP_BOOSTER_FLAG ignored due to state change
E/NetworkNotificationUI( 2826): onDataConnectionStateChanged-S:2
D/NetworkNotificationUI( 2826): mDataState = 2 mPrevDataState = 2
D/NetworkNotificationUI( 2826): mIsWifiConnected = false m3gwarningPopup = false
I/BootupListener( 2826): mPendingNetworkManualSelection : false
D/PhoneApp( 2826): mReceiver: ACTION_ANY_DATA_CONNECTION_STATE_CHANGED
D/FileWriteThread( 2826): FileWriteThread : threadType = 2
D/NotificationMgr( 2826): hideDataDisconnectedRoaming()...
D/ContextualPageReceiver( 2851): mContextualPageReceiver: ACTION_SERVICE_STATE_CHANGED isRoaming : false
D/StatusChecker( 7877): onReceive : android.intent.action.SERVICE_STATE
D/StatusChecker( 7877): Service state changed : 0
D/KeyguardUpdateMonitor( 2660): received broadcast android.intent.action.TIME_TICK
D/KeyguardUpdateMonitor( 2660): handleTimeUpdate
I/SensorManagerA( 2797): getReportingMode :: sensor.mType = 6
E/Sensors ( 2441): Pressure old sensor_state 0, new sensor_state : 8 en : 1
D/SensorManager( 2797): registerListener :: 4, BMP182 Barometer Sensor, 0, 0,  
E/Sensors ( 2441): Pressure old sensor_state 8, new sensor_state : 0 en : 0
D/SensorManager( 2797): unregisterListener ::   
I/wpa_supplicant( 4038): Scan requested (ret=0) - scan timeout 30 seconds
I/wpa_supplicant( 4038): nl80211: Received scan results (9 BSSes)
I/wpa_supplicant( 4038): wlan0: Setting scan request: 32 sec 0 usec
I/wpa_supplicant( 4038): wlan0: CTRL-EVENT-NO-CONNECTION
I/wpa_supplicant( 4038): wlan0: Setting scan request: 32 sec 0 usec
D/Tethering( 2441): interfaceLinkStateChanged wlan0, true
D/Tethering( 2441): interfaceStatusChanged wlan0, true
E/WifiStateMachine( 2441): Error! unhandled message{ when=-2ms what=135188 target=com.android.internal.util.StateMachine$SmHandler }
I/TIMA: tlc_communication( 2441): Send Trustlet TCI Message
I/TIMA: tlc_communication( 2441): mcNotify is completed
I/TIMA: tlc_communication( 2441): mcWaitNotification is completed
I/TLC_TIMA_PKM( 2441): TIMA: recv_cmd_id = 2
I/TLC_TIMA_PKM( 2441): TIMA: recv_cmd ret = 0, result_ondemand = MSG=Kernel Verification Success;
D/dalvikvm( 2441): GC_EXPLICIT freed 1784K, 37% free 34469K/54192K, paused 33ms+16ms, total 594ms
D/WifiController( 2441): SET_AP_BOOSTER_FLAG ignored due to state change
I/BootupListener( 2826): mPendingNetworkManualSelection : false
E/NetworkNotificationUI( 2826): onDataConnectionStateChanged-S:2
D/NetworkNotificationUI( 2826): mDataState = 2 mPrevDataState = 2
D/NetworkNotificationUI( 2826): mIsWifiConnected = false m3gwarningPopup = false
D/PhoneApp( 2826): mReceiver: ACTION_ANY_DATA_CONNECTION_STATE_CHANGED
D/FileWriteThread( 2826): FileWriteThread : threadType = 2
D/NotificationMgr( 2826): hideDataDisconnectedRoaming()...
D/ContextualPageReceiver( 2851): mContextualPageReceiver: ACTION_SERVICE_STATE_CHANGED isRoaming : false
D/StatusChecker( 7877): onReceive : android.intent.action.SERVICE_STATE
D/StatusChecker( 7877): Service state changed : 0
D/KeyguardUpdateMonitor( 2660): received broadcast android.intent.action.BATTERY_CHANGED
D/KeyguardUpdateMonitor( 2660): handleBatteryUpdate
D/KeyguardUpdateMonitor( 2660): received broadcast android.intent.action.BATTERY_CHANGED
D/KeyguardUpdateMonitor( 2660): handleBatteryUpdate
D/WifiController( 2441): SET_AP_BOOSTER_FLAG ignored due to state change
I/BootupListener( 2826): mPendingNetworkManualSelection : false
E/NetworkNotificationUI( 2826): onDataConnectionStateChanged-S:2
D/NetworkNotificationUI( 2826): mDataState = 2 mPrevDataState = 2
D/NetworkNotificationUI( 2826): mIsWifiConnected = false m3gwarningPopup = false
D/PhoneApp( 2826): mReceiver: ACTION_ANY_DATA_CONNECTION_STATE_CHANGED
D/FileWriteThread( 2826): FileWriteThread : threadType = 2
D/NotificationMgr( 2826): hideDataDisconnectedRoaming()...
D/ContextualPageReceiver( 2851): mContextualPageReceiver: ACTION_SERVICE_STATE_CHANGED isRoaming : false
D/StatusChecker( 7877): onReceive : android.intent.action.SERVICE_STATE
D/StatusChecker( 7877): Service state changed : 0
I/wpa_supplicant( 4038): Scan requested (ret=0) - scan timeout 30 seconds
I/wpa_supplicant( 4038): nl80211: Received scan results (9 BSSes)
I/wpa_supplicant( 4038): wlan0: Setting scan request: 64 sec 0 usec
I/wpa_supplicant( 4038): wlan0: CTRL-EVENT-NO-CONNECTION
I/wpa_supplicant( 4038): wlan0: Setting scan request: 64 sec 0 usec
D/Tethering( 2441): interfaceLinkStateChanged wlan0, true
D/Tethering( 2441): interfaceStatusChanged wlan0, true
E/WifiStateMachine( 2441): Error! unhandled message{ when=-3ms what=135188 target=com.android.internal.util.StateMachine$SmHandler }
D/WifiController( 2441): SET_AP_BOOSTER_FLAG ignored due to state change
I/BootupListener( 2826): mPendingNetworkManualSelection : false
E/NetworkNotificationUI( 2826): onDataConnectionStateChanged-S:2
D/NetworkNotificationUI( 2826): mDataState = 2 mPrevDataState = 2
D/NetworkNotificationUI( 2826): mIsWifiConnected = false m3gwarningPopup = false
D/PhoneApp( 2826): mReceiver: ACTION_ANY_DATA_CONNECTION_STATE_CHANGED
D/FileWriteThread( 2826): FileWriteThread : threadType = 2
D/NotificationMgr( 2826): hideDataDisconnectedRoaming()...
D/ContextualPageReceiver( 2851): mContextualPageReceiver: ACTION_SERVICE_STATE_CHANGED isRoaming : false
D/StatusChecker( 7877): onReceive : android.intent.action.SERVICE_STATE
D/StatusChecker( 7877): Service state changed : 0
D/KeyguardUpdateMonitor( 2660): received broadcast android.intent.action.BATTERY_CHANGED
D/KeyguardUpdateMonitor( 2660): handleBatteryUpdate
D/KeyguardUpdateMonitor( 2660): received broadcast android.intent.action.BATTERY_CHANGED
D/KeyguardUpdateMonitor( 2660): handleBatteryUpdate
D/KeyguardUpdateMonitor( 2660): received broadcast android.intent.action.TIME_TICK
D/KeyguardUpdateMonitor( 2660): handleTimeUpdate
I/SensorManagerA( 2797): getReportingMode :: sensor.mType = 6
E/Sensors ( 2441): Pressure old sensor_state 0, new sensor_state : 8 en : 1
D/SensorManager( 2797): registerListener :: 4, BMP182 Barometer Sensor, 0, 0,  
I/SensorManagerA( 2797): getReportingMode :: sensor.mType = 1
E/Sensors ( 2441): Acc old sensor_state 8, new sensor_state : 9 en : 1
D/SensorManager( 2797): registerListener :: 0, LSM330DLC Acceleration Sensor, 20000, 0,  
I/wpa_supplicant( 4038): wlan0: Setting scan request: 0 sec 0 usec
I/wpa_supplicant( 4038): Scan requested (ret=0) - scan timeout 30 seconds
E/Sensors ( 2441): Pressure old sensor_state 9, new sensor_state : 1 en : 0
D/SensorManager( 2797): unregisterListener ::   
E/Sensors ( 2441): Acc old sensor_state 1, new sensor_state : 0 en : 0
D/SensorManager( 2797): unregisterListener ::   
I/wpa_supplicant( 4038): nl80211: Received scan results (9 BSSes)
I/wpa_supplicant( 4038): wlan0: Setting scan request: 8 sec 0 usec
I/wpa_supplicant( 4038): wlan0: CTRL-EVENT-NO-CONNECTION
I/wpa_supplicant( 4038): wlan0: Setting scan request: 8 sec 0 usec
D/Tethering( 2441): interfaceLinkStateChanged wlan0, true
D/Tethering( 2441): interfaceStatusChanged wlan0, true
E/WifiStateMachine( 2441): Error! unhandled message{ when=-2ms what=135188 target=com.android.internal.util.StateMachine$SmHandler }
I/GCoreUlr( 2797): Successfully inserted 1 locations
D/KeyguardUpdateMonitor( 2660): received broadcast android.intent.action.BATTERY_CHANGED
D/KeyguardUpdateMonitor( 2660): handleBatteryUpdate
D/KeyguardUpdateMonitor( 2660): received broadcast android.intent.action.BATTERY_CHANGED
D/KeyguardUpdateMonitor( 2660): handleBatteryUpdate
I/SensorManagerA( 2797): getReportingMode :: sensor.mType = 6
E/Sensors ( 2441): Pressure old sensor_state 0, new sensor_state : 8 en : 1
D/SensorManager( 2797): registerListener :: 4, BMP182 Barometer Sensor, 0, 0,  
D/KeyguardUpdateMonitor( 2660): received broadcast android.intent.action.TIME_TICK
D/KeyguardUpdateMonitor( 2660): handleTimeUpdate
E/Sensors ( 2441): Pressure old sensor_state 8, new sensor_state : 0 en : 0
D/SensorManager( 2797): unregisterListener ::   
D/KeyguardUpdateMonitor( 2660): received broadcast android.intent.action.BATTERY_CHANGED
D/KeyguardUpdateMonitor( 2660): handleBatteryUpdate
D/KeyguardUpdateMonitor( 2660): received broadcast android.intent.action.TIME_TICK
D/KeyguardUpdateMonitor( 2660): handleTimeUpdate
I/SensorManagerA( 2797): getReportingMode :: sensor.mType = 6
E/Sensors ( 2441): Pressure old sensor_state 0, new sensor_state : 8 en : 1
D/SensorManager( 2797): registerListener :: 4, BMP182 Barometer Sensor, 0, 0,  
I/SensorManagerA( 2797): getReportingMode :: sensor.mType = 1
E/Sensors ( 2441): Acc old sensor_state 8, new sensor_state : 9 en : 1
D/SensorManager( 2797): registerListener :: 0, LSM330DLC Acceleration Sensor, 20000, 0,  
D/dalvikvm( 2797): GC_CONCURRENT freed 2270K, 51% free 14534K/29316K, paused 186ms+16ms, total 356ms
E/Sensors ( 2441): Pressure old sensor_state 9, new sensor_state : 1 en : 0
D/SensorManager( 2797): unregisterListener ::   
E/Sensors ( 2441): Acc old sensor_state 1, new sensor_state : 0 en : 0
D/SensorManager( 2797): unregisterListener ::   
D/KeyguardUpdateMonitor( 2660): received broadcast android.intent.action.BATTERY_CHANGED
D/KeyguardUpdateMonitor( 2660): handleBatteryUpdate
D/KeyguardUpdateMonitor( 2660): received broadcast android.intent.action.TIME_TICK
D/KeyguardUpdateMonitor( 2660): handleTimeUpdate
I/wpa_supplicant( 4038): wlan0: Setting scan request: 0 sec 0 usec
I/wpa_supplicant( 4038): Scan requested (ret=0) - scan timeout 30 seconds
I/wpa_supplicant( 4038): nl80211: Received scan results (10 BSSes)
I/wpa_supplicant( 4038): wlan0: Setting scan request: 8 sec 0 usec
I/wpa_supplicant( 4038): wlan0: CTRL-EVENT-NO-CONNECTION
I/wpa_supplicant( 4038): wlan0: Setting scan request: 8 sec 0 usec
D/Tethering( 2441): interfaceLinkStateChanged wlan0, true
D/Tethering( 2441): interfaceStatusChanged wlan0, true
E/WifiStateMachine( 2441): Error! unhandled message{ when=0 what=135188 target=com.android.internal.util.StateMachine$SmHandler }
I/GCoreUlr( 2797): Successfully inserted 1 locations
D/KeyguardUpdateMonitor( 2660): received broadcast android.intent.action.BATTERY_CHANGED
D/KeyguardUpdateMonitor( 2660): handleBatteryUpdate
D/KeyguardUpdateMonitor( 2660): received broadcast android.intent.action.BATTERY_CHANGED
D/KeyguardUpdateMonitor( 2660): handleBatteryUpdate
I/SensorManagerA( 2797): getReportingMode :: sensor.mType = 6
E/Sensors ( 2441): Pressure old sensor_state 0, new sensor_state : 8 en : 1
D/SensorManager( 2797): registerListener :: 4, BMP182 Barometer Sensor, 0, 0,  
D/KeyguardUpdateMonitor( 2660): received broadcast android.intent.action.TIME_TICK
D/KeyguardUpdateMonitor( 2660): handleTimeUpdate
D/KeyguardUpdateMonitor( 2660): received broadcast android.intent.action.TIME_TICK
D/KeyguardUpdateMonitor( 2660): handleTimeUpdate
E/Sensors ( 2441): Pressure old sensor_state 8, new sensor_state : 0 en : 0
D/SensorManager( 2797): unregisterListener ::   
I/SensorManagerA( 2797): getReportingMode :: sensor.mType = 6
E/Sensors ( 2441): Pressure old sensor_state 0, new sensor_state : 8 en : 1
D/SensorManager( 2797): registerListener :: 4, BMP182 Barometer Sensor, 0, 0,  
I/SensorManagerA( 2797): getReportingMode :: sensor.mType = 1
E/Sensors ( 2441): Acc old sensor_state 8, new sensor_state : 9 en : 1
D/SensorManager( 2797): registerListener :: 0, LSM330DLC Acceleration Sensor, 20000, 0,  
E/Sensors ( 2441): Pressure old sensor_state 9, new sensor_state : 1 en : 0
D/SensorManager( 2797): unregisterListener ::   
E/Sensors ( 2441): Acc old sensor_state 1, new sensor_state : 0 en : 0
D/SensorManager( 2797): unregisterListener ::   
I/SensorManagerA( 2797): getReportingMode :: sensor.mType = 6
E/Sensors ( 2441): Pressure old sensor_state 0, new sensor_state : 8 en : 1
D/KeyguardUpdateMonitor( 2660): received broadcast android.intent.action.TIME_TICK
D/KeyguardUpdateMonitor( 2660): handleTimeUpdate
D/SensorManager( 2797): registerListener :: 4, BMP182 Barometer Sensor, 0, 0,  
D/KeyguardUpdateMonitor( 2660): received broadcast android.intent.action.BATTERY_CHANGED
D/KeyguardUpdateMonitor( 2660): handleBatteryUpdate
I/wpa_supplicant( 4038): wlan0: Setting scan request: 0 sec 0 usec
I/wpa_supplicant( 4038): Scan requested (ret=0) - scan timeout 30 seconds
D/LocationManagerService( 2441): request 4343e5c8 gps Request[ACCURACY_FINE gps requested=+1s0ms fastest=+1s0ms] from com.google.android.apps.maps(10099)
D/LocationManagerService( 2441): provider request: gps ProviderRequest[ON interval=+1s0ms]
D/GpsLocationProvider( 2441): setRequest ProviderRequest[ON interval=+1s0ms]
D/GpsLocationProvider( 2441): startNavigating, singleShot is false
D/GpsLocationProvider_ex( 2441): getSKAFEnable : false
D/GpsLocationProvider( 2441): setting position_mode to MS_BASED
D/LocationManagerService( 2441): request 4369b1c0 network Request[POWER_LOW network requested=+1s0ms fastest=+1s0ms] from com.google.android.apps.maps(10099)
D/LocationManagerService( 2441): provider request: network ProviderRequest[ON interval=+1s0ms]
I/libgps  ( 2441): disarming wakeLockTimer
D/libgps  ( 2441): proxy_gps_status_cb: called. status(3)
D/libgps  ( 2441): proxy_gps_status_cb: normal GPS icon mode.
V/GpsLocationProvider( 2441): reportStatus status: 3
D/libgps  ( 2441): proxy_gps_status_cb: called. status(1)
D/libgps  ( 2441): proxy_gps_status_cb: normal GPS icon mode.
V/GpsLocationProvider( 2441): reportStatus status: 1
D/ProgressBar( 2660): setProgressDrawable drawableHeight = 12
D/ContexualWidgetMonitor( 2660): action =com.android.server.NotificationManagerService.NotificationArrived
D/ContexualWidgetMonitor( 2660): pkg =null
D/ContexualWidgetMonitor( 2660): mCheckMissedEvent =false
D/gpsd    ( 1969): CALL_SENTRY: GlEngine::OnStart took 251 ms (from321425523 to 321425774) (log=0,0,0), start: 02:55:20.778
D/gpsd    ( 1969): CALL_SENTRY: marshal_gps_start took 260 ms (from321425523 to 321425783) (log=0,0,0), start: 02:55:20.778
D/gpsd    ( 1969): CALL_SENTRY: ProcessEvent took 261 ms (from321425522 to 321425783) (log=0,0,0), start: 02:55:20.777
I/libgps  ( 2441): disarming wakeLockTimer
I/libgps  ( 2441): [proxy_gps_acquire_wakelock_cb][line = 696]: acquire_wakelock(1)
D/dalvikvm( 2441): GC_EXPLICIT freed 1490K, 37% free 34485K/54192K, paused 4ms+39ms, total 216ms
E/Sensors ( 2441): Acc old sensor_state 8, new sensor_state : 9 en : 1
E/Sensors ( 2441): Pressure old sensor_state 9, new sensor_state : 1 en : 0
E/Sensors ( 2441): Gyro old sensor_state 1, new sensor_state : 3 en : 1
I/libgps  ( 2441): OnGpsExtensionMessage: MSG_REQUEST_LOCATION_ID
D/SensorManager( 2797): unregisterListener ::   
E/Sensors ( 2441): Pressure old sensor_state 3, new sensor_state : 11 en : 1
D/LocationManagerService( 2441): request 44835fb8 gps Request[ACCURACY_FINE gps requested=+1s0ms fastest=+1s0ms] from com.google.android.gms(10036)
D/LocationManagerService( 2441): provider request: gps ProviderRequest[ON interval=+1s0ms]
D/GpsLocationProvider( 2441): setRequest ProviderRequest[ON interval=+1s0ms]
I/SensorManagerA( 2797): getReportingMode :: sensor.mType = 1
D/SensorManager( 2797): registerListener :: 0, LSM330DLC Acceleration Sensor, 20000, 0,  
I/SensorManagerA( 2797): getReportingMode :: sensor.mType = 11
E/Sensors ( 2441): AkmSensor : handle 1, en : 1 
E/Sensors ( 2441): MagSensor old sensor_state 11, new sensor_state : 15 en : 1
D/SensorManager( 2797): registerListener :: 1601335158, Rotation Vector Sensor, 200000, 0,  
I/SensorManagerA( 2797): getReportingMode :: sensor.mType = 1
D/SensorManager( 2797): registerListener :: 0, LSM330DLC Acceleration Sensor, 20000, 0,  
D/wrapperGPS( 1969): wrapperisConnected_RILD
D/wrapperGPS( 1969): wrapperInvokeOemRequestHookRaw
D/wrapperGPS( 1969): SendOemRequestGpsFreqAiding, len(5), enable(1)
D/wrapperGPS( 1969): wrapperSendInvokeOemRequestHookRaw, totalLen 13, ipcLen 8
D/wrapperGPS( 1969): onRawReqComplete, 
D/wrapperGPS( 1969): onUnsol: sub_id(28)
D/wrapperGPS( 1969): oem_unsol_gps_frequency_aiding, lock_status = 1
D/wrapperGPS( 1969): GPS_onUnsolicitedResponse, sub_id(37)
D/wrapperGPS( 1969): onUnsol: sub_id(01)
D/wrapperGPS( 1969): onUnsol: Undefined IPC sub id: 01
D/SensorManager( 2797): unregisterListener ::   
D/WifiController( 2441): SET_AP_BOOSTER_FLAG ignored due to state change
D/wrapperGPS( 1969): wrapperisConnected_RILD
D/wrapperGPS( 1969): wrapperInvokeOemRequestHookRaw
D/wrapperGPS( 1969): SendOemRequestGpsFreqAiding, len(5), enable(0)
D/wrapperGPS( 1969): wrapperSendInvokeOemRequestHookRaw, totalLen 13, ipcLen 8
D/wrapperGPS( 1969): onRawReqComplete, 
D/wrapperGPS( 1969): onUnsol: sub_id(01)
D/wrapperGPS( 1969): onUnsol: Undefined IPC sub id: 01
I/BootupListener( 2826): mPendingNetworkManualSelection : false
E/NetworkNotificationUI( 2826): onDataConnectionStateChanged-S:2
D/NetworkNotificationUI( 2826): mDataState = 2 mPrevDataState = 2
D/NetworkNotificationUI( 2826): mIsWifiConnected = false m3gwarningPopup = false
D/PhoneApp( 2826): mReceiver: ACTION_ANY_DATA_CONNECTION_STATE_CHANGED
D/FileWriteThread( 2826): FileWriteThread : threadType = 2
D/NotificationMgr( 2826): hideDataDisconnectedRoaming()...
D/ContextualPageReceiver( 2851): mContextualPageReceiver: ACTION_SERVICE_STATE_CHANGED isRoaming : false
D/StatusChecker( 7877): onReceive : android.intent.action.SERVICE_STATE
D/StatusChecker( 7877): Service state changed : 0
I/wpa_supplicant( 4038): nl80211: Received scan results (10 BSSes)
I/wpa_supplicant( 4038): wlan0: Setting scan request: 8 sec 0 usec
I/wpa_supplicant( 4038): wlan0: CTRL-EVENT-NO-CONNECTION
I/wpa_supplicant( 4038): wlan0: Setting scan request: 8 sec 0 usec
D/Tethering( 2441): interfaceLinkStateChanged wlan0, true
D/Tethering( 2441): interfaceStatusChanged wlan0, true
E/WifiStateMachine( 2441): Error! unhandled message{ when=0 what=135188 target=com.android.internal.util.StateMachine$SmHandler }
I/libgps  ( 2441): OnGpsExtensionMessage: MSG_REQUEST_LOCATION_ID
I/LocationManagerService( 2441): remove 4343e5c8 by com.google.android.apps.maps
D/LocationManagerService( 2441): provider request: gps ProviderRequest[ON interval=+1s0ms]
I/LocationManagerService( 2441): remove 4369b1c0 by com.google.android.apps.maps
D/LocationManagerService( 2441): provider request: network ProviderRequest[ON interval=+24h0m0s0ms]
I/LocationManagerService( 2441): remove 44835fb8 by com.google.android.gms
D/GpsLocationProvider( 2441): setRequest ProviderRequest[ON interval=+1s0ms]
D/LocationManagerService( 2441): provider request: gps ProviderRequest[OFF]
D/GpsLocationProvider( 2441): setRequest ProviderRequest[OFF]
D/GpsLocationProvider( 2441): stopNavigating
D/libgps  ( 2441): proxy_gps_status_cb: called. status(2)
D/libgps  ( 2441): proxy_gps_status_cb: normal GPS icon mode.
V/GpsLocationProvider( 2441): reportStatus status: 2
D/NotificationService( 2441): cancelNotificationLocked
D/NotificationService( 2441):  hasClearableItems
D/NotificationService( 2441): Num of hasClearableItems : 3
D/SensorManager( 2797): unregisterListener ::   
E/Sensors ( 2441): AkmSensor : handle 1, en : 0 
E/Sensors ( 2441): MagSensor old sensor_state 15, new sensor_state : 11 en : 0
D/SensorManager( 2797): unregisterListener ::   
D/libgps  ( 2441): proxy_gps_status_cb: called. status(4)
D/libgps  ( 2441): proxy_gps_status_cb: normal GPS icon mode.
V/GpsLocationProvider( 2441): reportStatus status: 4
D/libgps  ( 2441): proxy_gps_status_cb: called. status(2)
D/libgps  ( 2441): proxy_gps_status_cb: normal GPS icon mode.
V/GpsLocationProvider( 2441): reportStatus status: 2
D/GpsLocationProvider_ex( 2441): getSKAFEnable : false
I/GCoreUlr( 2797): Successfully inserted 1 locations
D/dalvikvm( 2959): GC_CONCURRENT freed 1295K, 61% free 11506K/28952K, paused 4ms+6ms, total 84ms
I/GCoreUlr( 2797): Starting service, intent=Intent { act=com.google.android.location.reporting.UPLOAD cmp=com.google.android.gms/com.google.android.location.reporting.service.DispatchingService }, extras=null
I/GCoreUlr( 2797): LocationReporter sending 10 locations, 15 activities, and 3 metadata for account account#1# request #0; requests: []
D/dalvikvm( 2901): GC_CONCURRENT freed 748K, 25% free 10211K/13608K, paused 2ms+2ms, total 28ms
W/Conscrypt( 2901): Could not set socket write timeout: null
W/Conscrypt( 2901): Could not set socket write timeout: null
D/dalvikvm( 2901): GC_CONCURRENT freed 794K, 26% free 10178K/13608K, paused 7ms+5ms, total 58ms
D/dalvikvm( 2441): GC_EXPLICIT freed 852K, 37% free 34427K/54192K, paused 5ms+12ms, total 201ms
I/GCoreUlr( 2797): Batch Location Update succeeded for account account#1#
E/cutils  ( 1949): Failed to mkdirat(/storage/extSdCard/Android): Read-only file system
W/ContextImpl( 2959): Failed to ensure directory: /storage/extSdCard/Android/data/com.google.android.apps.maps/files
E/cutils  ( 1949): Failed to mkdirat(/storage/extSdCard/Android): Read-only file system
W/ContextImpl( 2959): Failed to ensure directory: /storage/extSdCard/Android/data/com.google.android.apps.maps/files
D/dalvikvm( 2797): GC_CONCURRENT freed 2184K, 51% free 14546K/29316K, paused 4ms+6ms, total 58ms
D/dalvikvm( 4794): GC_EXPLICIT freed 728K, 39% free 13380K/21728K, paused 3ms+6ms, total 49ms
D/dalvikvm( 2441): GC_EXPLICIT freed 395K, 37% free 34393K/54192K, paused 3ms+11ms, total 136ms
I/wpa_supplicant( 4038): Scan requested (ret=0) - scan timeout 30 seconds
D/WifiController( 2441): SET_AP_BOOSTER_FLAG ignored due to state change
I/BootupListener( 2826): mPendingNetworkManualSelection : false
E/NetworkNotificationUI( 2826): onDataConnectionStateChanged-S:2
D/NetworkNotificationUI( 2826): mDataState = 2 mPrevDataState = 2
D/NetworkNotificationUI( 2826): mIsWifiConnected = false m3gwarningPopup = false
D/PhoneApp( 2826): mReceiver: ACTION_ANY_DATA_CONNECTION_STATE_CHANGED
D/FileWriteThread( 2826): FileWriteThread : threadType = 2
D/NotificationMgr( 2826): hideDataDisconnectedRoaming()...
D/ContextualPageReceiver( 2851): mContextualPageReceiver: ACTION_SERVICE_STATE_CHANGED isRoaming : false
D/StatusChecker( 7877): onReceive : android.intent.action.SERVICE_STATE
D/StatusChecker( 7877): Service state changed : 0
I/wpa_supplicant( 4038): nl80211: Received scan results (9 BSSes)
I/wpa_supplicant( 4038): wlan0: Setting scan request: 16 sec 0 usec
I/wpa_supplicant( 4038): wlan0: CTRL-EVENT-NO-CONNECTION
I/wpa_supplicant( 4038): wlan0: Setting scan request: 16 sec 0 usec
D/Tethering( 2441): interfaceLinkStateChanged wlan0, true
D/Tethering( 2441): interfaceStatusChanged wlan0, true
E/WifiStateMachine( 2441): Error! unhandled message{ when=-1ms what=135188 target=com.android.internal.util.StateMachine$SmHandler }
I/wpa_supplicant( 4038): Scan requested (ret=0) - scan timeout 30 seconds
E/Sensors ( 2441): Acc old sensor_state 11, new sensor_state : 10 en : 0
I/libgps  ( 2441): disarming wakeLockTimer
