I/TIMA: tlc_communication( 2441): mcWaitNotification is completed
I/TIMA: tlc_communication( 2441): Send Trustlet TCI Message
I/TIMA: tlc_communication( 2441): mcNotify is completed
I/TIMA: tlc_communication( 2441): mcWaitNotification is completed
I/TIMA: tlc_communication( 2441): Send Trustlet TCI Message
I/TIMA: tlc_communication( 2441): mcNotify is completed
I/TIMA: tlc_communication( 2441): mcWaitNotification is completed
I/TIMA: tlc_communication( 2441): Send Trustlet TCI Message
I/TIMA: tlc_communication( 2441): mcNotify is completed
I/TIMA: tlc_communication( 2441): mcWaitNotification is completed
I/TIMA: tlc_communication( 2441): Send Trustlet TCI Message
I/TIMA: tlc_communication( 2441): mcNotify is completed
I/TIMA: tlc_communication( 2441): mcWaitNotification is completed
I/TIMA: tlc_communication( 2441): Send Trustlet TCI Message
I/TIMA: tlc_communication( 2441): mcNotify is completed
I/TIMA: tlc_communication( 2441): mcWaitNotification is completed
I/TIMA: tlc_communication( 2441): Send Trustlet TCI Message
I/TIMA: tlc_communication( 2441): mcNotify is completed
I/TIMA: tlc_communication( 2441): mcWaitNotification is completed
I/TIMA: tlc_communication( 2441): Send Trustlet TCI Message
I/TIMA: tlc_communication( 2441): mcNotify is completed
I/TIMA: tlc_communication( 2441): mcWaitNotification is completed
I/TIMA: tlc_communication( 2441): Send Trustlet TCI Message
I/TIMA: tlc_communication( 2441): mcNotify is completed
I/TIMA: tlc_communication( 2441): mcWaitNotification is completed
I/TIMA: tlc_communication( 2441): Send Trustlet TCI Message
I/TIMA: tlc_communication( 2441): mcNotify is completed
I/TIMA: tlc_communication( 2441): mcWaitNotification is completed
I/TIMA: tlc_communication( 2441): Send Trustlet TCI Message
I/TIMA: tlc_communication( 2441): mcNotify is completed
I/TIMA: tlc_communication( 2441): mcWaitNotification is completed
I/TIMA: tlc_communication( 2441): Send Trustlet TCI Message
I/TIMA: tlc_communication( 2441): mcNotify is completed
I/TIMA: tlc_communication( 2441): mcWaitNotification is completed
I/TIMA: tlc_communication( 2441): Send Trustlet TCI Message
I/TIMA: tlc_communication( 2441): mcNotify is completed
I/TIMA: tlc_communication( 2441): mcWaitNotification is completed
I/TIMA: tlc_communication( 2441): Send Trustlet TCI Message
I/TIMA: tlc_communication( 2441): mcNotify is completed
I/TIMA: tlc_communication( 2441): mcWaitNotification is completed
I/TIMA: tlc_communication( 2441): Send Trustlet TCI Message
I/TIMA: tlc_communication( 2441): mcNotify is completed
I/TIMA: tlc_communication( 2441): mcWaitNotification is completed
I/TIMA: tlc_communication( 2441): Send Trustlet TCI Message
I/TIMA: tlc_communication( 2441): mcNotify is completed
I/TIMA: tlc_communication( 2441): mcWaitNotification is completed
I/TIMA: tlc_communication( 2441): Send Trustlet TCI Message
I/TIMA: tlc_communication( 2441): mcNotify is completed
I/TIMA: tlc_communication( 2441): mcWaitNotification is completed
I/TIMA: tlc_communication( 2441): Send Trustlet TCI Message
I/TIMA: tlc_communication( 2441): mcNotify is completed
I/TIMA: tlc_communication( 2441): mcWaitNotification is completed
I/TIMA: tlc_communication( 2441): Send Trustlet TCI Message
I/TIMA: tlc_communication( 2441): mcNotify is completed
I/TIMA: tlc_communication( 2441): mcWaitNotification is completed
I/TIMA: tlc_communication( 2441): Send Trustlet TCI Message
I/TIMA: tlc_communication( 2441): mcNotify is completed
I/TIMA: tlc_communication( 2441): mcWaitNotification is completed
I/TIMA: tlc_communication( 2441): Send Trustlet TCI Message
I/TIMA: tlc_communication( 2441): mcNotify is completed
I/TIMA: tlc_communication( 2441): mcWaitNotification is completed
I/TIMA: tlc_communication( 2441): Send Trustlet TCI Message
I/TIMA: tlc_communication( 2441): mcNotify is completed
I/TIMA: tlc_communication( 2441): mcWaitNotification is completed
I/TIMA: tlc_communication( 2441): Send Trustlet TCI Message
I/TIMA: tlc_communication( 2441): mcNotify is completed
I/TIMA: tlc_communication( 2441): mcWaitNotification is completed
I/TIMA: tlc_communication( 2441): Send Trustlet TCI Message
I/TIMA: tlc_communication( 2441): mcNotify is completed
I/TIMA: tlc_communication( 2441): mcWaitNotification is completed
I/TIMA: tlc_communication( 2441): Send Trustlet TCI Message
I/TIMA: tlc_communication( 2441): mcNotify is completed
I/TIMA: tlc_communication( 2441): mcWaitNotification is completed
I/TIMA: tlc_communication( 2441): Send Trustlet TCI Message
I/TIMA: tlc_communication( 2441): mcNotify is completed
I/TIMA: tlc_communication( 2441): mcWaitNotification is completed
I/TIMA: tlc_communication( 2441): Send Trustlet TCI Message
I/TIMA: tlc_communication( 2441): mcNotify is completed
I/TIMA: tlc_communication( 2441): mcWaitNotification is completed
I/TIMA: tlc_communication( 2441): Send Trustlet TCI Message
I/TIMA: tlc_communication( 2441): mcNotify is completed
I/TIMA: tlc_communication( 2441): mcWaitNotification is completed
I/TIMA: tlc_communication( 2441): Send Trustlet TCI Message
I/TIMA: tlc_communication( 2441): mcNotify is completed
I/TIMA: tlc_communication( 2441): mcWaitNotification is completed
I/TIMA: tlc_communication( 2441): Send Trustlet TCI Message
I/TIMA: tlc_communication( 2441): mcNotify is completed
I/TIMA: tlc_communication( 2441): mcWaitNotification is completed
I/TIMA: tlc_communication( 2441): Send Trustlet TCI Message
I/TIMA: tlc_communication( 2441): mcNotify is completed
I/TIMA: tlc_communication( 2441): mcWaitNotification is completed
I/TIMA: tlc_communication( 2441): Send Trustlet TCI Message
I/TIMA: tlc_communication( 2441): mcNotify is completed
I/TIMA: tlc_communication( 2441): mcWaitNotification is completed
I/TIMA: tlc_communication( 2441): Send Trustlet TCI Message
I/TIMA: tlc_communication( 2441): mcNotify is completed
I/TIMA: tlc_communication( 2441): mcWaitNotification is completed
I/TIMA: tlc_communication( 2441): Send Trustlet TCI Message
I/TIMA: tlc_communication( 2441): mcNotify is completed
I/TIMA: tlc_communication( 2441): mcWaitNotification is completed
I/TIMA: tlc_communication( 2441): Send Trustlet TCI Message
I/TIMA: tlc_communication( 2441): mcNotify is completed
I/TIMA: tlc_communication( 2441): mcWaitNotification is completed
I/TIMA: tlc_communication( 2441): Send Trustlet TCI Message
I/TIMA: tlc_communication( 2441): mcNotify is completed
I/TIMA: tlc_communication( 2441): mcWaitNotification is completed
I/TIMA: tlc_communication( 2441): Send Trustlet TCI Message
I/TIMA: tlc_communication( 2441): mcNotify is completed
I/TIMA: tlc_communication( 2441): mcWaitNotification is completed
I/TIMA: tlc_communication( 2441): Send Trustlet TCI Message
I/TIMA: tlc_communication( 2441): mcNotify is completed
I/TIMA: tlc_communication( 2441): mcWaitNotification is completed
I/TIMA: tlc_communication( 2441): Send Trustlet TCI Message
I/TIMA: tlc_communication( 2441): mcNotify is completed
I/TIMA: tlc_communication( 2441): mcWaitNotification is completed
I/TIMA: tlc_communication( 2441): Send Trustlet TCI Message
I/TIMA: tlc_communication( 2441): mcNotify is completed
I/TIMA: tlc_communication( 2441): mcWaitNotification is completed
I/TIMA: tlc_communication( 2441): Send Trustlet TCI Message
I/TIMA: tlc_communication( 2441): mcNotify is completed
I/TIMA: tlc_communication( 2441): mcWaitNotification is completed
I/TIMA: tlc_communication( 2441): Send Trustlet TCI Message
I/TIMA: tlc_communication( 2441): mcNotify is completed
I/TIMA: tlc_communication( 2441): mcWaitNotification is completed
I/TIMA: tlc_communication( 2441): Send Trustlet TCI Message
I/TIMA: tlc_communication( 2441): mcNotify is completed
I/TIMA: tlc_communication( 2441): mcWaitNotification is completed
I/TIMA: tlc_communication( 2441): Send Trustlet TCI Message
I/TIMA: tlc_communication( 2441): mcNotify is completed
I/TIMA: tlc_communication( 2441): mcWaitNotification is completed
I/TIMA: tlc_communication( 2441): Send Trustlet TCI Message
I/TIMA: tlc_communication( 2441): mcNotify is completed
I/TIMA: tlc_communication( 2441): mcWaitNotification is completed
I/TIMA: tlc_communication( 2441): Send Trustlet TCI Message
I/TIMA: tlc_communication( 2441): mcNotify is completed
I/TIMA: tlc_communication( 2441): mcWaitNotification is completed
I/TIMA: tlc_communication( 2441): Send Trustlet TCI Message
I/TIMA: tlc_communication( 2441): mcNotify is completed
I/TIMA: tlc_communication( 2441): mcWaitNotification is completed
I/TIMA: tlc_communication( 2441): Send Trustlet TCI Message
I/TIMA: tlc_communication( 2441): mcNotify is completed
I/TIMA: tlc_communication( 2441): mcWaitNotification is completed
I/TIMA: tlc_communication( 2441): Send Trustlet TCI Message
I/TIMA: tlc_communication( 2441): mcNotify is completed
I/TIMA: tlc_communication( 2441): mcWaitNotification is completed
I/TIMA: tlc_communication( 2441): Send Trustlet TCI Message
I/TIMA: tlc_communication( 2441): mcNotify is completed
I/TIMA: tlc_communication( 2441): mcWaitNotification is completed
I/TIMA: tlc_communication( 2441): Send Trustlet TCI Message
I/TIMA: tlc_communication( 2441): mcNotify is completed
I/TIMA: tlc_communication( 2441): mcWaitNotification is completed
I/TIMA: tlc_communication( 2441): Send Trustlet TCI Message
I/TIMA: tlc_communication( 2441): mcNotify is completed
I/TIMA: tlc_communication( 2441): mcWaitNotification is completed
I/TIMA: tlc_communication( 2441): Send Trustlet TCI Message
I/TIMA: tlc_communication( 2441): mcNotify is completed
I/TIMA: tlc_communication( 2441): mcWaitNotification is completed
I/TIMA: tlc_communication( 2441): Send Trustlet TCI Message
I/TIMA: tlc_communication( 2441): mcNotify is completed
I/TIMA: tlc_communication( 2441): mcWaitNotification is completed
I/TIMA: tlc_communication( 2441): Send Trustlet TCI Message
I/TIMA: tlc_communication( 2441): mcNotify is completed
I/TIMA: tlc_communication( 2441): mcWaitNotification is completed
I/TIMA: tlc_communication( 2441): Send Trustlet TCI Message
I/TIMA: tlc_communication( 2441): mcNotify is completed
I/TIMA: tlc_communication( 2441): mcWaitNotification is completed
I/TIMA: tlc_communication( 2441): Send Trustlet TCI Message
I/TIMA: tlc_communication( 2441): mcNotify is completed
I/TIMA: tlc_communication( 2441): mcWaitNotification is completed
I/TIMA: tlc_communication( 2441): Send Trustlet TCI Message
I/TIMA: tlc_communication( 2441): mcNotify is completed
I/TIMA: tlc_communication( 2441): mcWaitNotification is completed
I/TIMA: tlc_communication( 2441): Send Trustlet TCI Message
I/TIMA: tlc_communication( 2441): mcNotify is completed
I/TIMA: tlc_communication( 2441): mcWaitNotification is completed
I/TIMA: tlc_communication( 2441): Send Trustlet TCI Message
I/TIMA: tlc_communication( 2441): mcNotify is completed
I/TIMA: tlc_communication( 2441): mcWaitNotification is completed
I/TIMA: tlc_communication( 2441): Send Trustlet TCI Message
I/TIMA: tlc_communication( 2441): mcNotify is completed
I/TIMA: tlc_communication( 2441): mcWaitNotification is completed
I/TIMA: tlc_communication( 2441): Send Trustlet TCI Message
I/TIMA: tlc_communication( 2441): mcNotify is completed
I/TIMA: tlc_communication( 2441): mcWaitNotification is completed
I/TIMA: tlc_communication( 2441): Send Trustlet TCI Message
I/TIMA: tlc_communication( 2441): mcNotify is completed
I/TIMA: tlc_communication( 2441): mcWaitNotification is completed
I/TIMA: tlc_communication( 2441): Send Trustlet TCI Message
I/TIMA: tlc_communication( 2441): mcNotify is completed
I/TIMA: tlc_communication( 2441): mcWaitNotification is completed
I/TIMA: tlc_communication( 2441): Send Trustlet TCI Message
I/TIMA: tlc_communication( 2441): mcNotify is completed
I/TIMA: tlc_communication( 2441): mcWaitNotification is completed
I/TIMA: tlc_communication( 2441): Send Trustlet TCI Message
I/TIMA: tlc_communication( 2441): mcNotify is completed
I/TIMA: tlc_communication( 2441): mcWaitNotification is completed
I/TIMA: tlc_communication( 2441): Send Trustlet TCI Message
I/TIMA: tlc_communication( 2441): mcNotify is completed
I/TIMA: tlc_communication( 2441): mcWaitNotification is completed
I/TIMA: tlc_communication( 2441): Send Trustlet TCI Message
I/TIMA: tlc_communication( 2441): mcNotify is completed
I/TIMA: tlc_communication( 2441): mcWaitNotification is completed
I/TIMA: tlc_communication( 2441): Send Trustlet TCI Message
I/TIMA: tlc_communication( 2441): mcNotify is completed
I/TIMA: tlc_communication( 2441): mcWaitNotification is completed
I/TIMA: tlc_communication( 2441): Send Trustlet TCI Message
I/TIMA: tlc_communication( 2441): mcNotify is completed
I/TIMA: tlc_communication( 2441): mcWaitNotification is completed
I/TIMA: tlc_communication( 2441): Send Trustlet TCI Message
I/TIMA: tlc_communication( 2441): mcNotify is completed
I/TIMA: tlc_communication( 2441): mcWaitNotification is completed
I/TIMA: tlc_communication( 2441): Send Trustlet TCI Message
I/TIMA: tlc_communication( 2441): mcNotify is completed
I/TIMA: tlc_communication( 2441): mcWaitNotification is completed
I/TIMA: tlc_communication( 2441): Send Trustlet TCI Message
I/TIMA: tlc_communication( 2441): mcNotify is completed
I/TIMA: tlc_communication( 2441): mcWaitNotification is completed
I/TIMA: tlc_communication( 2441): Send Trustlet TCI Message
I/TIMA: tlc_communication( 2441): mcNotify is completed
I/TIMA: tlc_communication( 2441): mcWaitNotification is completed
I/TIMA: tlc_communication( 2441): Send Trustlet TCI Message
I/TIMA: tlc_communication( 2441): mcNotify is completed
I/TIMA: tlc_communication( 2441): mcWaitNotification is completed
I/TIMA: tlc_communication( 2441): Send Trustlet TCI Message
I/TIMA: tlc_communication( 2441): mcNotify is completed
I/TIMA: tlc_communication( 2441): mcWaitNotification is completed
I/TIMA: tlc_communication( 2441): Send Trustlet TCI Message
I/TIMA: tlc_communication( 2441): mcNotify is completed
I/TIMA: tlc_communication( 2441): mcWaitNotification is completed
I/TIMA: tlc_communication( 2441): Send Trustlet TCI Message
I/TIMA: tlc_communication( 2441): mcNotify is completed
I/TIMA: tlc_communication( 2441): mcWaitNotification is completed
I/TIMA: tlc_communication( 2441): Send Trustlet TCI Message
I/TIMA: tlc_communication( 2441): mcNotify is completed
I/TIMA: tlc_communication( 2441): mcWaitNotification is completed
I/TIMA: tlc_communication( 2441): Send Trustlet TCI Message
I/TIMA: tlc_communication( 2441): mcNotify is completed
I/TIMA: tlc_communication( 2441): mcWaitNotification is completed
I/TIMA: tlc_communication( 2441): Send Trustlet TCI Message
I/TIMA: tlc_communication( 2441): mcNotify is completed
I/TIMA: tlc_communication( 2441): mcWaitNotification is completed
I/TIMA: tlc_communication( 2441): Send Trustlet TCI Message
I/TIMA: tlc_communication( 2441): mcNotify is completed
I/TIMA: tlc_communication( 2441): mcWaitNotification is completed
I/TIMA: tlc_communication( 2441): Send Trustlet TCI Message
I/TIMA: tlc_communication( 2441): mcNotify is completed
I/TIMA: tlc_communication( 2441): mcWaitNotification is completed
I/TIMA: tlc_communication( 2441): Send Trustlet TCI Message
I/TIMA: tlc_communication( 2441): mcNotify is completed
I/TIMA: tlc_communication( 2441): mcWaitNotification is completed
I/TIMA: tlc_communication( 2441): Send Trustlet TCI Message
I/TIMA: tlc_communication( 2441): mcNotify is completed
I/TIMA: tlc_communication( 2441): mcWaitNotification is completed
I/TIMA: tlc_communication( 2441): Send Trustlet TCI Message
I/TIMA: tlc_communication( 2441): mcNotify is completed
I/TIMA: tlc_communication( 2441): mcWaitNotification is completed
I/TIMA: tlc_communication( 2441): Send Trustlet TCI Message
I/TIMA: tlc_communication( 2441): mcNotify is completed
I/TIMA: tlc_communication( 2441): mcWaitNotification is completed
I/TIMA: tlc_communication( 2441): Send Trustlet TCI Message
I/TIMA: tlc_communication( 2441): mcNotify is completed
I/TIMA: tlc_communication( 2441): mcWaitNotification is completed
I/TIMA: tlc_communication( 2441): Send Trustlet TCI Message
I/TIMA: tlc_communication( 2441): mcNotify is completed
I/TIMA: tlc_communication( 2441): mcWaitNotification is completed
I/TIMA: tlc_communication( 2441): Send Trustlet TCI Message
I/TIMA: tlc_communication( 2441): mcNotify is completed
I/TIMA: tlc_communication( 2441): mcWaitNotification is completed
I/TIMA: tlc_communication( 2441): Send Trustlet TCI Message
I/TIMA: tlc_communication( 2441): mcNotify is completed
I/TIMA: tlc_communication( 2441): mcWaitNotification is completed
I/TIMA: tlc_communication( 2441): Send Trustlet TCI Message
I/TIMA: tlc_communication( 2441): mcNotify is completed
I/TIMA: tlc_communication( 2441): mcWaitNotification is completed
I/TIMA: tlc_communication( 2441): Send Trustlet TCI Message
I/TIMA: tlc_communication( 2441): mcNotify is completed
I/TIMA: tlc_communication( 2441): mcWaitNotification is completed
I/TIMA: tlc_communication( 2441): Send Trustlet TCI Message
I/TIMA: tlc_communication( 2441): mcNotify is completed
I/TIMA: tlc_communication( 2441): mcWaitNotification is completed
I/TIMA: tlc_communication( 2441): Send Trustlet TCI Message
I/TIMA: tlc_communication( 2441): mcNotify is completed
I/TIMA: tlc_communication( 2441): mcWaitNotification is completed
I/TIMA: tlc_communication( 2441): Send Trustlet TCI Message
I/TIMA: tlc_communication( 2441): mcNotify is completed
I/TIMA: tlc_communication( 2441): mcWaitNotification is completed
I/TIMA: tlc_communication( 2441): Send Trustlet TCI Message
I/TIMA: tlc_communication( 2441): mcNotify is completed
I/TIMA: tlc_communication( 2441): mcWaitNotification is completed
I/TIMA: tlc_communication( 2441): Send Trustlet TCI Message
I/TIMA: tlc_communication( 2441): mcNotify is completed
I/TIMA: tlc_communication( 2441): mcWaitNotification is completed
I/TIMA: tlc_communication( 2441): Send Trustlet TCI Message
I/TIMA: tlc_communication( 2441): mcNotify is completed
I/TIMA: tlc_communication( 2441): mcWaitNotification is completed
I/TIMA: tlc_communication( 2441): Send Trustlet TCI Message
I/TIMA: tlc_communication( 2441): mcNotify is completed
I/TIMA: tlc_communication( 2441): mcWaitNotification is completed
I/TIMA: tlc_communication( 2441): Send Trustlet TCI Message
I/TIMA: tlc_communication( 2441): mcNotify is completed
I/TIMA: tlc_communication( 2441): mcWaitNotification is completed
I/TIMA: tlc_communication( 2441): Send Trustlet TCI Message
I/TIMA: tlc_communication( 2441): mcNotify is completed
I/TIMA: tlc_communication( 2441): mcWaitNotification is completed
I/TIMA: tlc_communication( 2441): Send Trustlet TCI Message
I/TIMA: tlc_communication( 2441): mcNotify is completed
I/TIMA: tlc_communication( 2441): mcWaitNotification is completed
I/TIMA: tlc_communication( 2441): Send Trustlet TCI Message
I/TIMA: tlc_communication( 2441): mcNotify is completed
I/TIMA: tlc_communication( 2441): mcWaitNotification is completed
I/TIMA: tlc_communication( 2441): Send Trustlet TCI Message
I/TIMA: tlc_communication( 2441): mcNotify is completed
I/TIMA: tlc_communication( 2441): mcWaitNotification is completed
I/TIMA: tlc_communication( 2441): Send Trustlet TCI Message
I/TIMA: tlc_communication( 2441): mcNotify is completed
I/TIMA: tlc_communication( 2441): mcWaitNotification is completed
I/TIMA: tlc_communication( 2441): Send Trustlet TCI Message
I/TIMA: tlc_communication( 2441): mcNotify is completed
I/TIMA: tlc_communication( 2441): mcWaitNotification is completed
I/TIMA: tlc_communication( 2441): Send Trustlet TCI Message
I/TIMA: tlc_communication( 2441): mcNotify is completed
I/TIMA: tlc_communication( 2441): mcWaitNotification is completed
I/TIMA: tlc_communication( 2441): Send Trustlet TCI Message
I/TIMA: tlc_communication( 2441): mcNotify is completed
I/TIMA: tlc_communication( 2441): mcWaitNotification is completed
I/TIMA: tlc_communication( 2441): Send Trustlet TCI Message
I/TIMA: tlc_communication( 2441): mcNotify is completed
I/TIMA: tlc_communication( 2441): mcWaitNotification is completed
I/TIMA: tlc_communication( 2441): Send Trustlet TCI Message
I/TIMA: tlc_communication( 2441): mcNotify is completed
I/TIMA: tlc_communication( 2441): mcWaitNotification is completed
I/TIMA: tlc_communication( 2441): Send Trustlet TCI Message
I/TIMA: tlc_communication( 2441): mcNotify is completed
I/TIMA: tlc_communication( 2441): mcWaitNotification is completed
I/TIMA: tlc_communication( 2441): Send Trustlet TCI Message
I/TIMA: tlc_communication( 2441): mcNotify is completed
I/TIMA: tlc_communication( 2441): mcWaitNotification is completed
I/TIMA: tlc_communication( 2441): Send Trustlet TCI Message
I/TIMA: tlc_communication( 2441): mcNotify is completed
I/TIMA: tlc_communication( 2441): mcWaitNotification is completed
I/TIMA: tlc_communication( 2441): Send Trustlet TCI Message
I/TIMA: tlc_communication( 2441): mcNotify is completed
I/TIMA: tlc_communication( 2441): mcWaitNotification is completed
I/TIMA: tlc_communication( 2441): Send Trustlet TCI Message
I/TIMA: tlc_communication( 2441): mcNotify is completed
I/TIMA: tlc_communication( 2441): mcWaitNotification is completed
I/TIMA: tlc_communication( 2441): Send Trustlet TCI Message
I/TIMA: tlc_communication( 2441): mcNotify is completed
I/TIMA: tlc_communication( 2441): mcWaitNotification is completed
I/TIMA: tlc_communication( 2441): Send Trustlet TCI Message
I/TIMA: tlc_communication( 2441): mcNotify is completed
I/TIMA: tlc_communication( 2441): mcWaitNotification is completed
I/TIMA: tlc_communication( 2441): Send Trustlet TCI Message
I/TIMA: tlc_communication( 2441): mcNotify is completed
I/TIMA: tlc_communication( 2441): mcWaitNotification is completed
I/TIMA: tlc_communication( 2441): Send Trustlet TCI Message
I/TIMA: tlc_communication( 2441): mcNotify is completed
I/TIMA: tlc_communication( 2441): mcWaitNotification is completed
I/TIMA: tlc_communication( 2441): Send Trustlet TCI Message
I/TIMA: tlc_communication( 2441): mcNotify is completed
I/TIMA: tlc_communication( 2441): mcWaitNotification is completed
I/TIMA: tlc_communication( 2441): Send Trustlet TCI Message
I/TIMA: tlc_communication( 2441): mcNotify is completed
I/TIMA: tlc_communication( 2441): mcWaitNotification is completed
I/TIMA: tlc_communication( 2441): Send Trustlet TCI Message
I/TIMA: tlc_communication( 2441): mcNotify is completed
I/TIMA: tlc_communication( 2441): mcWaitNotification is completed
I/TIMA: tlc_communication( 2441): Send Trustlet TCI Message
I/TIMA: tlc_communication( 2441): mcNotify is completed
I/TIMA: tlc_communication( 2441): mcWaitNotification is completed
I/TIMA: tlc_communication( 2441): Send Trustlet TCI Message
I/TIMA: tlc_communication( 2441): mcNotify is completed
I/TIMA: tlc_communication( 2441): mcWaitNotification is completed
I/TIMA: tlc_communication( 2441): Send Trustlet TCI Message
I/TIMA: tlc_communication( 2441): mcNotify is completed
I/TIMA: tlc_communication( 2441): mcWaitNotification is completed
I/TIMA: tlc_communication( 2441): Send Trustlet TCI Message
I/TIMA: tlc_communication( 2441): mcNotify is completed
I/TIMA: tlc_communication( 2441): mcWaitNotification is completed
I/TIMA: tlc_communication( 2441): Send Trustlet TCI Message
I/TIMA: tlc_communication( 2441): mcNotify is completed
I/TIMA: tlc_communication( 2441): mcWaitNotification is completed
I/TIMA: tlc_communication( 2441): Send Trustlet TCI Message
I/TIMA: tlc_communication( 2441): mcNotify is completed
I/TIMA: tlc_communication( 2441): mcWaitNotification is completed
I/TIMA: tlc_communication( 2441): Send Trustlet TCI Message
I/TIMA: tlc_communication( 2441): mcNotify is completed
I/TIMA: tlc_communication( 2441): mcWaitNotification is completed
I/TIMA: tlc_communication( 2441): Send Trustlet TCI Message
I/TIMA: tlc_communication( 2441): mcNotify is completed
I/TIMA: tlc_communication( 2441): mcWaitNotification is completed
I/TIMA: tlc_communication( 2441): Send Trustlet TCI Message
I/TIMA: tlc_communication( 2441): mcNotify is completed
I/TIMA: tlc_communication( 2441): mcWaitNotification is completed
I/TIMA: tlc_communication( 2441): Send Trustlet TCI Message
I/TIMA: tlc_communication( 2441): mcNotify is completed
I/TIMA: tlc_communication( 2441): mcWaitNotification is completed
I/TIMA: tlc_communication( 2441): Send Trustlet TCI Message
I/TIMA: tlc_communication( 2441): mcNotify is completed
I/TIMA: tlc_communication( 2441): mcWaitNotification is completed
I/TIMA: tlc_communication( 2441): Send Trustlet TCI Message
I/TIMA: tlc_communication( 2441): mcNotify is completed
I/TIMA: tlc_communication( 2441): mcWaitNotification is completed
I/TIMA: tlc_communication( 2441): Send Trustlet TCI Message
I/TIMA: tlc_communication( 2441): mcNotify is completed
I/TIMA: tlc_communication( 2441): mcWaitNotification is completed
I/TIMA: tlc_communication( 2441): Send Trustlet TCI Message
I/TIMA: tlc_communication( 2441): mcNotify is completed
I/TIMA: tlc_communication( 2441): mcWaitNotification is completed
I/TIMA: tlc_communication( 2441): Send Trustlet TCI Message
I/TIMA: tlc_communication( 2441): mcNotify is completed
I/TIMA: tlc_communication( 2441): mcWaitNotification is completed
I/TIMA: tlc_communication( 2441): Send Trustlet TCI Message
I/TIMA: tlc_communication( 2441): mcNotify is completed
I/TIMA: tlc_communication( 2441): mcWaitNotification is completed
I/TIMA: tlc_communication( 2441): Send Trustlet TCI Message
I/TIMA: tlc_communication( 2441): mcNotify is completed
I/TIMA: tlc_communication( 2441): mcWaitNotification is completed
I/TIMA: tlc_communication( 2441): Send Trustlet TCI Message
I/TIMA: tlc_communication( 2441): mcNotify is completed
I/TIMA: tlc_communication( 2441): mcWaitNotification is completed
I/TLC_TIMA_PKM( 2441): TIMA: recv_cmd_id = 2
I/TLC_TIMA_PKM( 2441): TIMA: recv_cmd ret = 0, result_ondemand = MSG=Kernel Verification Success;
D/KeyguardUpdateMonitor( 2660): received broadcast android.intent.action.BATTERY_CHANGED
D/KeyguardUpdateMonitor( 2660): handleBatteryUpdate
D/KeyguardUpdateMonitor( 2660): received broadcast android.intent.action.BATTERY_CHANGED
D/KeyguardUpdateMonitor( 2660): handleBatteryUpdate
I/SensorManagerA( 2797): getReportingMode :: sensor.mType = 6
E/Sensors ( 2441): Pressure old sensor_state 0, new sensor_state : 8 en : 1
D/SensorManager( 2797): registerListener :: 4, BMP182 Barometer Sensor, 0, 0,  
D/KeyguardUpdateMonitor( 2660): received broadcast android.intent.action.TIME_TICK
D/KeyguardUpdateMonitor( 2660): handleTimeUpdate
D/dalvikvm( 2441): GC_EXPLICIT freed 1580K, 37% free 34489K/54192K, paused 9ms+20ms, total 232ms
I/SensorManagerA( 2797): getReportingMode :: sensor.mType = 1
E/Sensors ( 2441): Acc old sensor_state 8, new sensor_state : 9 en : 1
D/SensorManager( 2797): registerListener :: 0, LSM330DLC Acceleration Sensor, 20000, 0,  
E/Sensors ( 2441): Pressure old sensor_state 9, new sensor_state : 1 en : 0
D/SensorManager( 2797): unregisterListener ::   
E/cutils  ( 1949): Failed to mkdirat(/storage/extSdCard/Android): Read-only file system
W/ContextImpl( 2959): Failed to ensure directory: /storage/extSdCard/Android/data/com.google.android.apps.maps/files
E/cutils  ( 1949): Failed to mkdirat(/storage/extSdCard/Android): Read-only file system
W/ContextImpl( 2959): Failed to ensure directory: /storage/extSdCard/Android/data/com.google.android.apps.maps/files
W/Places  ( 2797): ?: The PlaceGeofenceListener is not registered.
E/Places  ( 2797): IllegalArgumentException whilst unregistering receiver. Was SignalManager stopped before being started?
W/MessageQueue( 2797): Handler (akal) {42d4dc70} sending message to a Handler on a dead thread
W/MessageQueue( 2797): java.lang.RuntimeException: Handler (akal) {42d4dc70} sending message to a Handler on a dead thread
W/MessageQueue( 2797): 	at android.os.MessageQueue.enqueueMessage(MessageQueue.java:320)
W/MessageQueue( 2797): 	at android.os.Handler.enqueueMessage(Handler.java:626)
W/MessageQueue( 2797): 	at android.os.Handler.sendMessageAtTime(Handler.java:595)
W/MessageQueue( 2797): 	at android.os.Handler.sendMessageDelayed(Handler.java:566)
W/MessageQueue( 2797): 	at android.os.Handler.post(Handler.java:326)
W/MessageQueue( 2797): 	at akal.a(:com.google.android.gms:29)
W/MessageQueue( 2797): 	at akab.b(:com.google.android.gms:2597)
W/MessageQueue( 2797): 	at ipm.handleMessage(:com.google.android.gms:1542)
W/MessageQueue( 2797): 	at android.os.Handler.dispatchMessage(Handler.java:102)
W/MessageQueue( 2797): 	at android.os.Looper.loop(Looper.java:146)
W/MessageQueue( 2797): 	at android.app.ActivityThread.main(ActivityThread.java:5602)
W/MessageQueue( 2797): 	at java.lang.reflect.Method.invokeNative(Native Method)
W/MessageQueue( 2797): 	at java.lang.reflect.Method.invoke(Method.java:515)
W/MessageQueue( 2797): 	at com.android.internal.os.ZygoteInit$MethodAndArgsCaller.run(ZygoteInit.java:1283)
W/MessageQueue( 2797): 	at com.android.internal.os.ZygoteInit.main(ZygoteInit.java:1099)
W/MessageQueue( 2797): 	at dalvik.system.NativeStart.main(Native Method)
W/MessageQueue( 2797): Handler (akal) {42d4dc70} sending message to a Handler on a dead thread
W/MessageQueue( 2797): java.lang.RuntimeException: Handler (akal) {42d4dc70} sending message to a Handler on a dead thread
W/MessageQueue( 2797): 	at android.os.MessageQueue.enqueueMessage(MessageQueue.java:320)
W/MessageQueue( 2797): 	at android.os.Handler.enqueueMessage(Handler.java:626)
W/MessageQueue( 2797): 	at android.os.Handler.sendMessageAtTime(Handler.java:595)
W/MessageQueue( 2797): 	at android.os.Handler.sendMessageDelayed(Handler.java:566)
W/MessageQueue( 2797): 	at android.os.Handler.post(Handler.java:326)
W/MessageQueue( 2797): 	at akal.a(:com.google.android.gms:29)
W/MessageQueue( 2797): 	at akad.b(:com.google.android.gms:3625)
W/MessageQueue( 2797): 	at ipm.handleMessage(:com.google.android.gms:1542)
W/MessageQueue( 2797): 	at android.os.Handler.dispatchMessage(Handler.java:102)
W/MessageQueue( 2797): 	at android.os.Looper.loop(Looper.java:146)
W/MessageQueue( 2797): 	at android.app.ActivityThread.main(ActivityThread.java:5602)
W/MessageQueue( 2797): 	at java.lang.reflect.Method.invokeNative(Native Method)
W/MessageQueue( 2797): 	at java.lang.reflect.Method.invoke(Method.java:515)
W/MessageQueue( 2797): 	at com.android.internal.os.ZygoteInit$MethodAndArgsCaller.run(ZygoteInit.java:1283)
W/MessageQueue( 2797): 	at com.android.internal.os.ZygoteInit.main(ZygoteInit.java:1099)
W/MessageQueue( 2797): 	at dalvik.system.NativeStart.main(Native Method)
W/MessageQueue( 2797): Handler (akal) {42d4dc70} sending message to a Handler on a dead thread
W/MessageQueue( 2797): java.lang.RuntimeException: Handler (akal) {42d4dc70} sending message to a Handler on a dead thread
W/MessageQueue( 2797): 	at android.os.MessageQueue.enqueueMessage(MessageQueue.java:320)
W/MessageQueue( 2797): 	at android.os.Handler.enqueueMessage(Handler.java:626)
W/MessageQueue( 2797): 	at android.os.Handler.sendMessageAtTime(Handler.java:595)
W/MessageQueue( 2797): 	at android.os.Handler.sendMessageDelayed(Handler.java:566)
W/MessageQueue( 2797): 	at android.os.Handler.post(Handler.java:326)
W/MessageQueue( 2797): 	at akal.a(:com.google.android.gms:29)
W/MessageQueue( 2797): 	at akad.b(:com.google.android.gms:3625)
W/MessageQueue( 2797): 	at ipm.handleMessage(:com.google.android.gms:1542)
W/MessageQueue( 2797): 	at android.os.Handler.dispatchMessage(Handler.java:102)
W/MessageQueue( 2797): 	at android.os.Looper.loop(Looper.java:146)
W/MessageQueue( 2797): 	at android.app.ActivityThread.main(ActivityThread.java:5602)
W/MessageQueue( 2797): 	at java.lang.reflect.Method.invokeNative(Native Method)
W/MessageQueue( 2797): 	at java.lang.reflect.Method.invoke(Method.java:515)
W/MessageQueue( 2797): 	at com.android.internal.os.ZygoteInit$MethodAndArgsCaller.run(ZygoteInit.java:1283)
W/MessageQueue( 2797): 	at com.android.internal.os.ZygoteInit.main(ZygoteInit.java:1099)
W/MessageQueue( 2797): 	at dalvik.system.NativeStart.main(Native Method)
E/Sensors ( 2441): Acc old sensor_state 1, new sensor_state : 0 en : 0
D/SensorManager( 2797): unregisterListener ::   
D/dalvikvm( 2959): GC_CONCURRENT freed 1158K, 61% free 11539K/28952K, paused 9ms+3ms, total 117ms
D/dalvikvm( 2901): GC_CONCURRENT freed 735K, 25% free 10247K/13608K, paused 3ms+13ms, total 69ms
D/dalvikvm( 6875): GC_CONCURRENT freed 1897K, 34% free 13547K/20336K, paused 2ms+20ms, total 121ms
I/wpa_supplicant( 4038): Scan requested (ret=0) - scan timeout 30 seconds
D/WifiController( 2441): SET_AP_BOOSTER_FLAG ignored due to state change
E/NetworkNotificationUI( 2826): onDataConnectionStateChanged-S:2
D/NetworkNotificationUI( 2826): mDataState = 2 mPrevDataState = 2
D/NetworkNotificationUI( 2826): mIsWifiConnected = false m3gwarningPopup = false
I/BootupListener( 2826): mPendingNetworkManualSelection : false
D/PhoneApp( 2826): mReceiver: ACTION_ANY_DATA_CONNECTION_STATE_CHANGED
D/FileWriteThread( 2826): FileWriteThread : threadType = 2
D/NotificationMgr( 2826): hideDataDisconnectedRoaming()...
D/StatusChecker( 7877): onReceive : android.intent.action.SERVICE_STATE
D/StatusChecker( 7877): Service state changed : 0
D/ContextualPageReceiver( 2851): mContextualPageReceiver: ACTION_SERVICE_STATE_CHANGED isRoaming : false
D/dalvikvm( 2797): GC_CONCURRENT freed 2388K, 51% free 14493K/29316K, paused 6ms+10ms, total 113ms
I/wpa_supplicant( 4038): nl80211: Received scan results (9 BSSes)
I/wpa_supplicant( 4038): wlan0: Setting scan request: 16 sec 0 usec
I/wpa_supplicant( 4038): wlan0: CTRL-EVENT-NO-CONNECTION
I/wpa_supplicant( 4038): wlan0: Setting scan request: 16 sec 0 usec
D/Tethering( 2441): interfaceLinkStateChanged wlan0, true
D/Tethering( 2441): interfaceStatusChanged wlan0, true
E/WifiStateMachine( 2441): Error! unhandled message{ when=-1ms what=135188 target=com.android.internal.util.StateMachine$SmHandler }
D/WifiController( 2441): SET_AP_BOOSTER_FLAG ignored due to state change
I/BootupListener( 2826): mPendingNetworkManualSelection : false
E/NetworkNotificationUI( 2826): onDataConnectionStateChanged-S:2
D/NetworkNotificationUI( 2826): mDataState = 2 mPrevDataState = 2
D/NetworkNotificationUI( 2826): mIsWifiConnected = false m3gwarningPopup = false
D/PhoneApp( 2826): mReceiver: ACTION_ANY_DATA_CONNECTION_STATE_CHANGED
D/FileWriteThread( 2826): FileWriteThread : threadType = 2
D/NotificationMgr( 2826): hideDataDisconnectedRoaming()...
D/ContextualPageReceiver( 2851): mContextualPageReceiver: ACTION_SERVICE_STATE_CHANGED isRoaming : false
D/dalvikvm( 2826): GC_CONCURRENT freed 433K, 21% free 8741K/11056K, paused 43ms+2ms, total 373ms
D/StatusChecker( 7877): onReceive : android.intent.action.SERVICE_STATE
D/StatusChecker( 7877): Service state changed : 0
D/KeyguardUpdateMonitor( 2660): received broadcast android.intent.action.BATTERY_CHANGED
D/KeyguardUpdateMonitor( 2660): handleBatteryUpdate
D/KeyguardUpdateMonitor( 2660): received broadcast android.intent.action.BATTERY_CHANGED
D/KeyguardUpdateMonitor( 2660): handleBatteryUpdate
D/KeyguardUpdateMonitor( 2660): received broadcast android.intent.action.TIME_TICK
D/KeyguardUpdateMonitor( 2660): handleTimeUpdate
I/SensorManagerA( 2797): getReportingMode :: sensor.mType = 6
E/Sensors ( 2441): Pressure old sensor_state 0, new sensor_state : 8 en : 1
D/SensorManager( 2797): registerListener :: 4, BMP182 Barometer Sensor, 0, 0,  
D/dalvikvm( 3789): GC_CONCURRENT freed 381K, 22% free 7783K/9964K, paused 3ms+3ms, total 112ms
I/wpa_supplicant( 4038): Scan requested (ret=0) - scan timeout 30 seconds
E/Sensors ( 2441): Pressure old sensor_state 8, new sensor_state : 0 en : 0
D/SensorManager( 2797): unregisterListener ::   
I/wpa_supplicant( 4038): nl80211: Received scan results (9 BSSes)
I/wpa_supplicant( 4038): wlan0: Setting scan request: 32 sec 0 usec
I/wpa_supplicant( 4038): wlan0: CTRL-EVENT-NO-CONNECTION
I/wpa_supplicant( 4038): wlan0: Setting scan request: 32 sec 0 usec
D/Tethering( 2441): interfaceLinkStateChanged wlan0, true
D/Tethering( 2441): interfaceStatusChanged wlan0, true
E/WifiStateMachine( 2441): Error! unhandled message{ when=-2ms what=135188 target=com.android.internal.util.StateMachine$SmHandler }
W/Places  ( 2797): Ignoring geofence alert, no matching place found for alert
I/GCoreUlr( 2797): Successfully inserted 1 locations
D/KeyguardUpdateMonitor( 2660): received broadcast android.intent.action.BATTERY_CHANGED
D/KeyguardUpdateMonitor( 2660): handleBatteryUpdate
D/KeyguardUpdateMonitor( 2660): received broadcast android.intent.action.TIME_TICK
D/KeyguardUpdateMonitor( 2660): handleTimeUpdate
D/KeyguardUpdateMonitor( 2660): received broadcast android.intent.action.BATTERY_CHANGED
D/KeyguardUpdateMonitor( 2660): handleBatteryUpdate
I/SensorManagerA( 2797): getReportingMode :: sensor.mType = 6
E/Sensors ( 2441): Pressure old sensor_state 0, new sensor_state : 8 en : 1
D/SensorManager( 2797): registerListener :: 4, BMP182 Barometer Sensor, 0, 0,  
I/SensorManagerA( 2797): getReportingMode :: sensor.mType = 1
E/Sensors ( 2441): Acc old sensor_state 8, new sensor_state : 9 en : 1
D/SensorManager( 2797): registerListener :: 0, LSM330DLC Acceleration Sensor, 20000, 0,  
E/Sensors ( 2441): Pressure old sensor_state 9, new sensor_state : 1 en : 0
D/SensorManager( 2797): unregisterListener ::   
E/Sensors ( 2441): Acc old sensor_state 1, new sensor_state : 0 en : 0
D/SensorManager( 2797): unregisterListener ::   
D/dalvikvm( 2441): GC_EXPLICIT freed 1227K, 37% free 34462K/54192K, paused 10ms+17ms, total 262ms
D/KeyguardUpdateMonitor( 2660): received broadcast android.intent.action.BATTERY_CHANGED
D/KeyguardUpdateMonitor( 2660): handleBatteryUpdate
D/WifiController( 2441): SET_AP_BOOSTER_FLAG ignored due to state change
D/ContextualPageReceiver( 2851): mContextualPageReceiver: ACTION_SERVICE_STATE_CHANGED isRoaming : false
I/BootupListener( 2826): mPendingNetworkManualSelection : false
E/NetworkNotificationUI( 2826): onDataConnectionStateChanged-S:2
D/NetworkNotificationUI( 2826): mDataState = 2 mPrevDataState = 2
D/NetworkNotificationUI( 2826): mIsWifiConnected = false m3gwarningPopup = false
D/PhoneApp( 2826): mReceiver: ACTION_ANY_DATA_CONNECTION_STATE_CHANGED
D/FileWriteThread( 2826): FileWriteThread : threadType = 2
D/NotificationMgr( 2826): hideDataDisconnectedRoaming()...
D/StatusChecker( 7877): onReceive : android.intent.action.SERVICE_STATE
D/StatusChecker( 7877): Service state changed : 0
I/wpa_supplicant( 4038): Scan requested (ret=0) - scan timeout 30 seconds
D/WifiController( 2441): SET_AP_BOOSTER_FLAG ignored due to state change
E/NetworkNotificationUI( 2826): onDataConnectionStateChanged-S:2
D/NetworkNotificationUI( 2826): mDataState = 2 mPrevDataState = 2
D/NetworkNotificationUI( 2826): mIsWifiConnected = false m3gwarningPopup = false
I/BootupListener( 2826): mPendingNetworkManualSelection : false
D/PhoneApp( 2826): mReceiver: ACTION_ANY_DATA_CONNECTION_STATE_CHANGED
D/FileWriteThread( 2826): FileWriteThread : threadType = 2
D/NotificationMgr( 2826): hideDataDisconnectedRoaming()...
D/StatusChecker( 7877): onReceive : android.intent.action.SERVICE_STATE
D/StatusChecker( 7877): Service state changed : 0
D/ContextualPageReceiver( 2851): mContextualPageReceiver: ACTION_SERVICE_STATE_CHANGED isRoaming : false
I/wpa_supplicant( 4038): nl80211: Received scan results (8 BSSes)
I/wpa_supplicant( 4038): wlan0: Setting scan request: 64 sec 0 usec
I/wpa_supplicant( 4038): wlan0: CTRL-EVENT-NO-CONNECTION
I/wpa_supplicant( 4038): wlan0: Setting scan request: 64 sec 0 usec
D/Tethering( 2441): interfaceLinkStateChanged wlan0, true
D/Tethering( 2441): interfaceStatusChanged wlan0, true
E/WifiStateMachine( 2441): Error! unhandled message{ when=0 what=135188 target=com.android.internal.util.StateMachine$SmHandler }
D/KeyguardUpdateMonitor( 2660): received broadcast android.intent.action.BATTERY_CHANGED
D/KeyguardUpdateMonitor( 2660): handleBatteryUpdate
D/KeyguardUpdateMonitor( 2660): received broadcast android.intent.action.BATTERY_CHANGED
D/KeyguardUpdateMonitor( 2660): handleBatteryUpdate
I/SensorManagerA( 2797): getReportingMode :: sensor.mType = 6
E/Sensors ( 2441): Pressure old sensor_state 0, new sensor_state : 8 en : 1
D/SensorManager( 2797): registerListener :: 4, BMP182 Barometer Sensor, 0, 0,  
D/KeyguardUpdateMonitor( 2660): received broadcast android.intent.action.TIME_TICK
D/KeyguardUpdateMonitor( 2660): handleTimeUpdate
I/GCoreUlr( 2797): WorldUpdater received intent Intent { act=com.google.android.location.reporting.ACTION_UPDATE_WORLD flg=0x4 cmp=com.google.android.gms/com.google.android.location.reporting.service.DispatchingService (has extras) } with receiverAction NO_RECEIVER_ACTION
E/EnterpriseContainerManager( 2441): ContainerPolicy Service is not yet ready!!!
D/EnterpriseDeviceManager( 2441): ContainerId: 0
I/GCoreUlr( 2797): WorldUpdater:NO_RECEIVER_ACTION: Ensuring that reporting is active for [account#1#]
I/GCoreUlr( 2797): Place inference reporting - stop
E/Sensors ( 2441): Pressure old sensor_state 8, new sensor_state : 0 en : 0
D/SensorManager( 2797): unregisterListener ::   
D/KeyguardUpdateMonitor( 2660): received broadcast android.intent.action.TIME_TICK
D/KeyguardUpdateMonitor( 2660): handleTimeUpdate
D/KeyguardUpdateMonitor( 2660): received broadcast android.intent.action.BATTERY_CHANGED
D/KeyguardUpdateMonitor( 2660): handleBatteryUpdate
D/BluetoothAdapter( 2797): 1117916048: getState() :  mService = null. Returning STATE_OFF
I/SensorManagerA( 2797): getReportingMode :: sensor.mType = 1
E/Sensors ( 2441): Acc old sensor_state 0, new sensor_state : 1 en : 1
D/SensorManager( 2797): registerListener :: 0, LSM330DLC Acceleration Sensor, 20000, 0,  
I/wpa_supplicant( 4038): wlan0: Setting scan request: 0 sec 0 usec
I/wpa_supplicant( 4038): Scan requested (ret=0) - scan timeout 30 seconds
E/Sensors ( 2441): Acc old sensor_state 1, new sensor_state : 0 en : 0
D/SensorManager( 2797): unregisterListener ::   
I/wpa_supplicant( 4038): nl80211: Received scan results (8 BSSes)
I/wpa_supplicant( 4038): wlan0: Setting scan request: 8 sec 0 usec
I/wpa_supplicant( 4038): wlan0: CTRL-EVENT-NO-CONNECTION
I/wpa_supplicant( 4038): wlan0: Setting scan request: 8 sec 0 usec
D/Tethering( 2441): interfaceLinkStateChanged wlan0, true
D/Tethering( 2441): interfaceStatusChanged wlan0, true
E/WifiStateMachine( 2441): Error! unhandled message{ when=-2ms what=135188 target=com.android.internal.util.StateMachine$SmHandler }
I/GCoreUlr( 2797): Successfully inserted 1 locations
I/GCoreUlr( 2797): Starting service, intent=Intent { act=com.google.android.location.reporting.UPLOAD cmp=com.google.android.gms/com.google.android.location.reporting.service.DispatchingService }, extras=null
I/GCoreUlr( 2797): LocationReporter sending 10 locations, 14 activities, and 3 metadata for account account#1# request #0; requests: []
D/dalvikvm( 2797): GC_CONCURRENT freed 2109K, 51% free 14617K/29316K, paused 4ms+6ms, total 110ms
D/WifiController( 2441): SET_AP_BOOSTER_FLAG ignored due to state change
E/NetworkNotificationUI( 2826): onDataConnectionStateChanged-S:2
D/NetworkNotificationUI( 2826): mDataState = 2 mPrevDataState = 2
D/NetworkNotificationUI( 2826): mIsWifiConnected = false m3gwarningPopup = false
I/BootupListener( 2826): mPendingNetworkManualSelection : false
D/PhoneApp( 2826): mReceiver: ACTION_ANY_DATA_CONNECTION_STATE_CHANGED
D/FileWriteThread( 2826): FileWriteThread : threadType = 2
D/NotificationMgr( 2826): hideDataDisconnectedRoaming()...
D/ContextualPageReceiver( 2851): mContextualPageReceiver: ACTION_SERVICE_STATE_CHANGED isRoaming : false
D/StatusChecker( 7877): onReceive : android.intent.action.SERVICE_STATE
D/StatusChecker( 7877): Service state changed : 0
I/GCoreUlr( 2797): Batch Location Update succeeded for account account#1#
E/cutils  ( 1949): Failed to mkdirat(/storage/extSdCard/Android): Read-only file system
W/ContextImpl( 2959): Failed to ensure directory: /storage/extSdCard/Android/data/com.google.android.apps.maps/files
E/cutils  ( 1949): Failed to mkdirat(/storage/extSdCard/Android): Read-only file system
W/ContextImpl( 2959): Failed to ensure directory: /storage/extSdCard/Android/data/com.google.android.apps.maps/files
I/wpa_supplicant( 4038): Scan requested (ret=0) - scan timeout 30 seconds
D/WifiController( 2441): SET_AP_BOOSTER_FLAG ignored due to state change
E/NetworkNotificationUI( 2826): onDataConnectionStateChanged-S:2
D/NetworkNotificationUI( 2826): mDataState = 2 mPrevDataState = 2
D/NetworkNotificationUI( 2826): mIsWifiConnected = false m3gwarningPopup = false
I/BootupListener( 2826): mPendingNetworkManualSelection : false
D/PhoneApp( 2826): mReceiver: ACTION_ANY_DATA_CONNECTION_STATE_CHANGED
D/FileWriteThread( 2826): FileWriteThread : threadType = 2
D/NotificationMgr( 2826): hideDataDisconnectedRoaming()...
D/ContextualPageReceiver( 2851): mContextualPageReceiver: ACTION_SERVICE_STATE_CHANGED isRoaming : false
D/StatusChecker( 7877): onReceive : android.intent.action.SERVICE_STATE
D/StatusChecker( 7877): Service state changed : 0
I/wpa_supplicant( 4038): nl80211: Received scan results (9 BSSes)
I/wpa_supplicant( 4038): wlan0: Setting scan request: 16 sec 0 usec
I/wpa_supplicant( 4038): wlan0: CTRL-EVENT-NO-CONNECTION
I/wpa_supplicant( 4038): wlan0: Setting scan request: 16 sec 0 usec
D/Tethering( 2441): interfaceLinkStateChanged wlan0, true
D/Tethering( 2441): interfaceStatusChanged wlan0, true
D/KeyguardUpdateMonitor( 2660): received broadcast android.intent.action.BATTERY_CHANGED
D/KeyguardUpdateMonitor( 2660): handleBatteryUpdate
E/WifiStateMachine( 2441): Error! unhandled message{ when=0 what=135188 target=com.android.internal.util.StateMachine$SmHandler }
D/KeyguardUpdateMonitor( 2660): received broadcast android.intent.action.BATTERY_CHANGED
D/KeyguardUpdateMonitor( 2660): handleBatteryUpdate
I/SensorManagerA( 2797): getReportingMode :: sensor.mType = 6
E/Sensors ( 2441): Pressure old sensor_state 0, new sensor_state : 8 en : 1
D/KeyguardUpdateMonitor( 2660): received broadcast android.intent.action.TIME_TICK
D/KeyguardUpdateMonitor( 2660): handleTimeUpdate
D/SensorManager( 2797): registerListener :: 4, BMP182 Barometer Sensor, 0, 0,  
E/Sensors ( 2441): Pressure old sensor_state 8, new sensor_state : 0 en : 0
D/SensorManager( 2797): unregisterListener ::   
D/KeyguardUpdateMonitor( 2660): received broadcast android.intent.action.BATTERY_CHANGED
D/KeyguardUpdateMonitor( 2660): handleBatteryUpdate
D/WifiController( 2441): SET_AP_BOOSTER_FLAG ignored due to state change
I/BootupListener( 2826): mPendingNetworkManualSelection : false
E/NetworkNotificationUI( 2826): onDataConnectionStateChanged-S:2
D/NetworkNotificationUI( 2826): mDataState = 2 mPrevDataState = 2
D/NetworkNotificationUI( 2826): mIsWifiConnected = false m3gwarningPopup = false
D/PhoneApp( 2826): mReceiver: ACTION_ANY_DATA_CONNECTION_STATE_CHANGED
D/FileWriteThread( 2826): FileWriteThread : threadType = 2
D/NotificationMgr( 2826): hideDataDisconnectedRoaming()...
D/ContextualPageReceiver( 2851): mContextualPageReceiver: ACTION_SERVICE_STATE_CHANGED isRoaming : false
D/StatusChecker( 7877): onReceive : android.intent.action.SERVICE_STATE
D/StatusChecker( 7877): Service state changed : 0
I/wpa_supplicant( 4038): Scan requested (ret=0) - scan timeout 30 seconds
D/WifiController( 2441): SET_AP_BOOSTER_FLAG ignored due to state change
E/NetworkNotificationUI( 2826): onDataConnectionStateChanged-S:2
D/NetworkNotificationUI( 2826): mDataState = 2 mPrevDataState = 2
D/NetworkNotificationUI( 2826): mIsWifiConnected = false m3gwarningPopup = false
I/BootupListener( 2826): mPendingNetworkManualSelection : false
D/PhoneApp( 2826): mReceiver: ACTION_ANY_DATA_CONNECTION_STATE_CHANGED
D/FileWriteThread( 2826): FileWriteThread : threadType = 2
D/NotificationMgr( 2826): hideDataDisconnectedRoaming()...
D/StatusChecker( 7877): onReceive : android.intent.action.SERVICE_STATE
D/StatusChecker( 7877): Service state changed : 0
D/ContextualPageReceiver( 2851): mContextualPageReceiver: ACTION_SERVICE_STATE_CHANGED isRoaming : false
I/wpa_supplicant( 4038): nl80211: Received scan results (10 BSSes)
I/wpa_supplicant( 4038): wlan0: Setting scan request: 32 sec 0 usec
I/wpa_supplicant( 4038): wlan0: CTRL-EVENT-NO-CONNECTION
I/wpa_supplicant( 4038): wlan0: Setting scan request: 32 sec 0 usec
D/Tethering( 2441): interfaceLinkStateChanged wlan0, true
D/Tethering( 2441): interfaceStatusChanged wlan0, true
E/WifiStateMachine( 2441): Error! unhandled message{ when=0 what=135188 target=com.android.internal.util.StateMachine$SmHandler }
D/KeyguardUpdateMonitor( 2660): received broadcast android.intent.action.BATTERY_CHANGED
D/KeyguardUpdateMonitor( 2660): handleBatteryUpdate
D/KeyguardUpdateMonitor( 2660): received broadcast android.intent.action.BATTERY_CHANGED
D/KeyguardUpdateMonitor( 2660): handleBatteryUpdate
W/Finsky  ( 4156): [1] com.google.android.finsky.d.u.a(42): No LoggingContext in the bundle, which breaks event chain!. Creating a new logging context.
I/Finsky  ( 4156): [1] com.google.android.finsky.autoupdate.ReschedulerUsingAlarmManager$CheckWifiAndAutoUpdate.onStartCommand(7): Checking wifi: disabled, will check wifi again later.
I/Finsky  ( 4156): [1] com.google.android.finsky.autoupdate.ReschedulerUsingAlarmManager.b(24): Scheduling recheck in 3600000 MS
D/KeyguardUpdateMonitor( 2660): received broadcast android.intent.action.TIME_TICK
D/KeyguardUpdateMonitor( 2660): handleTimeUpdate
I/SensorManagerA( 2797): getReportingMode :: sensor.mType = 6
